Component: ARM Compiler 5.06 update 7 (build 960) Tool: armlink [4d3601]

==============================================================================

Section Cross References

    startup_stm32f446xx.o(STACK) refers (Special) to heapauxi.o(.text) for __use_two_region_memory
    startup_stm32f446xx.o(HEAP) refers (Special) to heapauxi.o(.text) for __use_two_region_memory
    startup_stm32f446xx.o(RESET) refers (Special) to heapauxi.o(.text) for __use_two_region_memory
    startup_stm32f446xx.o(RESET) refers to startup_stm32f446xx.o(STACK) for __initial_sp
    startup_stm32f446xx.o(RESET) refers to startup_stm32f446xx.o(.text) for Reset_Handler
    startup_stm32f446xx.o(RESET) refers to stm32f4xx_it.o(i.NMI_Handler) for NMI_Handler
    startup_stm32f446xx.o(RESET) refers to stm32f4xx_it.o(i.HardFault_Handler) for HardFault_Handler
    startup_stm32f446xx.o(RESET) refers to stm32f4xx_it.o(i.MemManage_Handler) for MemManage_Handler
    startup_stm32f446xx.o(RESET) refers to stm32f4xx_it.o(i.BusFault_Handler) for BusFault_Handler
    startup_stm32f446xx.o(RESET) refers to stm32f4xx_it.o(i.UsageFault_Handler) for UsageFault_Handler
    startup_stm32f446xx.o(RESET) refers to port.o(.emb_text) for SVC_Handler
    startup_stm32f446xx.o(RESET) refers to stm32f4xx_it.o(i.DebugMon_Handler) for DebugMon_Handler
    startup_stm32f446xx.o(RESET) refers to port.o(i.SysTick_Handler) for SysTick_Handler
    startup_stm32f446xx.o(RESET) refers to stm32f4xx_it.o(i.CAN1_RX0_IRQHandler) for CAN1_RX0_IRQHandler
    startup_stm32f446xx.o(RESET) refers to stm32f4xx_it.o(i.CAN1_RX1_IRQHandler) for CAN1_RX1_IRQHandler
    startup_stm32f446xx.o(RESET) refers to stm32f4xx_it.o(i.TIM1_UP_TIM10_IRQHandler) for TIM1_UP_TIM10_IRQHandler
    startup_stm32f446xx.o(RESET) refers to stm32f4xx_it.o(i.I2C1_EV_IRQHandler) for I2C1_EV_IRQHandler
    startup_stm32f446xx.o(RESET) refers to stm32f4xx_it.o(i.I2C1_ER_IRQHandler) for I2C1_ER_IRQHandler
    startup_stm32f446xx.o(RESET) refers to stm32f4xx_it.o(i.TIM8_TRG_COM_TIM14_IRQHandler) for TIM8_TRG_COM_TIM14_IRQHandler
    startup_stm32f446xx.o(RESET) refers to stm32f4xx_it.o(i.UART4_IRQHandler) for UART4_IRQHandler
    startup_stm32f446xx.o(RESET) refers to stm32f4xx_it.o(i.UART5_IRQHandler) for UART5_IRQHandler
    startup_stm32f446xx.o(RESET) refers to stm32f4xx_it.o(i.CAN2_RX0_IRQHandler) for CAN2_RX0_IRQHandler
    startup_stm32f446xx.o(RESET) refers to stm32f4xx_it.o(i.CAN2_RX1_IRQHandler) for CAN2_RX1_IRQHandler
    startup_stm32f446xx.o(.text) refers (Special) to heapauxi.o(.text) for __use_two_region_memory
    startup_stm32f446xx.o(.text) refers to system_stm32f4xx.o(i.SystemInit) for SystemInit
    startup_stm32f446xx.o(.text) refers to __main.o(!!!main) for __main
    startup_stm32f446xx.o(.text) refers to startup_stm32f446xx.o(HEAP) for Heap_Mem
    startup_stm32f446xx.o(.text) refers to startup_stm32f446xx.o(STACK) for Stack_Mem
    main.o(i.Absolute_Position_Reception) refers to main.o(.bss) for Absolute_Position
    main.o(i.Absolute_Position_Reception) refers to main.o(.data) for RxData2
    main.o(i.Battery_Status_Indication) refers to stm32f4xx_hal_gpio.o(i.HAL_GPIO_ReadPin) for HAL_GPIO_ReadPin
    main.o(i.Battery_Status_Indication) refers to stm32f4xx_hal_uart.o(i.HAL_UART_Transmit_IT) for HAL_UART_Transmit_IT
    main.o(i.Battery_Status_Indication) refers to main.o(.data) for BT_State
    main.o(i.Battery_Status_Indication) refers to main.o(.bss) for huart5
    main.o(i.CAN_Reception) refers to main.o(.data) for RxData2
    main.o(i.CAN_Transmit) refers to rt_memcpy_v6.o(.text) for __aeabi_memcpy
    main.o(i.CAN_Transmit) refers to stm32f4xx_hal_can.o(i.HAL_CAN_AddTxMessage) for HAL_CAN_AddTxMessage
    main.o(i.CAN_Transmit) refers to main.o(.bss) for TxHeader
    main.o(i.CAN_Transmit) refers to main.o(.data) for TxData
    main.o(i.Clear_Error) refers to stm32f4xx_hal_can.o(i.HAL_CAN_AddTxMessage) for HAL_CAN_AddTxMessage
    main.o(i.Clear_Error) refers to main.o(.bss) for TxHeader
    main.o(i.Clear_Error) refers to main.o(.data) for TxMailbox
    main.o(i.Contour_PID) refers to f2d.o(x$fpl$f2d) for __aeabi_f2d
    main.o(i.Contour_PID) refers to ddiv.o(x$fpl$ddiv) for __aeabi_ddiv
    main.o(i.Contour_PID) refers to d2f.o(x$fpl$d2f) for __aeabi_d2f
    main.o(i.Contour_PID) refers to dmul.o(x$fpl$dmul) for __aeabi_dmul
    main.o(i.Contour_PID) refers to daddsub_clz.o(x$fpl$dadd) for __aeabi_dadd
    main.o(i.Contour_PID) refers to main.o(.data) for C_Prev_Error
    main.o(i.Differintial_Angle) refers to ddiv.o(x$fpl$ddiv) for __aeabi_ddiv
    main.o(i.Differintial_Angle) refers to dmul.o(x$fpl$dmul) for __aeabi_dmul
    main.o(i.Differintial_Angle) refers to tan.o(i.__hardfp_tan) for __hardfp_tan
    main.o(i.Differintial_Angle) refers to dflt_clz.o(x$fpl$dflt) for __aeabi_i2d
    main.o(i.Differintial_Angle) refers to daddsub_clz.o(x$fpl$dadd) for __aeabi_dadd
    main.o(i.Differintial_Angle) refers to atan.o(i.__hardfp_atan) for __hardfp_atan
[...]
    HAL_CAN_RxFifo1FullCallback              0x08001cd5   Thumb Code     2  stm32f4xx_hal_can.o(i.HAL_CAN_RxFifo1FullCallback)
    HAL_CAN_RxFifo1MsgPendingCallback        0x08001cd9   Thumb Code   278  main.o(i.HAL_CAN_RxFifo1MsgPendingCallback)
    HAL_CAN_SleepCallback                    0x08001e1d   Thumb Code     2  stm32f4xx_hal_can.o(i.HAL_CAN_SleepCallback)
    HAL_CAN_Start                            0x08001e1f   Thumb Code    94  stm32f4xx_hal_can.o(i.HAL_CAN_Start)
    HAL_CAN_TxMailbox0AbortCallback          0x08001e7d   Thumb Code     2  stm32f4xx_hal_can.o(i.HAL_CAN_TxMailbox0AbortCallback)
    HAL_CAN_TxMailbox0CompleteCallback       0x08001e7f   Thumb Code     2  stm32f4xx_hal_can.o(i.HAL_CAN_TxMailbox0CompleteCallback)
    HAL_CAN_TxMailbox1AbortCallback          0x08001e81   Thumb Code     2  stm32f4xx_hal_can.o(i.HAL_CAN_TxMailbox1AbortCallback)
    HAL_CAN_TxMailbox1CompleteCallback       0x08001e83   Thumb Code     2  stm32f4xx_hal_can.o(i.HAL_CAN_TxMailbox1CompleteCallback)
    HAL_CAN_TxMailbox2AbortCallback          0x08001e85   Thumb Code     2  stm32f4xx_hal_can.o(i.HAL_CAN_TxMailbox2AbortCallback)
    HAL_CAN_TxMailbox2CompleteCallback       0x08001e87   Thumb Code     2  stm32f4xx_hal_can.o(i.HAL_CAN_TxMailbox2CompleteCallback)
    HAL_CAN_WakeUpFromRxMsgCallback          0x08001e89   Thumb Code     2  stm32f4xx_hal_can.o(i.HAL_CAN_WakeUpFromRxMsgCallback)
    HAL_DMA_Abort                            0x08001e8b   Thumb Code   172  stm32f4xx_hal_dma.o(i.HAL_DMA_Abort)
    HAL_DMA_Abort_IT                         0x08001f37   Thumb Code    40  stm32f4xx_hal_dma.o(i.HAL_DMA_Abort_IT)
    HAL_DMA_GetState                         0x08001f5f   Thumb Code     8  stm32f4xx_hal_dma.o(i.HAL_DMA_GetState)
    HAL_Delay                                0x08001f69   Thumb Code    36  stm32f4xx_hal.o(i.HAL_Delay)
    HAL_GPIO_Init                            0x08001f91   Thumb Code   444  stm32f4xx_hal_gpio.o(i.HAL_GPIO_Init)
    HAL_GPIO_ReadPin                         0x08002175   Thumb Code    16  stm32f4xx_hal_gpio.o(i.HAL_GPIO_ReadPin)
    HAL_GPIO_WritePin                        0x08002185   Thumb Code    12  stm32f4xx_hal_gpio.o(i.HAL_GPIO_WritePin)
    HAL_GetTick                              0x08002191   Thumb Code     6  stm32f4xx_hal.o(i.HAL_GetTick)
    HAL_I2C_AbortCpltCallback                0x0800219d   Thumb Code     2  stm32f4xx_hal_i2c.o(i.HAL_I2C_AbortCpltCallback)
    HAL_I2C_AddrCallback                     0x0800219f   Thumb Code     2  stm32f4xx_hal_i2c.o(i.HAL_I2C_AddrCallback)
    HAL_I2C_ER_IRQHandler                    0x080021a1   Thumb Code   212  stm32f4xx_hal_i2c.o(i.HAL_I2C_ER_IRQHandler)
    HAL_I2C_EV_IRQHandler                    0x08002275   Thumb Code   474  stm32f4xx_hal_i2c.o(i.HAL_I2C_EV_IRQHandler)
    HAL_I2C_ErrorCallback                    0x0800244f   Thumb Code     2  stm32f4xx_hal_i2c.o(i.HAL_I2C_ErrorCallback)
    HAL_I2C_Init                             0x08002451   Thumb Code   446  stm32f4xx_hal_i2c.o(i.HAL_I2C_Init)
    HAL_I2C_ListenCpltCallback               0x08002621   Thumb Code     2  stm32f4xx_hal_i2c.o(i.HAL_I2C_ListenCpltCallback)
    HAL_I2C_MasterRxCpltCallback             0x08002623   Thumb Code     2  stm32f4xx_hal_i2c.o(i.HAL_I2C_MasterRxCpltCallback)
    HAL_I2C_MasterTxCpltCallback             0x08002625   Thumb Code     2  stm32f4xx_hal_i2c.o(i.HAL_I2C_MasterTxCpltCallback)
    HAL_I2C_MemRxCpltCallback                0x08002627   Thumb Code     2  stm32f4xx_hal_i2c.o(i.HAL_I2C_MemRxCpltCallback)
    HAL_I2C_MemTxCpltCallback                0x08002629   Thumb Code     2  stm32f4xx_hal_i2c.o(i.HAL_I2C_MemTxCpltCallback)
    HAL_I2C_Mem_Read                         0x0800262d   Thumb Code   762  stm32f4xx_hal_i2c.o(i.HAL_I2C_Mem_Read)
    HAL_I2C_Mem_Write                        0x08002935   Thumb Code   348  stm32f4xx_hal_i2c.o(i.HAL_I2C_Mem_Write)
    HAL_I2C_MspInit                          0x08002a99   Thumb Code   154  stm32f4xx_hal_msp.o(i.HAL_I2C_MspInit)
    HAL_I2C_SlaveRxCpltCallback              0x08002b41   Thumb Code     2  stm32f4xx_hal_i2c.o(i.HAL_I2C_SlaveRxCpltCallback)
    HAL_I2C_SlaveTxCpltCallback              0x08002b43   Thumb Code     2  stm32f4xx_hal_i2c.o(i.HAL_I2C_SlaveTxCpltCallback)
    HAL_IncTick                              0x08002b45   Thumb Code    16  stm32f4xx_hal.o(i.HAL_IncTick)
    HAL_Init                                 0x08002b5d   Thumb Code    54  stm32f4xx_hal.o(i.HAL_Init)
    HAL_InitTick                             0x08002b99   Thumb Code   140  stm32f4xx_hal_timebase_tim.o(i.HAL_InitTick)
    HAL_MspInit                              0x08002c39   Thumb Code    78  stm32f4xx_hal_msp.o(i.HAL_MspInit)
    HAL_NVIC_EnableIRQ                       0x08002c8d   Thumb Code    40  stm32f4xx_hal_cortex.o(i.HAL_NVIC_EnableIRQ)
    HAL_NVIC_SetPriority                     0x08002cb5   Thumb Code   124  stm32f4xx_hal_cortex.o(i.HAL_NVIC_SetPriority)
    HAL_NVIC_SetPriorityGrouping             0x08002d31   Thumb Code    32  stm32f4xx_hal_cortex.o(i.HAL_NVIC_SetPriorityGrouping)
    HAL_PWREx_EnableOverDrive                0x08002d59   Thumb Code   128  stm32f4xx_hal_pwr_ex.o(i.HAL_PWREx_EnableOverDrive)
    HAL_RCC_ClockConfig                      0x08002de5   Thumb Code   368  stm32f4xx_hal_rcc.o(i.HAL_RCC_ClockConfig)
    HAL_RCC_GetClockConfig                   0x08002f69   Thumb Code    58  stm32f4xx_hal_rcc.o(i.HAL_RCC_GetClockConfig)
    HAL_RCC_GetHCLKFreq                      0x08002fad   Thumb Code     6  stm32f4xx_hal_rcc.o(i.HAL_RCC_GetHCLKFreq)
    HAL_RCC_GetPCLK1Freq                     0x08002fb9   Thumb Code    22  stm32f4xx_hal_rcc.o(i.HAL_RCC_GetPCLK1Freq)
    HAL_RCC_GetPCLK2Freq                     0x08002fd9   Thumb Code    22  stm32f4xx_hal_rcc.o(i.HAL_RCC_GetPCLK2Freq)
    HAL_RCC_GetSysClockFreq                  0x08002ff9   Thumb Code   266  stm32f4xx_hal_rcc_ex.o(i.HAL_RCC_GetSysClockFreq)
    HAL_RCC_OscConfig                        0x08003111   Thumb Code  1246  stm32f4xx_hal_rcc_ex.o(i.HAL_RCC_OscConfig)
    HAL_TIMEx_BreakCallback                  0x080035f9   Thumb Code     2  stm32f4xx_hal_tim_ex.o(i.HAL_TIMEx_BreakCallback)
    HAL_TIMEx_CommutCallback                 0x080035fb   Thumb Code     2  stm32f4xx_hal_tim_ex.o(i.HAL_TIMEx_CommutCallback)
    HAL_TIM_Base_Init                        0x080035fd   Thumb Code   102  stm32f4xx_hal_tim.o(i.HAL_TIM_Base_Init)
    HAL_TIM_Base_MspInit                     0x08003665   Thumb Code    62  stm32f4xx_hal_msp.o(i.HAL_TIM_Base_MspInit)
    HAL_TIM_Base_Start_IT                    0x080036ad   Thumb Code   138  stm32f4xx_hal_tim.o(i.HAL_TIM_Base_Start_IT)
    HAL_TIM_IC_CaptureCallback               0x08003755   Thumb Code     2  stm32f4xx_hal_tim.o(i.HAL_TIM_IC_CaptureCallback)
    HAL_TIM_IRQHandler                       0x08003757   Thumb Code   364  stm32f4xx_hal_tim.o(i.HAL_TIM_IRQHandler)
    HAL_TIM_OC_DelayElapsedCallback          0x080038c3   Thumb Code     2  stm32f4xx_hal_tim.o(i.HAL_TIM_OC_DelayElapsedCallback)
    HAL_TIM_PWM_PulseFinishedCallback        0x080038c5   Thumb Code     2  stm32f4xx_hal_tim.o(i.HAL_TIM_PWM_PulseFinishedCallback)
    HAL_TIM_PeriodElapsedCallback            0x080038c9   Thumb Code    18  main.o(i.HAL_TIM_PeriodElapsedCallback)
    HAL_TIM_TriggerCallback                  0x080038e1   Thumb Code     2  stm32f4xx_hal_tim.o(i.HAL_TIM_TriggerCallback)
    HAL_UARTEx_RxEventCallback               0x080038e3   Thumb Code     2  stm32f4xx_hal_uart.o(i.HAL_UARTEx_RxEventCallback)
    HAL_UART_ErrorCallback                   0x080038e5   Thumb Code     2  stm32f4xx_hal_uart.o(i.HAL_UART_ErrorCallback)
    HAL_UART_IRQHandler                      0x080038e9   Thumb Code   740  stm32f4xx_hal_uart.o(i.HAL_UART_IRQHandler)
    HAL_UART_Init                            0x08003bd1   Thumb Code   118  stm32f4xx_hal_uart.o(i.HAL_UART_Init)
    HAL_UART_MspInit                         0x08003c49   Thumb Code   318  stm32f4xx_hal_msp.o(i.HAL_UART_MspInit)
    HAL_UART_Receive_IT                      0x08003da1   Thumb Code    44  stm32f4xx_hal_uart.o(i.HAL_UART_Receive_IT)
    HAL_UART_RxCpltCallback                  0x08003dcd   Thumb Code    26  main.o(i.HAL_UART_RxCpltCallback)
    HAL_UART_TxCpltCallback                  0x08003df5   Thumb Code     2  stm32f4xx_hal_uart.o(i.HAL_UART_TxCpltCallback)
    HardFault_Handler                        0x08003df7   Thumb Code     4  stm32f4xx_it.o(i.HardFault_Handler)
    Heal_Error                               0x08003dfd   Thumb Code    80  main.o(i.Heal_Error)
    I2C1_ER_IRQHandler                       0x08003e59   Thumb Code    10  stm32f4xx_it.o(i.I2C1_ER_IRQHandler)
    I2C1_EV_IRQHandler                       0x08003e69   Thumb Code    10  stm32f4xx_it.o(i.I2C1_EV_IRQHandler)
    Joystick_Reception                       0x08005235   Thumb Code   136  main.o(i.Joystick_Reception)
    KMPHtoRPS                                0x080052e5   Thumb Code    62  main.o(i.KMPHtoRPS)
    MemManage_Handler                        0x0800562d   Thumb Code     4  stm32f4xx_it.o(i.MemManage_Handler)
    NMI_Handler                              0x08005631   Thumb Code     4  stm32f4xx_it.o(i.NMI_Handler)
    New_Drive_Controls                       0x08005635   Thumb Code  1278  main.o(i.New_Drive_Controls)
    New_Sensor_Pos                           0x08005b41   Thumb Code   176  main.o(i.New_Sensor_Pos)
    Read_EEPROM_Data                         0x08005c11   Thumb Code   352  main.o(i.Read_EEPROM_Data)
    Reboot                                   0x08005d95   Thumb Code    36  main.o(i.Reboot)
    Set_Motor_Torque                         0x08005dc9   Thumb Code    58  main.o(i.Set_Motor_Torque)
    Set_Motor_Velocity                       0x08005e03   Thumb Code    58  main.o(i.Set_Motor_Velocity)
    Start_Calibration_For                    0x08005e3d   Thumb Code    50  main.o(i.Start_Calibration_For)
    Steering_Controls                        0x08005e81   Thumb Code  4898  main.o(i.Steering_Controls)
    Stop_Motors                              0x080071e1   Thumb Code    76  main.o(i.Stop_Motors)
    SysTick_Handler                          0x08007241   Thumb Code    46  port.o(i.SysTick_Handler)
    SystemClock_Config                       0x08007275   Thumb Code   180  main.o(i.SystemClock_Config)
    SystemInit                               0x08007331   Thumb Code    14  system_stm32f4xx.o(i.SystemInit)
    TIM1_UP_TIM10_IRQHandler                 0x08007345   Thumb Code    10  stm32f4xx_it.o(i.TIM1_UP_TIM10_IRQHandler)
    TIM8_TRG_COM_TIM14_IRQHandler            0x08007355   Thumb Code    10  stm32f4xx_it.o(i.TIM8_TRG_COM_TIM14_IRQHandler)
    TIM_Base_SetConfig                       0x08007365   Thumb Code   186  stm32f4xx_hal_tim.o(i.TIM_Base_SetConfig)
    Transmit_Motor_Torque                    0x0800744d   Thumb Code   214  main.o(i.Transmit_Motor_Torque)
    UART4_IRQHandler                         0x08007545   Thumb Code    10  stm32f4xx_it.o(i.UART4_IRQHandler)
    UART5_IRQHandler                         0x08007555   Thumb Code    10  stm32f4xx_it.o(i.UART5_IRQHandler)
    UART_Start_Receive_IT                    0x0800792d   Thumb Code    64  stm32f4xx_hal_uart.o(i.UART_Start_Receive_IT)
    Update_Array                             0x080079cd   Thumb Code    48  main.o(i.Update_Array)
    UsageFault_Handler                       0x08007a01   Thumb Code     4  stm32f4xx_it.o(i.UsageFault_Handler)
    Wheel_Speeds_Calc                        0x08007a05   Thumb Code   578  main.o(i.Wheel_Speeds_Calc)
    __ARM_fpclassify                         0x08007c9d   Thumb Code    48  fpclassify.o(i.__ARM_fpclassify)
    __hardfp_atan                            0x08007d09   Thumb Code   622  atan.o(i.__hardfp_atan)
    __hardfp_fabs                            0x08007fe1   Thumb Code    20  fabs.o(i.__hardfp_fabs)
    __hardfp_log                             0x08007ff9   Thumb Code   872  log.o(i.__hardfp_log)
    __hardfp_sin                             0x080083c1   Thumb Code   180  sin.o(i.__hardfp_sin)
    __hardfp_tan                             0x08008489   Thumb Code   108  tan.o(i.__hardfp_tan)
    __ieee754_rem_pio2                       0x08008509   Thumb Code   938  rred.o(i.__ieee754_rem_pio2)
    __kernel_cos                             0x08008941   Thumb Code   322  cos_i.o(i.__kernel_cos)
    __kernel_poly                            0x08008ab1   Thumb Code   248  poly.o(i.__kernel_poly)
    __kernel_sin                             0x08008ba9   Thumb Code   280  sin_i.o(i.__kernel_sin)
    __kernel_tan                             0x08008cd9   Thumb Code   764  tan_i.o(i.__kernel_tan)
    __mathlib_dbl_divzero                    0x08009029   Thumb Code    28  dunder.o(i.__mathlib_dbl_divzero)
    __mathlib_dbl_infnan                     0x08009059   Thumb Code    20  dunder.o(i.__mathlib_dbl_infnan)
    __mathlib_dbl_invalid                    0x08009071   Thumb Code    24  dunder.o(i.__mathlib_dbl_invalid)
    __mathlib_dbl_underflow                  0x08009091   Thumb Code    24  dunder.o(i.__mathlib_dbl_underflow)
    bytestowrite                             0x080090b1   Thumb Code    20  eeprom.o(i.bytestowrite)
    fabs                                     0x080090c5   Thumb Code    24  fabs.o(i.fabs)
    main                                     0x080090dd   Thumb Code   282  main.o(i.main)
    osKernelStart                            0x0800922d   Thumb Code    10  cmsis_os.o(i.osKernelStart)
    pxPortInitialiseStack                    0x080095a5   Thumb Code    38  port.o(i.pxPortInitialiseStack)
    uxListRemove                             0x080095d1   Thumb Code    40  list.o(i.uxListRemove)
    vApplicationGetIdleTaskMemory            0x080095f9   Thumb Code    14  freertos.o(i.vApplicationGetIdleTaskMemory)
    vListInitialise                          0x08009611   Thumb Code    26  list.o(i.vListInitialise)
    vListInitialiseItem                      0x0800962b   Thumb Code     6  list.o(i.vListInitialiseItem)
    vListInsertEnd                           0x08009631   Thumb Code    24  list.o(i.vListInsertEnd)
    vPortEnterCritical                       0x08009649   Thumb Code    76  port.o(i.vPortEnterCritical)
    vPortExitCritical                        0x0800969d   Thumb Code    56  port.o(i.vPortExitCritical)
    vPortFree                                0x080096d9   Thumb Code   150  heap_4.o(i.vPortFree)
    vPortSetupTimerInterrupt                 0x0800977d   Thumb Code    36  port.o(i.vPortSetupTimerInterrupt)
    vTaskStartScheduler                      0x080097a5   Thumb Code   146  tasks.o(i.vTaskStartScheduler)
    vTaskSuspendAll                          0x08009855   Thumb Code    12  tasks.o(i.vTaskSuspendAll)
    vTaskSwitchContext                       0x08009865   Thumb Code   118  tasks.o(i.vTaskSwitchContext)
    xPortStartScheduler                      0x080098f1   Thumb Code   330  port.o(i.xPortStartScheduler)
    xTaskCreateStatic                        0x08009a59   Thumb Code   186  tasks.o(i.xTaskCreateStatic)
    xTaskIncrementTick                       0x08009b15   Thumb Code   282  tasks.o(i.xTaskIncrementTick)
    xTaskResumeAll                           0x08009c5d   Thumb Code   224  tasks.o(i.xTaskResumeAll)
    __aeabi_dneg                             0x08009d61   Thumb Code     0  basic.o(x$fpl$basic)
    _dneg                                    0x08009d61   Thumb Code     6  basic.o(x$fpl$basic)
    __aeabi_fneg                             0x08009d67   Thumb Code     0  basic.o(x$fpl$basic)
    _fneg                                    0x08009d67   Thumb Code     6  basic.o(x$fpl$basic)
    _dabs                                    0x08009d6d   Thumb Code     6  basic.o(x$fpl$basic)
    _fabs                                    0x08009d73   Thumb Code     6  basic.o(x$fpl$basic)
    __aeabi_d2f                              0x08009d79   Thumb Code     0  d2f.o(x$fpl$d2f)
    _d2f                                     0x08009d79   Thumb Code    98  d2f.o(x$fpl$d2f)
    __aeabi_dadd                             0x08009ddd   Thumb Code     0  daddsub_clz.o(x$fpl$dadd)
    _dadd                                    0x08009ddd   Thumb Code   332  daddsub_clz.o(x$fpl$dadd)
    __fpl_dcmp_Inf                           0x08009f2d   Thumb Code    24  dcmpi.o(x$fpl$dcmpinf)
    __aeabi_ddiv                             0x08009f45   Thumb Code     0  ddiv.o(x$fpl$ddiv)
    _ddiv                                    0x08009f45   Thumb Code   552  ddiv.o(x$fpl$ddiv)
    __aeabi_cdcmpeq                          0x0800a1f5   Thumb Code     0  deqf.o(x$fpl$deqf)
    _dcmpeq                                  0x0800a1f5   Thumb Code   120  deqf.o(x$fpl$deqf)
    __aeabi_d2iz                             0x0800a26d   Thumb Code     0  dfix.o(x$fpl$dfix)
    _dfix                                    0x0800a26d   Thumb Code    94  dfix.o(x$fpl$dfix)
    __aeabi_i2d                              0x0800a2cb   Thumb Code     0  dflt_clz.o(x$fpl$dflt)
    _dflt                                    0x0800a2cb   Thumb Code    46  dflt_clz.o(x$fpl$dflt)
    __aeabi_ui2d                             0x0800a2f9   Thumb Code     0  dflt_clz.o(x$fpl$dfltu)
    _dfltu                                   0x0800a2f9   Thumb Code    38  dflt_clz.o(x$fpl$dfltu)
    __aeabi_cdcmple                          0x0800a321   Thumb Code     0  dleqf.o(x$fpl$dleqf)
    _dcmple                                  0x0800a321   Thumb Code   120  dleqf.o(x$fpl$dleqf)
    __fpl_dcmple_InfNaN                      0x0800a383   Thumb Code     0  dleqf.o(x$fpl$dleqf)
    __aeabi_dmul                             0x0800a399   Thumb Code     0  dmul.o(x$fpl$dmul)
    _dmul                                    0x0800a399   Thumb Code   332  dmul.o(x$fpl$dmul)
    __fpl_dnaninf                            0x0800a4ed   Thumb Code   156  dnaninf.o(x$fpl$dnaninf)
    __fpl_dretinf                            0x0800a589   Thumb Code    12  dretinf.o(x$fpl$dretinf)
    __aeabi_cdrcmple                         0x0800a595   Thumb Code     0  drleqf.o(x$fpl$drleqf)
    _drcmple                                 0x0800a595   Thumb Code   108  drleqf.o(x$fpl$drleqf)
    __aeabi_drsub                            0x0800a601   Thumb Code     0  daddsub_clz.o(x$fpl$drsb)
    _drsb                                    0x0800a601   Thumb Code    22  daddsub_clz.o(x$fpl$drsb)
    __aeabi_dsub                             0x0800a619   Thumb Code     0  daddsub_clz.o(x$fpl$dsub)
    _dsub                                    0x0800a619   Thumb Code   464  daddsub_clz.o(x$fpl$dsub)
    __aeabi_f2d                              0x0800a7ed   Thumb Code     0  f2d.o(x$fpl$f2d)
    _f2d                                     0x0800a7ed   Thumb Code    86  f2d.o(x$fpl$f2d)
    __fpl_fnaninf                            0x0800a843   Thumb Code   140  fnaninf.o(x$fpl$fnaninf)
    _fp_init                                 0x0800a8cf   Thumb Code    10  fpinit.o(x$fpl$fpinit)
    __fplib_config_fpu_vfp                   0x0800a8d7   Thumb Code     0  fpinit.o(x$fpl$fpinit)
    __fplib_config_pureend_doubles           0x0800a8d7   Thumb Code     0  fpinit.o(x$fpl$fpinit)
    __fpl_fretinf                            0x0800a8d9   Thumb Code    10  fretinf.o(x$fpl$fretinf)
    AHBPrescTable                            0x0800a8e2   Data          16  system_stm32f4xx.o(.constdata)
    __I$use$fp                               0x0800a8e2   Number         0  usenofp.o(x$fpl$usenofp)
    APBPrescTable                            0x0800a8f2   Data           8  system_stm32f4xx.o(.constdata)
    __mathlib_zero                           0x0800aa00   Data           8  qnan.o(.constdata)
    Region$$Table$$Base                      0x0800ab58   Number         0  anon$$obj.o(Region$$Table)
    Region$$Table$$Limit                     0x0800ab78   Number         0  anon$$obj.o(Region$$Table)
    DefaultTasksHandle                       0x20000000   Data           4  main.o(.data)
    HP_TasksHandle                           0x20000004   Data           4  main.o(.data)
    LP_TasksHandle                           0x20000008   Data           4  main.o(.data)
    BT_Rx                                    0x2000000c   Data           8  main.o(.data)
    BT_Count                                 0x20000014   Data           1  main.o(.data)
    RxBuff                                   0x20000015   Data           8  main.o(.data)
    BT_State                                 0x2000001d   Data           1  main.o(.data)
    Prev_BT_State                            0x2000001e   Data           1  main.o(.data)
    TxData                                   0x2000001f   Data           8  main.o(.data)
    RxData                                   0x20000027   Data           8  main.o(.data)
    TxData2                                  0x2000002f   Data           8  main.o(.data)
    RxData2                                  0x20000037   Data           8  main.o(.data)
    RxData2_Temp                             0x2000003f   Data           8  main.o(.data)
    RxData_Temp                              0x20000047   Data           8  main.o(.data)
    TxMailbox                                0x20000050   Data           4  main.o(.data)
    CAN_Count                                0x20000054   Data           4  main.o(.data)
    Received_Node_Id                         0x20000058   Data           1  main.o(.data)
    Received_Command_Id                      0x20000059   Data           1  main.o(.data)
    Rover_Voltage                            0x2000005c   Data           4  main.o(.data)
    Rover_Voltage_Temp                       0x20000060   Data           4  main.o(.data)
    Volt_Tx                                  0x20000064   Data           1  main.o(.data)
    Volt_Tx_Temp                             0x20000065   Data           1  main.o(.data)
    LFD                                      0x20000066   Data           1  main.o(.data)
    LRD                                      0x20000067   Data           1  main.o(.data)
    RFD                                      0x20000068   Data           1  main.o(.data)
    RRD                                      0x20000069   Data           1  main.o(.data)
    LVert                                    0x2000006a   Data           1  main.o(.data)
    RVert                                    0x2000006b   Data           1  main.o(.data)
    Contour                                  0x2000006c   Data           1  main.o(.data)
    LFS                                      0x2000006d   Data           1  main.o(.data)
    LRS                                      0x2000006e   Data           1  main.o(.data)
    RFS                                      0x2000006f   Data           1  main.o(.data)
    RRS                                      0x20000070   Data           1  main.o(.data)
    L_Arm                                    0x20000071   Data           1  main.o(.data)
    R_Arm                                    0x20000072   Data           1  main.o(.data)
    P_Arm                                    0x20000073   Data           1  main.o(.data)
    Upper_Width                              0x20000074   Data           1  main.o(.data)
    Lower_Width                              0x20000075   Data           1  main.o(.data)
    Cutter                                   0x20000076   Data           1  main.o(.data)
    Side_Belt                                0x20000077   Data           1  main.o(.data)
    Selective                                0x20000078   Data           1  main.o(.data)
    Paddle                                   0x20000079   Data           1  main.o(.data)
    L_Roll                                   0x2000007c   Data           4  main.o(.data)
    L_Pitch                                  0x20000080   Data           4  main.o(.data)
    R_Roll                                   0x20000084   Data           4  main.o(.data)
    R_Pitch                                  0x20000088   Data           4  main.o(.data)
    Left_Roll_Pos                            0x2000008c   Data           4  main.o(.data)
    Right_Roll_Pos                           0x20000090   Data           4  main.o(.data)
    Right_Pitch_Pos                          0x20000094   Data           4  main.o(.data)
    Left_Pitch_Pos                           0x20000098   Data           4  main.o(.data)
    Left_Column_Error                        0x2000009c   Data           4  main.o(.data)
    Left_Col_Pos                             0x200000a0   Data           4  main.o(.data)
    Left_IMU_State                           0x200000a4   Data           1  main.o(.data)
    Initiate_Process                         0x200000a5   Data           1  main.o(.data)
    Track_Width                              0x200000a6   Data           2  main.o(.data)
    Min_Track_Width                          0x200000a8   Data           2  main.o(.data)
    Zero_Turn_Angle                          0x200000aa   Data           2  main.o(.data)
    Wheel_Base                               0x200000ac   Data           2  main.o(.data)
    LF_Steering                              0x200000b0   Data           4  main.o(.data)
    LR_Steering                              0x200000b4   Data           4  main.o(.data)
    RF_Steering                              0x200000b8   Data           4  main.o(.data)
    RR_Steering                              0x200000bc   Data           4  main.o(.data)
    LF_HomePos                               0x200000c0   Data           4  main.o(.data)
    LR_HomePos                               0x200000c4   Data           4  main.o(.data)
    RF_HomePos                               0x200000c8   Data           4  main.o(.data)
    RR_HomePos                               0x200000cc   Data           4  main.o(.data)
    LF_Speed                                 0x200000d0   Data           4  main.o(.data)
    LR_Speed                                 0x200000d4   Data           4  main.o(.data)
    RF_Speed                                 0x200000d8   Data           4  main.o(.data)
    RR_Speed                                 0x200000dc   Data           4  main.o(.data)
    LF_Speed_Temp                            0x200000e0   Data           4  main.o(.data)
    LR_Speed_Temp                            0x200000e4   Data           4  main.o(.data)
    RF_Speed_Temp                            0x200000e8   Data           4  main.o(.data)
    RR_Speed_Temp                            0x200000ec   Data           4  main.o(.data)
    LF_Error                                 0x200000f0   Data           4  main.o(.data)
    LR_Error                                 0x200000f4   Data           4  main.o(.data)
    RF_Error                                 0x200000f8   Data           4  main.o(.data)
    RR_Error                                 0x200000fc   Data           4  main.o(.data)
    Steering_Reset_Flag                      0x20000100   Data           1  main.o(.data)
    LF_SET                                   0x20000101   Data           1  main.o(.data)
    LR_SET                                   0x20000102   Data           1  main.o(.data)
    RF_SET                                   0x20000103   Data           1  main.o(.data)
    RR_SET                                   0x20000104   Data           1  main.o(.data)
    BUZZ_SW                                  0x20000105   Data           1  main.o(.data)
    Inner_Angle                              0x20000108   Data           4  main.o(.data)
    Outer_Angle                              0x2000010c   Data           4  main.o(.data)
    Prev_Inner_Angle                         0x20000110   Data           4  main.o(.data)
    AW_Angle                                 0x20000114   Data           4  main.o(.data)
    Outer_Angle_2                            0x20000118   Data           4  main.o(.data)
    LS_Angle                                 0x2000011c   Data           4  main.o(.data)
    RS_Angle                                 0x20000120   Data           4  main.o(.data)
    Angle_Ready                              0x20000124   Data           1  main.o(.data)
    FL_Raw                                   0x20000128   Data           4  main.o(.data)
    FR_Raw                                   0x2000012c   Data           4  main.o(.data)
    RL_Raw                                   0x20000130   Data           4  main.o(.data)
    RR_Raw                                   0x20000134   Data           4  main.o(.data)
    FL_Angle                                 0x20000138   Data           4  main.o(.data)
    FR_Angle                                 0x2000013c   Data           4  main.o(.data)
    RL_Angle                                 0x20000140   Data           4  main.o(.data)
    RR_Angle                                 0x20000144   Data           4  main.o(.data)
    FL_Angle_Temp                            0x20000148   Data           4  main.o(.data)
    FL_Home_Pos                              0x2000014c   Data           2  main.o(.data)
    FR_Home_Pos                              0x2000014e   Data           2  main.o(.data)
    RL_Home_Pos                              0x20000150   Data           2  main.o(.data)
    RR_Home_Pos                              0x20000152   Data           2  main.o(.data)
    Left_Arm_Motor_Count                     0x20000154   Data           4  main.o(.data)
    Right_Arm_Motor_Count                    0x20000158   Data           4  main.o(.data)
    Right_Arm_Motor_Value                    0x2000015c   Data           4  main.o(.data)
    Left_Arm_Motor_Value                     0x20000160   Data           4  main.o(.data)
    Pitch_Arm_Motor_Count                    0x20000164   Data           4  main.o(.data)
    Pitch_Arm_Motor_Value                    0x20000168   Data           4  main.o(.data)
    L_Arm_Speed                              0x2000016c   Data           4  main.o(.data)
    R_Arm_Speed                              0x20000170   Data           4  main.o(.data)
    L_Arm_Speed_Temp                         0x20000174   Data           4  main.o(.data)
    R_Arm_Speed_Temp                         0x20000178   Data           4  main.o(.data)
    Pitch_Arm_Speed_Temp                     0x2000017c   Data           4  main.o(.data)
    Tri_Arm_Speed                            0x20000180   Data           4  main.o(.data)
    Pitch_Arm_Speed                          0x20000188   Data           8  main.o(.data)
    Front_Left_Bush                          0x20000190   Data           1  main.o(.data)
    Front_Right_Bush                         0x20000191   Data           1  main.o(.data)
    Front_Bushes_Sensed                      0x20000192   Data           1  main.o(.data)
    First_Sense                              0x20000193   Data           1  main.o(.data)
    Rear_Bush                                0x20000194   Data           1  main.o(.data)
    Flaps_Target                             0x20000198   Data           4  main.o(.data)
    Flap_Error                               0x2000019c   Data           4  main.o(.data)
    Flap_Kp                                  0x200001a0   Data           4  main.o(.data)
    Pitch_Kp                                 0x200001a4   Data           4  main.o(.data)
    Mode                                     0x200001a8   Data           1  main.o(.data)
    Mode_Temp                                0x200001a9   Data           1  main.o(.data)
    Speed                                    0x200001aa   Data           1  main.o(.data)
    Joystick                                 0x200001ab   Data           1  main.o(.data)
    Steering_Mode                            0x200001ac   Data           1  main.o(.data)
    Shearing                                 0x200001ad   Data           1  main.o(.data)
    Skiffing                                 0x200001ae   Data           1  main.o(.data)
    Side_Trimmer                             0x200001af   Data           1  main.o(.data)
    Pot_Angle                                0x200001b0   Data           1  main.o(.data)
    Joystick_Temp                            0x200001b1   Data           1  main.o(.data)
    Shearing_Temp                            0x200001b2   Data           1  main.o(.data)
    Steering_Mode_Temp                       0x200001b3   Data           1  main.o(.data)
    BT_Steer_Temp                            0x200001b4   Data           1  main.o(.data)
    DRIVES_ERROR_FLAG                        0x200001b5   Data           1  main.o(.data)
    L_R_Err                                  0x200001b8   Data           4  main.o(.data)
    R_R_Err                                  0x200001bc   Data           4  main.o(.data)
    C_Err                                    0x200001c0   Data           4  main.o(.data)
    Contour_Avg                              0x200001c4   Data           4  main.o(.data)
    Drive_Torque                             0x200001c8   Data           4  main.o(.data)
    Wheel_Torque                             0x200001cc   Data           4  main.o(.data)
    Vel_Limit                                0x200001d0   Data           4  main.o(.data)
    Vel_Limit_Temp                           0x200001d4   Data           4  main.o(.data)
    Torque                                   0x200001d8   Data           4  main.o(.data)
    Torque_Temp                              0x200001dc   Data           4  main.o(.data)
    Prev_Torque                              0x200001e0   Data           4  main.o(.data)
    Prev_Vel_Limit                           0x200001e4   Data           4  main.o(.data)
    Left_Wheels_Torque                       0x200001e8   Data           4  main.o(.data)
    Left_Wheels_Torque_Temp                  0x200001ec   Data           4  main.o(.data)
    L_Vert_Speed                             0x200001f0   Data           4  main.o(.data)
    R_Vert_Speed                             0x200001f4   Data           4  main.o(.data)
    L_Vert_Speed_Temp                        0x200001f8   Data           4  main.o(.data)
    R_Vert_Speed_Temp                        0x200001fc   Data           4  main.o(.data)
    Contour_Speed                            0x20000200   Data           4  main.o(.data)
    Contour_Speed_Temp                       0x20000204   Data           4  main.o(.data)
    Left_Error_Flag                          0x20000208   Data           1  main.o(.data)
    Right_Error_Flag                         0x20000209   Data           1  main.o(.data)
    Contour_Error_Flag                       0x2000020a   Data           1  main.o(.data)
    FRAME_NO_ERROR_FLAG                      0x2000020b   Data           1  main.o(.data)
    R_Error_Change                           0x2000020c   Data           4  main.o(.data)
    R_Error_Slope                            0x20000210   Data           4  main.o(.data)
    R_Error_Area                             0x20000214   Data           4  main.o(.data)
    R_Prev_Error                             0x20000218   Data           4  main.o(.data)
    R_Kp                                     0x2000021c   Data           4  main.o(.data)
    R_Ki                                     0x20000220   Data           4  main.o(.data)
    R_Kd                                     0x20000224   Data           4  main.o(.data)
    R_P                                      0x20000228   Data           4  main.o(.data)
    R_I                                      0x2000022c   Data           4  main.o(.data)
    R_D                                      0x20000230   Data           4  main.o(.data)
    Error                                    0x20000234   Data           4  main.o(.data)
    L_Prev_Error                             0x20000238   Data           4  main.o(.data)
    L_Error_Change                           0x2000023c   Data           4  main.o(.data)
    L_Error_Slope                            0x20000240   Data           4  main.o(.data)
    L_Error_Area                             0x20000244   Data           4  main.o(.data)
    Left_Out                                 0x20000248   Data           4  main.o(.data)
    Right_Out                                0x2000024c   Data           4  main.o(.data)
    Contour_Out                              0x20000250   Data           4  main.o(.data)
    C_Error_Change                           0x20000254   Data           4  main.o(.data)
    C_Error_Slope                            0x20000258   Data           4  main.o(.data)
    C_Error_Area                             0x2000025c   Data           4  main.o(.data)
    C_Prev_Error                             0x20000260   Data           4  main.o(.data)
    C_Kp                                     0x20000264   Data           4  main.o(.data)
    C_Ki                                     0x20000268   Data           4  main.o(.data)
    C_Kd                                     0x2000026c   Data           4  main.o(.data)
    C_P                                      0x20000270   Data           4  main.o(.data)
    C_I                                      0x20000274   Data           4  main.o(.data)
    C_D                                      0x20000278   Data           4  main.o(.data)
    dt                                       0x20000280   Data           8  main.o(.data)
    Left_Vertical_Error                      0x20000288   Data           4  main.o(.data)
    Current_Vel_Limit                        0x2000028c   Data           4  main.o(.data)
    Modified_Vel_Limit                       0x20000290   Data           4  main.o(.data)
    Modified_Vel_Limit_Temp                  0x20000294   Data           4  main.o(.data)
    Prev_Mod                                 0x20000298   Data           4  main.o(.data)
    Width_Motor_Speed                        0x2000029c   Data           4  main.o(.data)
    Width_Motor_Temp                         0x200002a0   Data           4  main.o(.data)
    Lower_Width_Motor_Speed                  0x200002a4   Data           4  main.o(.data)
    Upper_Width_Motor_Speed                  0x200002a8   Data           4  main.o(.data)
    Lower_Width_Motor_Speed_Temp             0x200002ac   Data           4  main.o(.data)
    Upper_Width_Motor_Speed_Temp             0x200002b0   Data           4  main.o(.data)
    Lower_Width_Motor_Count                  0x200002b4   Data           4  main.o(.data)
    Upper_Width_Motor_Count                  0x200002b8   Data           4  main.o(.data)
    Lower_Width_Motor_Value                  0x200002bc   Data           4  main.o(.data)
    Upper_Width_Motor_Value                  0x200002c0   Data           4  main.o(.data)
    Right_Vertical_Motor_Count               0x200002c4   Data           4  main.o(.data)
    Contour_Motor_Count                      0x200002c8   Data           4  main.o(.data)
    Right_Vertical_Motor_Value               0x200002cc   Data           4  main.o(.data)
    Contour_Motor_Value                      0x200002d0   Data           4  main.o(.data)
    Right_Vertical_On_Limit                  0x200002d4   Data           1  main.o(.data)
    Contour_On_Limit                         0x200002d5   Data           1  main.o(.data)
    Start_Value                              0x200002d6   Data           2  main.o(.data)
    End_Value                                0x200002d8   Data           2  main.o(.data)
    Store_Data                               0x200002da   Data           1  main.o(.data)
    Buzz_Switch                              0x200002db   Data           1  main.o(.data)
    Frame_Buzz_Switch                        0x200002dc   Data           1  main.o(.data)
    Manual_Axis_1                            0x200002dd   Data           1  main.o(.data)
    Manual_Axis_2                            0x200002de   Data           1  main.o(.data)
    Manual_Axis_3                            0x200002df   Data           1  main.o(.data)
    Manual_Axis_4                            0x200002e0   Data           1  main.o(.data)
    Manual_Axis                              0x200002e1   Data           1  main.o(.data)
    All_Whel_SameTorque                      0x200002e2   Data           1  main.o(.data)
    Manual_Torque_1                          0x200002e4   Data           4  main.o(.data)
    Manual_Torque_2                          0x200002e8   Data           4  main.o(.data)
    Manual_Torque_3                          0x200002ec   Data           4  main.o(.data)
    Manual_Torque_4                          0x200002f0   Data           4  main.o(.data)
    Manual_Torque                            0x200002f4   Data           4  main.o(.data)
    Manual_Vel_Limit                         0x200002f8   Data           4  main.o(.data)
    Manual_Vel_Limit_1                       0x200002fc   Data           4  main.o(.data)
    Manual_Vel_Limit_2                       0x20000300   Data           4  main.o(.data)
    Manual_Vel_Limit_3                       0x20000304   Data           4  main.o(.data)
    Manual_Vel_Limit_4                       0x20000308   Data           4  main.o(.data)
    Manual_Torque_Temp                       0x2000030c   Data           4  main.o(.data)
    Manual_Vel_Limit_Temp                    0x20000310   Data           4  main.o(.data)
    Manual_Vel_Limit_Temp_1                  0x20000314   Data           4  main.o(.data)
    Manual_Vel_Limit_Temp_2                  0x20000318   Data           4  main.o(.data)
    Manual_Vel_Limit_Temp_3                  0x2000031c   Data           4  main.o(.data)
    Manual_Vel_Limit_Temp_4                  0x20000320   Data           4  main.o(.data)
    Manual_Torque_Temp_1                     0x20000324   Data           4  main.o(.data)
    Manual_Torque_Temp_2                     0x20000328   Data           4  main.o(.data)
    Manual_Torque_Temp_3                     0x2000032c   Data           4  main.o(.data)
    Manual_Torque_Temp_4                     0x20000330   Data           4  main.o(.data)
    Left_Vel_Limit                           0x20000334   Data           1  main.o(.data)
    Right_Vel_Limit                          0x20000335   Data           1  main.o(.data)
    Prev_Left_Vel_Limit                      0x20000336   Data           1  main.o(.data)
    Prev_Right_Vel_Limit                     0x20000337   Data           1  main.o(.data)
    Left_Transmit_Vel                        0x20000338   Data           1  main.o(.data)
    Right_Transmit_Vel                       0x20000339   Data           1  main.o(.data)
    Frame_Vel_Limit                          0x2000033c   Data           4  main.o(.data)
    Left_Steering_Vel_Limit                  0x20000340   Data           4  main.o(.data)
    Right_Steering_Vel_Limit                 0x20000344   Data           4  main.o(.data)
    Steering_Angle                           0x20000348   Data           4  main.o(.data)
    Rover_Centre_Dist                        0x20000350   Data           8  main.o(.data)
    TimeTaken                                0x20000358   Data           8  main.o(.data)
    Inner_Speed                              0x20000360   Data           8  main.o(.data)
    Outer_Speed                              0x20000368   Data           8  main.o(.data)
    WheelBase                                0x20000370   Data           4  main.o(.data)
    TrackWidth                               0x20000374   Data           4  main.o(.data)
    kmph                                     0x20000378   Data           8  main.o(.data)
    Left_Steering_Speed                      0x20000380   Data           4  main.o(.data)
    Right_Steering_Speed                     0x20000384   Data           4  main.o(.data)
    Left_Frame_Speed                         0x20000388   Data           4  main.o(.data)
    Flap_Angle                               0x2000038c   Data           4  main.o(.data)
    Flap_Count                               0x20000390   Data           4  main.o(.data)
    Arm_Angle                                0x20000394   Data           4  main.o(.data)
    Left_Arm_Pos                             0x20000398   Data           4  main.o(.data)
    Right_Arm_Pos                            0x2000039c   Data           4  main.o(.data)
    Pitch_Arm_Pos                            0x200003a0   Data           4  main.o(.data)
    Tri_Arm_Pos                              0x200003a4   Data           4  main.o(.data)
    Left_Arm_Pos_Temp                        0x200003a8   Data           4  main.o(.data)
    Right_Arm_Pos_Temp                       0x200003ac   Data           4  main.o(.data)
    Pitch_Arm_Pos_Temp                       0x200003b0   Data           4  main.o(.data)
    left_tick_count                          0x200003b8   Data           8  main.o(.data)
    right_tick_count                         0x200003c0   Data           8  main.o(.data)
    FLAG                                     0x200003c8   Data           1  main.o(.data)
    Prev_Joystick                            0x200003c9   Data           1  main.o(.data)
    count                                    0x200003cc   Data           4  main.o(.data)
    Rover_Velocity                           0x200003d0   Data           4  main.o(.data)
    uwTick                                   0x200003d8   Data           4  stm32f4xx_hal.o(.data)
    uwTickPrio                               0x200003dc   Data           4  stm32f4xx_hal.o(.data)
    uwTickFreq                               0x200003e0   Data           1  stm32f4xx_hal.o(.data)
    SystemCoreClock                          0x200003e4   Data           4  system_stm32f4xx.o(.data)
    pxCurrentTCB                             0x200003e8   Data           4  tasks.o(.data)
    hcan1                                    0x20000450   Data          40  main.o(.bss)
    hcan2                                    0x20000478   Data          40  main.o(.bss)
    hi2c1                                    0x200004a0   Data          84  main.o(.bss)
    htim14                                   0x200004f4   Data          72  main.o(.bss)
    huart4                                   0x2000053c   Data          72  main.o(.bss)
    huart5                                   0x20000584   Data          72  main.o(.bss)
    TxHeader                                 0x200005cc   Data          24  main.o(.bss)
    RxHeader                                 0x200005e4   Data          28  main.o(.bss)
    TxHeader2                                0x20000600   Data          24  main.o(.bss)
    RxHeader2                                0x20000618   Data          28  main.o(.bss)
    Node_Id                                  0x20000634   Data          23  main.o(.bss)
    PREV_Node_Id                             0x2000064b   Data          22  main.o(.bss)
    Sensor_Id                                0x20000661   Data          10  main.o(.bss)
    Axis_State                               0x2000066b   Data          20  main.o(.bss)
    Motor_Velocity                           0x20000680   Data          80  main.o(.bss)
    Motor_Current                            0x200006d0   Data          80  main.o(.bss)
    Motor_Error                              0x20000720   Data          20  main.o(.bss)
    Encoder_Error                            0x20000734   Data          20  main.o(.bss)
    Steer_Angle                              0x20000748   Data          10  main.o(.bss)
    Absolute_Position                        0x20000754   Data          80  main.o(.bss)
    Absolute_Position_Int                    0x200007a4   Data          40  main.o(.bss)
    Read_Value                               0x200007cc   Data          72  main.o(.bss)
    Write_Value                              0x20000814   Data          72  main.o(.bss)
    Prev_Write_Value                         0x2000085c   Data          72  main.o(.bss)
    Read_Value_1                             0x200008a4   Data          72  main.o(.bss)
    Flap_Data                                0x200008ec   Data          20  main.o(.bss)
    htim1                                    0x20000b54   Data          72  stm32f4xx_hal_timebase_tim.o(.bss)
    __libspace_start                         0x20000c8c   Data          96  libspace.o(.bss)
    __temporary_stack_top$libspace           0x20000cec   Data           0  libspace.o(.bss)



==============================================================================

Memory Map of the image

  Image Entry point : 0x080001c5

  Load Region LR_IROM1 (Base: 0x08000000, Size: 0x0000afc8, Max: 0x00080000, ABSOLUTE, COMPRESSED[0x0000ac2c])

    Execution Region ER_IROM1 (Exec base: 0x08000000, Load base: 0x08000000, Size: 0x0000ab78, Max: 0x00080000, ABSOLUTE)

    Exec Addr    Load Addr    Size         Type   Attr      Idx    E Section Name        Object

    0x08000000   0x08000000   0x000001c4   Data   RO            3    RESET               startup_stm32f446xx.o
    0x080001c4   0x080001c4   0x00000008   Code   RO         5619  * !!!main             c_w.l(__main.o)
    0x080001cc   0x080001cc   0x00000034   Code   RO         5943    !!!scatter          c_w.l(__scatter.o)
    0x08000200   0x08000200   0x0000005a   Code   RO         5941    !!dczerorl2         c_w.l(__dczerorl2.o)
    0x0800025a   0x0800025a   0x00000002   PAD
    0x0800025c   0x0800025c   0x0000001c   Code   RO         5945    !!handler_zi        c_w.l(__scatter_zi.o)
    0x08000278   0x08000278   0x00000002   Code   RO         5812    .ARM.Collect$$libinit$$00000000  c_w.l(libinit.o)
    0x0800027a   0x0800027a   0x00000004   Code   RO         5821    .ARM.Collect$$libinit$$00000001  c_w.l(libinit2.o)
    0x0800027e   0x0800027e   0x00000000   Code   RO         5824    .ARM.Collect$$libinit$$00000004  c_w.l(libinit2.o)
    0x0800027e   0x0800027e   0x00000000   Code   RO         5827    .ARM.Collect$$libinit$$0000000A  c_w.l(libinit2.o)
    0x0800027e   0x0800027e   0x00000000   Code   RO         5829    .ARM.Collect$$libinit$$0000000C  c_w.l(libinit2.o)
    0x0800027e   0x0800027e   0x00000000   Code   RO         5831    .ARM.Collect$$libinit$$0000000E  c_w.l(libinit2.o)
    0x0800027e   0x0800027e   0x00000000   Code   RO         5834    .ARM.Collect$$libinit$$00000011  c_w.l(libinit2.o)
    0x0800027e   0x0800027e   0x00000000   Code   RO         5836    .ARM.Collect$$libinit$$00000013  c_w.l(libinit2.o)
    0x0800027e   0x0800027e   0x00000000   Code   RO         5838    .ARM.Collect$$libinit$$00000015  c_w.l(libinit2.o)
    0x0800027e   0x0800027e   0x00000000   Code   RO         5840    .ARM.Collect$$libinit$$00000017  c_w.l(libinit2.o)
    0x0800027e   0x0800027e   0x00000000   Code   RO         5842    .ARM.Collect$$libinit$$00000019  c_w.l(libinit2.o)
    0x0800027e   0x0800027e   0x00000000   Code   RO         5844    .ARM.Collect$$libinit$$0000001B  c_w.l(libinit2.o)
    0x0800027e   0x0800027e   0x00000000   Code   RO         5846    .ARM.Collect$$libinit$$0000001D  c_w.l(libinit2.o)
    0x0800027e   0x0800027e   0x00000000   Code   RO         5848    .ARM.Collect$$libinit$$0000001F  c_w.l(libinit2.o)
    0x0800027e   0x0800027e   0x00000000   Code   RO         5850    .ARM.Collect$$libinit$$00000021  c_w.l(libinit2.o)
    0x0800027e   0x0800027e   0x00000000   Code   RO         5852    .ARM.Collect$$libinit$$00000023  c_w.l(libinit2.o)
    0x0800027e   0x0800027e   0x00000000   Code   RO         5854    .ARM.Collect$$libinit$$00000025  c_w.l(libinit2.o)
    0x0800027e   0x0800027e   0x00000000   Code   RO         5858    .ARM.Collect$$libinit$$0000002C  c_w.l(libinit2.o)
    0x0800027e   0x0800027e   0x00000000   Code   RO         5860    .ARM.Collect$$libinit$$0000002E  c_w.l(libinit2.o)
    0x0800027e   0x0800027e   0x00000000   Code   RO         5862    .ARM.Collect$$libinit$$00000030  c_w.l(libinit2.o)
    0x0800027e   0x0800027e   0x00000000   Code   RO         5864    .ARM.Collect$$libinit$$00000032  c_w.l(libinit2.o)
    0x0800027e   0x0800027e   0x00000002   Code   RO         5865    .ARM.Collect$$libinit$$00000033  c_w.l(libinit2.o)
    0x08000280   0x08000280   0x00000002   Code   RO         5896    .ARM.Collect$$libshutdown$$00000000  c_w.l(libshutdown.o)
    0x08000282   0x08000282   0x00000000   Code   RO         5922    .ARM.Collect$$libshutdown$$00000002  c_w.l(libshutdown2.o)
    0x08000282   0x08000282   0x00000000   Code   RO         5924    .ARM.Collect$$libshutdown$$00000004  c_w.l(libshutdown2.o)
    0x08000282   0x08000282   0x00000000   Code   RO         5926    .ARM.Collect$$libshutdown$$00000006  c_w.l(libshutdown2.o)
    0x08000282   0x08000282   0x00000000   Code   RO         5929    .ARM.Collect$$libshutdown$$00000009  c_w.l(libshutdown2.o)
    0x08000282   0x08000282   0x00000000   Code   RO         5932    .ARM.Collect$$libshutdown$$0000000C  c_w.l(libshutdown2.o)
    0x08000282   0x08000282   0x00000000   Code   RO         5934    .ARM.Collect$$libshutdown$$0000000E  c_w.l(libshutdown2.o)
    0x08000282   0x08000282   0x00000000   Code   RO         5937    .ARM.Collect$$libshutdown$$00000011  c_w.l(libshutdown2.o)
    0x08000282   0x08000282   0x00000002   Code   RO         5938    .ARM.Collect$$libshutdown$$00000012  c_w.l(libshutdown2.o)
    0x08000284   0x08000284   0x00000000   Code   RO         5711    .ARM.Collect$$rtentry$$00000000  c_w.l(__rtentry.o)
    0x08000284   0x08000284   0x00000000   Code   RO         5775    .ARM.Collect$$rtentry$$00000002  c_w.l(__rtentry2.o)
    0x08000284   0x08000284   0x00000006   Code   RO         5787    .ARM.Collect$$rtentry$$00000004  c_w.l(__rtentry4.o)
    0x0800028a   0x0800028a   0x00000000   Code   RO         5777    .ARM.Collect$$rtentry$$00000009  c_w.l(__rtentry2.o)
    0x0800028a   0x0800028a   0x00000004   Code   RO         5778    .ARM.Collect$$rtentry$$0000000A  c_w.l(__rtentry2.o)
    0x0800028e   0x0800028e   0x00000000   Code   RO         5780    .ARM.Collect$$rtentry$$0000000C  c_w.l(__rtentry2.o)
    0x0800028e   0x0800028e   0x00000008   Code   RO         5781    .ARM.Collect$$rtentry$$0000000D  c_w.l(__rtentry2.o)
    0x08000296   0x08000296   0x00000002   Code   RO         5813    .ARM.Collect$$rtexit$$00000000  c_w.l(rtexit.o)
    0x08000298   0x08000298   0x00000000   Code   RO         5869    .ARM.Collect$$rtexit$$00000002  c_w.l(rtexit2.o)
    0x08000298   0x08000298   0x00000004   Code   RO         5870    .ARM.Collect$$rtexit$$00000003  c_w.l(rtexit2.o)
    0x0800029c   0x0800029c   0x00000006   Code   RO         5871    .ARM.Collect$$rtexit$$00000004  c_w.l(rtexit2.o)
    0x080002a2   0x080002a2   0x00000002   PAD
    0x080002a4   0x080002a4   0x000000be   Code   RO         5528    .emb_text           port.o
    0x08000362   0x08000362   0x00000002   PAD
    0x08000364   0x08000364   0x00000040   Code   RO            4    .text               startup_stm32f446xx.o
    0x080003a4   0x080003a4   0x000000ee   Code   RO         5607    .text               c_w.l(lludivv7m.o)
    0x08000492   0x08000492   0x0000008a   Code   RO         5609    .text               c_w.l(rt_memcpy_v6.o)
    0x0800051c   0x0800051c   0x0000004e   Code   RO         5615    .text               c_w.l(rt_memclr_w.o)
    0x0800056a   0x0800056a   0x00000006   Code   RO         5617    .text               c_w.l(heapauxi.o)
    0x08000570   0x08000570   0x00000016   Code   RO         5716    .text               c_w.l(_rserrno.o)
    0x08000586   0x08000586   0x00000064   Code   RO         5718    .text               c_w.l(rt_memcpy_w.o)
    0x080005ea   0x080005ea   0x00000002   PAD
    0x080005ec   0x080005ec   0x00000008   Code   RO         5794    .text               c_w.l(rt_errno_addr_intlibspace.o)
    0x080005f4   0x080005f4   0x00000008   Code   RO         5796    .text               c_w.l(libspace.o)
    0x080005fc   0x080005fc   0x0000004a   Code   RO         5799    .text               c_w.l(sys_stackheap_outer.o)
    0x08000646   0x08000646   0x00000012   Code   RO         5801    .text               c_w.l(exit.o)
    0x08000658   0x08000658   0x0000000c   Code   RO         5866    .text               c_w.l(sys_exit.o)
    0x08000664   0x08000664   0x00000002   Code   RO         5885    .text               c_w.l(use_no_semi.o)
    0x08000666   0x08000666   0x00000000   Code   RO         5887    .text               c_w.l(indicate_semi.o)
    0x08000666   0x08000666   0x00000002   PAD
    0x08000668   0x08000668   0x00000034   Code   RO           13    i.Absolute_Position_Reception  main.o
    0x0800069c   0x0800069c   0x00000004   Code   RO          554    i.BusFault_Handler  stm32f4xx_it.o
    0x080006a0   0x080006a0   0x00000010   Code   RO          555    i.CAN1_RX0_IRQHandler  stm32f4xx_it.o
    0x080006b0   0x080006b0   0x00000010   Code   RO          556    i.CAN1_RX1_IRQHandler  stm32f4xx_it.o
    0x080006c0   0x080006c0   0x00000010   Code   RO          557    i.CAN2_RX0_IRQHandler  stm32f4xx_it.o
    0x080006d0   0x080006d0   0x00000010   Code   RO          558    i.CAN2_RX1_IRQHandler  stm32f4xx_it.o
    0x080006e0   0x080006e0   0x0000004c   Code   RO           15    i.CAN_Reception     main.o
    0x0800072c   0x0800072c   0x0000000e   Code   RO           16    i.CAN_SPI_READ      main.o
    0x0800073a   0x0800073a   0x00000002   PAD
    0x0800073c   0x0800073c   0x00000188   Code   RO           17    i.CAN_Transmit      main.o
    0x080008c4   0x080008c4   0x00000002   Code   RO          559    i.DebugMon_Handler  stm32f4xx_it.o
    0x080008c6   0x080008c6   0x00000002   PAD
    0x080008c8   0x080008c8   0x00000108   Code   RO           20    i.Differintial_Angle  main.o
    0x080009d0   0x080009d0   0x00000030   Code   RO           22    i.Drives_Error_Check  main.o
    0x08000a00   0x08000a00   0x0000031c   Code   RO           23    i.Dynamic_Width_Adjustment  main.o
    0x08000d1c   0x08000d1c   0x000000d8   Code   RO          787    i.EEPROM_Read       eeprom.o
    0x08000df4   0x08000df4   0x0000014c   Code   RO           24    i.EEPROM_Store_Data  main.o
    0x08000f40   0x08000f40   0x000000e0   Code   RO          789    i.EEPROM_Write      eeprom.o
    0x08001020   0x08001020   0x00000006   Code   RO           25    i.Error_Handler     main.o
    0x08001026   0x08001026   0x0000002a   Code   RO          856    i.HAL_CAN_ActivateNotification  stm32f4xx_hal_can.o
    0x08001050   0x08001050   0x0000014a   Code   RO          857    i.HAL_CAN_AddTxMessage  stm32f4xx_hal_can.o
    0x0800119a   0x0800119a   0x00000002   PAD
    0x0800119c   0x0800119c   0x00000124   Code   RO          858    i.HAL_CAN_ConfigFilter  stm32f4xx_hal_can.o
    0x080012c0   0x080012c0   0x00000002   Code   RO          861    i.HAL_CAN_ErrorCallback  stm32f4xx_hal_can.o
    0x080012c2   0x080012c2   0x00000194   Code   RO          864    i.HAL_CAN_GetRxMessage  stm32f4xx_hal_can.o
    0x08001456   0x08001456   0x0000024e   Code   RO          868    i.HAL_CAN_IRQHandler  stm32f4xx_hal_can.o
    0x080016a4   0x080016a4   0x00000174   Code   RO          869    i.HAL_CAN_Init      stm32f4xx_hal_can.o
    0x08001818   0x08001818   0x00000180   Code   RO          673    i.HAL_CAN_MspInit   stm32f4xx_hal_msp.o
    0x08001998   0x08001998   0x00000002   Code   RO          876    i.HAL_CAN_RxFifo0FullCallback  stm32f4xx_hal_can.o
    0x0800199a   0x0800199a   0x00000002   PAD
    0x0800199c   0x0800199c   0x00000338   Code   RO           28    i.HAL_CAN_RxFifo0MsgPendingCallback  main.o
    0x08001cd4   0x08001cd4   0x00000002   Code   RO          878    i.HAL_CAN_RxFifo1FullCallback  stm32f4xx_hal_can.o
    0x08001cd6   0x08001cd6   0x00000002   PAD
    0x08001cd8   0x08001cd8   0x00000144   Code   RO           29    i.HAL_CAN_RxFifo1MsgPendingCallback  main.o
    0x08001e1c   0x08001e1c   0x00000002   Code   RO          880    i.HAL_CAN_SleepCallback  stm32f4xx_hal_can.o
    0x08001e1e   0x08001e1e   0x0000005e   Code   RO          881    i.HAL_CAN_Start     stm32f4xx_hal_can.o
    0x08001e7c   0x08001e7c   0x00000002   Code   RO          883    i.HAL_CAN_TxMailbox0AbortCallback  stm32f4xx_hal_can.o
    0x08001e7e   0x08001e7e   0x00000002   Code   RO          884    i.HAL_CAN_TxMailbox0CompleteCallback  stm32f4xx_hal_can.o
    0x08001e80   0x08001e80   0x00000002   Code   RO          885    i.HAL_CAN_TxMailbox1AbortCallback  stm32f4xx_hal_can.o
    0x08001e82   0x08001e82   0x00000002   Code   RO          886    i.HAL_CAN_TxMailbox1CompleteCallback  stm32f4xx_hal_can.o
    0x08001e84   0x08001e84   0x00000002   Code   RO          887    i.HAL_CAN_TxMailbox2AbortCallback  stm32f4xx_hal_can.o
    0x08001e86   0x08001e86   0x00000002   Code   RO          888    i.HAL_CAN_TxMailbox2CompleteCallback  stm32f4xx_hal_can.o
    0x08001e88   0x08001e88   0x00000002   Code   RO          890    i.HAL_CAN_WakeUpFromRxMsgCallback  stm32f4xx_hal_can.o
    0x08001e8a   0x08001e8a   0x000000ac   Code   RO         1690    i.HAL_DMA_Abort     stm32f4xx_hal_dma.o
    0x08001f36   0x08001f36   0x00000028   Code   RO         1691    i.HAL_DMA_Abort_IT  stm32f4xx_hal_dma.o
    0x08001f5e   0x08001f5e   0x00000008   Code   RO         1694    i.HAL_DMA_GetState  stm32f4xx_hal_dma.o
    0x08001f66   0x08001f66   0x00000002   PAD
    0x08001f68   0x08001f68   0x00000028   Code   RO         2138    i.HAL_Delay         stm32f4xx_hal.o
    0x08001f90   0x08001f90   0x000001e4   Code   RO         1583    i.HAL_GPIO_Init     stm32f4xx_hal_gpio.o
    0x08002174   0x08002174   0x00000010   Code   RO         1585    i.HAL_GPIO_ReadPin  stm32f4xx_hal_gpio.o
    0x08002184   0x08002184   0x0000000c   Code   RO         1587    i.HAL_GPIO_WritePin  stm32f4xx_hal_gpio.o
    0x08002190   0x08002190   0x0000000c   Code   RO         2144    i.HAL_GetTick       stm32f4xx_hal.o
    0x0800219c   0x0800219c   0x00000002   Code   RO         2389    i.HAL_I2C_AbortCpltCallback  stm32f4xx_hal_i2c.o
    0x0800219e   0x0800219e   0x00000002   Code   RO         2390    i.HAL_I2C_AddrCallback  stm32f4xx_hal_i2c.o
    0x080021a0   0x080021a0   0x000000d4   Code   RO         2393    i.HAL_I2C_ER_IRQHandler  stm32f4xx_hal_i2c.o
    0x08002274   0x08002274   0x000001da   Code   RO         2394    i.HAL_I2C_EV_IRQHandler  stm32f4xx_hal_i2c.o
    0x0800244e   0x0800244e   0x00000002   Code   RO         2396    i.HAL_I2C_ErrorCallback  stm32f4xx_hal_i2c.o
    0x08002450   0x08002450   0x000001d0   Code   RO         2400    i.HAL_I2C_Init      stm32f4xx_hal_i2c.o
    0x08002620   0x08002620   0x00000002   Code   RO         2402    i.HAL_I2C_ListenCpltCallback  stm32f4xx_hal_i2c.o
    0x08002622   0x08002622   0x00000002   Code   RO         2403    i.HAL_I2C_MasterRxCpltCallback  stm32f4xx_hal_i2c.o
    0x08002624   0x08002624   0x00000002   Code   RO         2404    i.HAL_I2C_MasterTxCpltCallback  stm32f4xx_hal_i2c.o
    0x08002626   0x08002626   0x00000002   Code   RO         2416    i.HAL_I2C_MemRxCpltCallback  stm32f4xx_hal_i2c.o
    0x08002628   0x08002628   0x00000002   Code   RO         2417    i.HAL_I2C_MemTxCpltCallback  stm32f4xx_hal_i2c.o
    0x0800262a   0x0800262a   0x00000002   PAD
    0x0800262c   0x0800262c   0x00000308   Code   RO         2418    i.HAL_I2C_Mem_Read  stm32f4xx_hal_i2c.o
    0x08002934   0x08002934   0x00000164   Code   RO         2421    i.HAL_I2C_Mem_Write  stm32f4xx_hal_i2c.o
    0x08002a98   0x08002a98   0x000000a8   Code   RO          675    i.HAL_I2C_MspInit   stm32f4xx_hal_msp.o
    0x08002b40   0x08002b40   0x00000002   Code   RO         2426    i.HAL_I2C_SlaveRxCpltCallback  stm32f4xx_hal_i2c.o
    0x08002b42   0x08002b42   0x00000002   Code   RO         2427    i.HAL_I2C_SlaveTxCpltCallback  stm32f4xx_hal_i2c.o
    0x08002b44   0x08002b44   0x00000018   Code   RO         2150    i.HAL_IncTick       stm32f4xx_hal.o
    0x08002b5c   0x08002b5c   0x0000003c   Code   RO         2151    i.HAL_Init          stm32f4xx_hal.o
    0x08002b98   0x08002b98   0x000000a0   Code   RO          746    i.HAL_InitTick      stm32f4xx_hal_timebase_tim.o
    0x08002c38   0x08002c38   0x00000054   Code   RO          676    i.HAL_MspInit       stm32f4xx_hal_msp.o
    0x08002c8c   0x08002c8c   0x00000028   Code   RO         1991    i.HAL_NVIC_EnableIRQ  stm32f4xx_hal_cortex.o
    0x08002cb4   0x08002cb4   0x0000007c   Code   RO         1997    i.HAL_NVIC_SetPriority  stm32f4xx_hal_cortex.o
    0x08002d30   0x08002d30   0x00000028   Code   RO         1998    i.HAL_NVIC_SetPriorityGrouping  stm32f4xx_hal_cortex.o
    0x08002d58   0x08002d58   0x0000008c   Code   RO         1919    i.HAL_PWREx_EnableOverDrive  stm32f4xx_hal_pwr_ex.o
    0x08002de4   0x08002de4   0x00000184   Code   RO         1090    i.HAL_RCC_ClockConfig  stm32f4xx_hal_rcc.o
    0x08002f68   0x08002f68   0x00000044   Code   RO         1094    i.HAL_RCC_GetClockConfig  stm32f4xx_hal_rcc.o
    0x08002fac   0x08002fac   0x0000000c   Code   RO         1095    i.HAL_RCC_GetHCLKFreq  stm32f4xx_hal_rcc.o
    0x08002fb8   0x08002fb8   0x00000020   Code   RO         1097    i.HAL_RCC_GetPCLK1Freq  stm32f4xx_hal_rcc.o
    0x08002fd8   0x08002fd8   0x00000020   Code   RO         1098    i.HAL_RCC_GetPCLK2Freq  stm32f4xx_hal_rcc.o
    0x08002ff8   0x08002ff8   0x00000118   Code   RO         1201    i.HAL_RCC_GetSysClockFreq  stm32f4xx_hal_rcc_ex.o
    0x08003110   0x08003110   0x000004e8   Code   RO         1202    i.HAL_RCC_OscConfig  stm32f4xx_hal_rcc_ex.o
    0x080035f8   0x080035f8   0x00000002   Code   RO         3613    i.HAL_TIMEx_BreakCallback  stm32f4xx_hal_tim_ex.o
    0x080035fa   0x080035fa   0x00000002   Code   RO         3614    i.HAL_TIMEx_CommutCallback  stm32f4xx_hal_tim_ex.o
    0x080035fc   0x080035fc   0x00000066   Code   RO         2898    i.HAL_TIM_Base_Init  stm32f4xx_hal_tim.o
    0x08003662   0x08003662   0x00000002   PAD
    0x08003664   0x08003664   0x00000048   Code   RO          678    i.HAL_TIM_Base_MspInit  stm32f4xx_hal_msp.o
    0x080036ac   0x080036ac   0x000000a8   Code   RO         2903    i.HAL_TIM_Base_Start_IT  stm32f4xx_hal_tim.o
    0x08003754   0x08003754   0x00000002   Code   RO         2932    i.HAL_TIM_IC_CaptureCallback  stm32f4xx_hal_tim.o
    0x08003756   0x08003756   0x0000016c   Code   RO         2946    i.HAL_TIM_IRQHandler  stm32f4xx_hal_tim.o
    0x080038c2   0x080038c2   0x00000002   Code   RO         2949    i.HAL_TIM_OC_DelayElapsedCallback  stm32f4xx_hal_tim.o
    0x080038c4   0x080038c4   0x00000002   Code   RO         2976    i.HAL_TIM_PWM_PulseFinishedCallback  stm32f4xx_hal_tim.o
    0x080038c6   0x080038c6   0x00000002   PAD
    0x080038c8   0x080038c8   0x00000018   Code   RO           30    i.HAL_TIM_PeriodElapsedCallback  main.o
    0x080038e0   0x080038e0   0x00000002   Code   RO         2989    i.HAL_TIM_TriggerCallback  stm32f4xx_hal_tim.o
    0x080038e2   0x080038e2   0x00000002   Code   RO         3892    i.HAL_UARTEx_RxEventCallback  stm32f4xx_hal_uart.o
    0x080038e4   0x080038e4   0x00000002   Code   RO         3906    i.HAL_UART_ErrorCallback  stm32f4xx_hal_uart.o
    0x080038e6   0x080038e6   0x00000002   PAD
    0x080038e8   0x080038e8   0x000002e8   Code   RO         3909    i.HAL_UART_IRQHandler  stm32f4xx_hal_uart.o
    0x08003bd0   0x08003bd0   0x00000076   Code   RO         3910    i.HAL_UART_Init     stm32f4xx_hal_uart.o
    0x08003c46   0x08003c46   0x00000002   PAD
    0x08003c48   0x08003c48   0x00000158   Code   RO          680    i.HAL_UART_MspInit  stm32f4xx_hal_msp.o
    0x08003da0   0x08003da0   0x0000002c   Code   RO         3915    i.HAL_UART_Receive_IT  stm32f4xx_hal_uart.o
    0x08003dcc   0x08003dcc   0x00000028   Code   RO           31    i.HAL_UART_RxCpltCallback  main.o
    0x08003df4   0x08003df4   0x00000002   Code   RO         3921    i.HAL_UART_TxCpltCallback  stm32f4xx_hal_uart.o
    0x08003df6   0x08003df6   0x00000004   Code   RO          560    i.HardFault_Handler  stm32f4xx_it.o
    0x08003dfa   0x08003dfa   0x00000002   PAD
    0x08003dfc   0x08003dfc   0x0000005c   Code   RO           32    i.Heal_Error        main.o
    0x08003e58   0x08003e58   0x00000010   Code   RO          561    i.I2C1_ER_IRQHandler  stm32f4xx_it.o
    0x08003e68   0x08003e68   0x00000010   Code   RO          562    i.I2C1_EV_IRQHandler  stm32f4xx_it.o
    0x08003e78   0x08003e78   0x0000001c   Code   RO         2438    i.I2C_ConvertOtherXferOptions  stm32f4xx_hal_i2c.o
    0x08003e94   0x08003e94   0x000000f8   Code   RO         2439    i.I2C_DMAAbort      stm32f4xx_hal_i2c.o
    0x08003f8c   0x08003f8c   0x00000012   Code   RO         2442    i.I2C_Flush_DR      stm32f4xx_hal_i2c.o
    0x08003f9e   0x08003f9e   0x00000002   PAD
    0x08003fa0   0x08003fa0   0x000001ac   Code   RO         2443    i.I2C_ITError       stm32f4xx_hal_i2c.o
    0x0800414c   0x0800414c   0x0000003e   Code   RO         2444    i.I2C_IsAcknowledgeFailed  stm32f4xx_hal_i2c.o
    0x0800418a   0x0800418a   0x00000134   Code   RO         2445    i.I2C_MasterReceive_BTF  stm32f4xx_hal_i2c.o
    0x080042be   0x080042be   0x00000104   Code   RO         2446    i.I2C_MasterReceive_RXNE  stm32f4xx_hal_i2c.o
    0x080043c2   0x080043c2   0x000000a0   Code   RO         2449    i.I2C_MasterTransmit_BTF  stm32f4xx_hal_i2c.o
    0x08004462   0x08004462   0x000000d8   Code   RO         2450    i.I2C_MasterTransmit_TXE  stm32f4xx_hal_i2c.o
    0x0800453a   0x0800453a   0x0000002a   Code   RO         2451    i.I2C_Master_ADD10  stm32f4xx_hal_i2c.o
    0x08004564   0x08004564   0x00000268   Code   RO         2452    i.I2C_Master_ADDR   stm32f4xx_hal_i2c.o
    0x080047cc   0x080047cc   0x0000009e   Code   RO         2453    i.I2C_Master_SB     stm32f4xx_hal_i2c.o
    0x0800486a   0x0800486a   0x000000c6   Code   RO         2454    i.I2C_MemoryTransmit_TXE_BTF  stm32f4xx_hal_i2c.o
    0x08004930   0x08004930   0x00000160   Code   RO         2455    i.I2C_RequestMemoryRead  stm32f4xx_hal_i2c.o
    0x08004a90   0x08004a90   0x000000e0   Code   RO         2456    i.I2C_RequestMemoryWrite  stm32f4xx_hal_i2c.o
    0x08004b70   0x08004b70   0x0000001a   Code   RO         2457    i.I2C_SlaveReceive_BTF  stm32f4xx_hal_i2c.o
    0x08004b8a   0x08004b8a   0x00000046   Code   RO         2458    i.I2C_SlaveReceive_RXNE  stm32f4xx_hal_i2c.o
    0x08004bd0   0x08004bd0   0x0000001a   Code   RO         2459    i.I2C_SlaveTransmit_BTF  stm32f4xx_hal_i2c.o
    0x08004bea   0x08004bea   0x00000046   Code   RO         2460    i.I2C_SlaveTransmit_TXE  stm32f4xx_hal_i2c.o
    0x08004c30   0x08004c30   0x00000070   Code   RO         2461    i.I2C_Slave_ADDR    stm32f4xx_hal_i2c.o
    0x08004ca0   0x08004ca0   0x000000a8   Code   RO         2462    i.I2C_Slave_AF      stm32f4xx_hal_i2c.o
    0x08004d48   0x08004d48   0x0000018c   Code   RO         2463    i.I2C_Slave_STOPF   stm32f4xx_hal_i2c.o
    0x08004ed4   0x08004ed4   0x00000066   Code   RO         2464    i.I2C_WaitOnBTFFlagUntilTimeout  stm32f4xx_hal_i2c.o
    0x08004f3a   0x08004f3a   0x000000be   Code   RO         2465    i.I2C_WaitOnFlagUntilTimeout  stm32f4xx_hal_i2c.o
    0x08004ff8   0x08004ff8   0x000000fa   Code   RO         2466    i.I2C_WaitOnMasterAddressFlagUntilTimeout  stm32f4xx_hal_i2c.o
    0x080050f2   0x080050f2   0x0000008a   Code   RO         2467    i.I2C_WaitOnRXNEFlagUntilTimeout  stm32f4xx_hal_i2c.o
    0x0800517c   0x0800517c   0x00000050   Code   RO         2469    i.I2C_WaitOnSTOPRequestThroughIT  stm32f4xx_hal_i2c.o
    0x080051cc   0x080051cc   0x00000066   Code   RO         2470    i.I2C_WaitOnTXEFlagUntilTimeout  stm32f4xx_hal_i2c.o
    0x08005232   0x08005232   0x00000002   PAD
    0x08005234   0x08005234   0x000000b0   Code   RO           33    i.Joystick_Reception  main.o
    0x080052e4   0x080052e4   0x00000054   Code   RO           34    i.KMPHtoRPS         main.o
    0x08005338   0x08005338   0x0000006c   Code   RO           36    i.MX_CAN1_Init      main.o
    0x080053a4   0x080053a4   0x00000070   Code   RO           37    i.MX_CAN2_Init      main.o
    0x08005414   0x08005414   0x00000138   Code   RO           38    i.MX_GPIO_Init      main.o
    0x0800554c   0x0800554c   0x0000003c   Code   RO           39    i.MX_I2C1_Init      main.o
    0x08005588   0x08005588   0x00000034   Code   RO           40    i.MX_TIM14_Init     main.o
    0x080055bc   0x080055bc   0x00000038   Code   RO           41    i.MX_UART4_Init     main.o
    0x080055f4   0x080055f4   0x00000038   Code   RO           42    i.MX_UART5_Init     main.o
    0x0800562c   0x0800562c   0x00000004   Code   RO          563    i.MemManage_Handler  stm32f4xx_it.o
    0x08005630   0x08005630   0x00000004   Code   RO          564    i.NMI_Handler       stm32f4xx_it.o
    0x08005634   0x08005634   0x0000050c   Code   RO           45    i.New_Drive_Controls  main.o
    0x08005b40   0x08005b40   0x000000d0   Code   RO           46    i.New_Sensor_Pos    main.o
    0x08005c10   0x08005c10   0x00000184   Code   RO           48    i.Read_EEPROM_Data  main.o
    0x08005d94   0x08005d94   0x00000034   Code   RO           49    i.Reboot            main.o
    0x08005dc8   0x08005dc8   0x0000003a   Code   RO           52    i.Set_Motor_Torque  main.o
    0x08005e02   0x08005e02   0x0000003a   Code   RO           53    i.Set_Motor_Velocity  main.o
    0x08005e3c   0x08005e3c   0x00000044   Code   RO           56    i.Start_Calibration_For  main.o
    0x08005e80   0x08005e80   0x00001360   Code   RO           59    i.Steering_Controls  main.o
    0x080071e0   0x080071e0   0x00000060   Code   RO           60    i.Stop_Motors       main.o
    0x08007240   0x08007240   0x00000034   Code   RO         5529    i.SysTick_Handler   port.o
    0x08007274   0x08007274   0x000000bc   Code   RO           61    i.SystemClock_Config  main.o
    0x08007330   0x08007330   0x00000014   Code   RO         4254    i.SystemInit        system_stm32f4xx.o
    0x08007344   0x08007344   0x00000010   Code   RO          565    i.TIM1_UP_TIM10_IRQHandler  stm32f4xx_it.o
    0x08007354   0x08007354   0x00000010   Code   RO          566    i.TIM8_TRG_COM_TIM14_IRQHandler  stm32f4xx_it.o
    0x08007364   0x08007364   0x000000e8   Code   RO         2991    i.TIM_Base_SetConfig  stm32f4xx_hal_tim.o
    0x0800744c   0x0800744c   0x000000f8   Code   RO           63    i.Transmit_Motor_Torque  main.o
    0x08007544   0x08007544   0x00000010   Code   RO          567    i.UART4_IRQHandler  stm32f4xx_it.o
    0x08007554   0x08007554   0x00000010   Code   RO          568    i.UART5_IRQHandler  stm32f4xx_it.o
    0x08007564   0x08007564   0x00000014   Code   RO         3923    i.UART_DMAAbortOnError  stm32f4xx_hal_uart.o
    0x08007578   0x08007578   0x0000006c   Code   RO         3933    i.UART_EndRxTransfer  stm32f4xx_hal_uart.o
    0x080075e4   0x080075e4   0x00000020   Code   RO         3934    i.UART_EndTransmit_IT  stm32f4xx_hal_uart.o
    0x08007604   0x08007604   0x000000fc   Code   RO         3936    i.UART_Receive_IT   stm32f4xx_hal_uart.o
    0x08007700   0x08007700   0x0000022c   Code   RO         3937    i.UART_SetConfig    stm32f4xx_hal_uart.o
    0x0800792c   0x0800792c   0x00000040   Code   RO         3939    i.UART_Start_Receive_IT  stm32f4xx_hal_uart.o
    0x0800796c   0x0800796c   0x00000060   Code   RO         3940    i.UART_Transmit_IT  stm32f4xx_hal_uart.o
    0x080079cc   0x080079cc   0x00000034   Code   RO           64    i.Update_Array      main.o
    0x08007a00   0x08007a00   0x00000004   Code   RO          569    i.UsageFault_Handler  stm32f4xx_it.o
    0x08007a04   0x08007a04   0x00000298   Code   RO           65    i.Wheel_Speeds_Calc  main.o
    0x08007c9c   0x08007c9c   0x00000030   Code   RO         5752    i.__ARM_fpclassify  m_wm.l(fpclassify.o)
    0x08007ccc   0x08007ccc   0x00000010   Code   RO         2004    i.__NVIC_GetPriorityGrouping  stm32f4xx_hal_cortex.o
    0x08007cdc   0x08007cdc   0x00000028   Code   RO         2005    i.__NVIC_SetPriority  stm32f4xx_hal_cortex.o
    0x08007d04   0x08007d04   0x00000004   PAD
    0x08007d08   0x08007d08   0x000002d8   Code   RO         5653    i.__hardfp_atan     m_wm.l(atan.o)
    0x08007fe0   0x08007fe0   0x00000014   Code   RO         5667    i.__hardfp_fabs     m_wm.l(fabs.o)
    0x08007ff4   0x08007ff4   0x00000004   PAD
    0x08007ff8   0x08007ff8   0x000003c4   Code   RO         5673    i.__hardfp_log      m_wm.l(log.o)
    0x080083bc   0x080083bc   0x00000004   PAD
    0x080083c0   0x080083c0   0x000000c8   Code   RO         5687    i.__hardfp_sin      m_wm.l(sin.o)
    0x08008488   0x08008488   0x00000080   Code   RO         5699    i.__hardfp_tan      m_wm.l(tan.o)
    0x08008508   0x08008508   0x00000438   Code   RO         5757    i.__ieee754_rem_pio2  m_wm.l(rred.o)
    0x08008940   0x08008940   0x00000170   Code   RO         5735    i.__kernel_cos      m_wm.l(cos_i.o)
    0x08008ab0   0x08008ab0   0x000000f8   Code   RO         5754    i.__kernel_poly     m_wm.l(poly.o)
    0x08008ba8   0x08008ba8   0x00000130   Code   RO         5762    i.__kernel_sin      m_wm.l(sin_i.o)
    0x08008cd8   0x08008cd8   0x00000350   Code   RO         5768    i.__kernel_tan      m_wm.l(tan_i.o)
    0x08009028   0x08009028   0x00000030   Code   RO         5738    i.__mathlib_dbl_divzero  m_wm.l(dunder.o)
    0x08009058   0x08009058   0x00000014   Code   RO         5739    i.__mathlib_dbl_infnan  m_wm.l(dunder.o)
    0x0800906c   0x0800906c   0x00000004   PAD
    0x08009070   0x08009070   0x00000020   Code   RO         5741    i.__mathlib_dbl_invalid  m_wm.l(dunder.o)
    0x08009090   0x08009090   0x00000020   Code   RO         5744    i.__mathlib_dbl_underflow  m_wm.l(dunder.o)
    0x080090b0   0x080090b0   0x00000014   Code   RO          791    i.bytestowrite      eeprom.o
    0x080090c4   0x080090c4   0x00000018   Code   RO         5669    i.fabs              m_wm.l(fabs.o)
    0x080090dc   0x080090dc   0x00000150   Code   RO           66    i.main              main.o
    0x0800922c   0x0800922c   0x0000000a   Code   RO         5099    i.osKernelStart     cmsis_os.o
    0x08009236   0x08009236   0x00000002   PAD
    0x08009238   0x08009238   0x000000b4   Code   RO         4766    i.prvAddNewTaskToReadyList  tasks.o
    0x080092ec   0x080092ec   0x00000048   Code   RO         4767    i.prvCheckTasksWaitingTermination  tasks.o
    0x08009334   0x08009334   0x00000050   Code   RO         4768    i.prvDeleteTCB      tasks.o
    0x08009384   0x08009384   0x00000028   Code   RO         4769    i.prvIdleTask       tasks.o
    0x080093ac   0x080093ac   0x000000b4   Code   RO         4770    i.prvInitialiseNewTask  tasks.o
    0x08009460   0x08009460   0x00000068   Code   RO         4771    i.prvInitialiseTaskLists  tasks.o
    0x080094c8   0x080094c8   0x00000068   Code   RO         5462    i.prvInsertBlockIntoFreeList  heap_4.o
    0x08009530   0x08009530   0x00000034   Code   RO         4772    i.prvResetNextTaskUnblockTime  tasks.o
    0x08009564   0x08009564   0x00000040   Code   RO         5530    i.prvTaskExitError  port.o
    0x080095a4   0x080095a4   0x0000002c   Code   RO         5531    i.pxPortInitialiseStack  port.o
    0x080095d0   0x080095d0   0x00000028   Code   RO         4391    i.uxListRemove      list.o
    0x080095f8   0x080095f8   0x00000018   Code   RO          520    i.vApplicationGetIdleTaskMemory  freertos.o
    0x08009610   0x08009610   0x0000001a   Code   RO         4392    i.vListInitialise   list.o
    0x0800962a   0x0800962a   0x00000006   Code   RO         4393    i.vListInitialiseItem  list.o
    0x08009630   0x08009630   0x00000018   Code   RO         4395    i.vListInsertEnd    list.o
    0x08009648   0x08009648   0x00000054   Code   RO         5533    i.vPortEnterCritical  port.o
    0x0800969c   0x0800969c   0x0000003c   Code   RO         5534    i.vPortExitCritical  port.o
    0x080096d8   0x080096d8   0x000000a4   Code   RO         5464    i.vPortFree         heap_4.o
    0x0800977c   0x0800977c   0x00000028   Code   RO         5535    i.vPortSetupTimerInterrupt  port.o
    0x080097a4   0x080097a4   0x000000b0   Code   RO         4794    i.vTaskStartScheduler  tasks.o
    0x08009854   0x08009854   0x00000010   Code   RO         4796    i.vTaskSuspendAll   tasks.o
    0x08009864   0x08009864   0x0000008c   Code   RO         4797    i.vTaskSwitchContext  tasks.o
    0x080098f0   0x080098f0   0x00000168   Code   RO         5537    i.xPortStartScheduler  port.o
    0x08009a58   0x08009a58   0x000000ba   Code   RO         4801    i.xTaskCreateStatic  tasks.o
    0x08009b12   0x08009b12   0x00000002   PAD
    0x08009b14   0x08009b14   0x00000148   Code   RO         4808    i.xTaskIncrementTick  tasks.o
    0x08009c5c   0x08009c5c   0x00000104   Code   RO         4814    i.xTaskResumeAll    tasks.o
    0x08009d60   0x08009d60   0x00000018   Code   RO         5722    x$fpl$basic         fz_wm.l(basic.o)
    0x08009d78   0x08009d78   0x00000062   Code   RO         5621    x$fpl$d2f           fz_wm.l(d2f.o)
    0x08009dda   0x08009dda   0x00000002   PAD
    0x08009ddc   0x08009ddc   0x00000150   Code   RO         5623    x$fpl$dadd          fz_wm.l(daddsub_clz.o)
    0x08009f2c   0x08009f2c   0x00000018   Code   RO         5724    x$fpl$dcmpinf       fz_wm.l(dcmpi.o)
    0x08009f44   0x08009f44   0x000002b0   Code   RO         5630    x$fpl$ddiv          fz_wm.l(ddiv.o)
    0x0800a1f4   0x0800a1f4   0x00000078   Code   RO         5633    x$fpl$deqf          fz_wm.l(deqf.o)
    0x0800a26c   0x0800a26c   0x0000005e   Code   RO         5635    x$fpl$dfix          fz_wm.l(dfix.o)
    0x0800a2ca   0x0800a2ca   0x0000002e   Code   RO         5640    x$fpl$dflt          fz_wm.l(dflt_clz.o)
    0x0800a2f8   0x0800a2f8   0x00000026   Code   RO         5639    x$fpl$dfltu         fz_wm.l(dflt_clz.o)
    0x0800a31e   0x0800a31e   0x00000002   PAD
    0x0800a320   0x0800a320   0x00000078   Code   RO         5645    x$fpl$dleqf         fz_wm.l(dleqf.o)
    0x0800a398   0x0800a398   0x00000154   Code   RO         5647    x$fpl$dmul          fz_wm.l(dmul.o)
    0x0800a4ec   0x0800a4ec   0x0000009c   Code   RO         5726    x$fpl$dnaninf       fz_wm.l(dnaninf.o)
    0x0800a588   0x0800a588   0x0000000c   Code   RO         5728    x$fpl$dretinf       fz_wm.l(dretinf.o)
    0x0800a594   0x0800a594   0x0000006c   Code   RO         5649    x$fpl$drleqf        fz_wm.l(drleqf.o)
    0x0800a600   0x0800a600   0x00000016   Code   RO         5624    x$fpl$drsb          fz_wm.l(daddsub_clz.o)
    0x0800a616   0x0800a616   0x00000002   PAD
    0x0800a618   0x0800a618   0x000001d4   Code   RO         5625    x$fpl$dsub          fz_wm.l(daddsub_clz.o)
    0x0800a7ec   0x0800a7ec   0x00000056   Code   RO         5651    x$fpl$f2d           fz_wm.l(f2d.o)
    0x0800a842   0x0800a842   0x0000008c   Code   RO         5730    x$fpl$fnaninf       fz_wm.l(fnaninf.o)
    0x0800a8ce   0x0800a8ce   0x0000000a   Code   RO         5881    x$fpl$fpinit        fz_wm.l(fpinit.o)
    0x0800a8d8   0x0800a8d8   0x0000000a   Code   RO         5732    x$fpl$fretinf       fz_wm.l(fretinf.o)
    0x0800a8e2   0x0800a8e2   0x00000000   Code   RO         5734    x$fpl$usenofp       fz_wm.l(usenofp.o)
    0x0800a8e2   0x0800a8e2   0x00000018   Data   RO         4255    .constdata          system_stm32f4xx.o
    0x0800a8fa   0x0800a8fa   0x00000006   PAD
    0x0800a900   0x0800a900   0x00000098   Data   RO         5656    .constdata          m_wm.l(atan.o)
    0x0800a998   0x0800a998   0x00000038   Data   RO         5676    .constdata          m_wm.l(log.o)
    0x0800a9d0   0x0800a9d0   0x00000030   Data   RO         5736    .constdata          m_wm.l(cos_i.o)
    0x0800aa00   0x0800aa00   0x00000008   Data   RO         5756    .constdata          m_wm.l(qnan.o)
    0x0800aa08   0x0800aa08   0x000000c8   Data   RO         5759    .constdata          m_wm.l(rred.o)
    0x0800aad0   0x0800aad0   0x00000028   Data   RO         5763    .constdata          m_wm.l(sin_i.o)
    0x0800aaf8   0x0800aaf8   0x00000060   Data   RO         5769    .constdata          m_wm.l(tan_i.o)
    0x0800ab58   0x0800ab58   0x00000020   Data   RO         5939    Region$$Table       anon$$obj.o


    Execution Region RW_IRAM1 (Exec base: 0x20000000, Load base: 0x0800ab78, Size: 0x000012f0, Max: 0x00020000, ABSOLUTE, COMPRESSED[0x000000b4])

    Exec Addr    Load Addr    Size         Type   Attr      Idx    E Section Name        Object

    0x20000000   COMPRESSED   0x000003d4   Data   RW           68    .data               main.o
    0x200003d4   COMPRESSED   0x00000004   Data   RW          681    .data               stm32f4xx_hal_msp.o
    0x200003d8   COMPRESSED   0x00000009   Data   RW         2158    .data               stm32f4xx_hal.o
    0x200003e1   COMPRESSED   0x00000003   PAD
    0x200003e4   COMPRESSED   0x00000004   Data   RW         4256    .data               system_stm32f4xx.o
    0x200003e8   COMPRESSED   0x0000003c   Data   RW         4817    .data               tasks.o
    0x20000424   COMPRESSED   0x00000020   Data   RW         5470    .data               heap_4.o
    0x20000444   COMPRESSED   0x0000000c   Data   RW         5538    .data               port.o
    0x20000450        -       0x000004b0   Zero   RW           67    .bss                main.o
    0x20000900        -       0x00000254   Zero   RW          521    .bss                freertos.o
    0x20000b54        -       0x00000048   Zero   RW          749    .bss                stm32f4xx_hal_timebase_tim.o
    0x20000b9c        -       0x000000f0   Zero   RW         4816    .bss                tasks.o
    0x20000c8c        -       0x00000060   Zero   RW         5797    .bss                c_w.l(libspace.o)
    0x20000cec   COMPRESSED   0x00000004   PAD
    0x20000cf0        -       0x00000200   Zero   RW            2    HEAP                startup_stm32f446xx.o
    0x20000ef0        -       0x00000400   Zero   RW            1    STACK               startup_stm32f446xx.o


==============================================================================

Image component sizes


      Code (inc. data)   RO Data    RW Data    ZI Data      Debug   Object Name

        10          0          0          0          0      20800   cmsis_os.o
       460         42          0          0          0       3036   eeprom.o
         0          0          0          0          0      16820   event_groups.o
        24         10          0          0        596       1188   freertos.o
       268         22          0         32          0       5424   heap_4.o
        96          0          0          0          0       2756   list.o
     12968       1310          0        980       1200     802998   main.o
       894         78          0         12          0      10956   port.o
        64         26        452          0       1536        828   startup_stm32f446xx.o
       136         24          0          9          0       8458   stm32f4xx_hal.o
      2146          6          0          0          0      13455   stm32f4xx_hal_can.o
       260         22          0          0          0      33454   stm32f4xx_hal_cortex.o
       220          0          0          0          0       2486   stm32f4xx_hal_dma.o
       512         40          0          0          0       2707   stm32f4xx_hal_gpio.o
      7350         84          0          0          0      34400   stm32f4xx_hal_i2c.o
      1052         76          0          4          0       4204   stm32f4xx_hal_msp.o
       140         12          0          0          0       1244   stm32f4xx_hal_pwr_ex.o
       532         56          0          0          0       3835   stm32f4xx_hal_rcc.o
      1536         40          0          0          0       2762   stm32f4xx_hal_rcc_ex.o
       874         76          0          0          0       5899   stm32f4xx_hal_tim.o
         4          0          0          0          0       1545   stm32f4xx_hal_tim_ex.o
       160         20          0          0         72       1379   stm32f4xx_hal_timebase_tim.o
      2040         14          0          0          0      10260   stm32f4xx_hal_uart.o
       182         60          0          0          0       7536   stm32f4xx_it.o
         0          0          0          0          0        392   stream_buffer.o
        20          6         24          4          0       1079   system_stm32f4xx.o
      1814        232          0         60        240      17454   tasks.o

    ----------------------------------------------------------------------
     33800       2260        514       1104       3644    1017355   Object Totals
         0          0         32          0          0          0   (incl. Generated)
        38          4          6          3          0          0   (incl. Padding)

    ----------------------------------------------------------------------

      Code (inc. data)   RO Data    RW Data    ZI Data      Debug   Library Member Name

        90          0          0          0          0          0   __dczerorl2.o
         8          0          0          0          0         68   __main.o
         0          0          0          0          0          0   __rtentry.o
        12          0          0          0          0          0   __rtentry2.o
         6          0          0          0          0          0   __rtentry4.o
        52          8          0          0          0          0   __scatter.o
        28          0          0          0          0          0   __scatter_zi.o
        22          0          0          0          0        100   _rserrno.o
        18          0          0          0          0         80   exit.o
         6          0          0          0          0        152   heapauxi.o
         0          0          0          0          0          0   indicate_semi.o
         2          0          0          0          0          0   libinit.o
         6          0          0          0          0          0   libinit2.o
         2          0          0          0          0          0   libshutdown.o
         2          0          0          0          0          0   libshutdown2.o
         8          4          0          0         96         68   libspace.o
       238          0          0          0          0        100   lludivv7m.o
         8          4          0          0          0         68   rt_errno_addr_intlibspace.o
        78          0          0          0          0         80   rt_memclr_w.o
       138          0          0          0          0         68   rt_memcpy_v6.o
       100          0          0          0          0         80   rt_memcpy_w.o
         2          0          0          0          0          0   rtexit.o
        10          0          0          0          0          0   rtexit2.o
        12          4          0          0          0         68   sys_exit.o
        74          0          0          0          0         80   sys_stackheap_outer.o
         2          0          0          0          0         68   use_no_semi.o
        24          0          0          0          0        164   basic.o
        98          4          0          0          0        140   d2f.o
       826         16          0          0          0        492   daddsub_clz.o
        24          0          0          0          0        116   dcmpi.o
       688        140          0          0          0        256   ddiv.o
       120          4          0          0          0        140   deqf.o
        94          4          0          0          0        140   dfix.o
        84          0          0          0          0        232   dflt_clz.o
       120          4          0          0          0        140   dleqf.o
       340         12          0          0          0        152   dmul.o
       156          4          0          0          0        140   dnaninf.o
        12          0          0          0          0        116   dretinf.o
       108          0          0          0          0        128   drleqf.o
        86          4          0          0          0        132   f2d.o
       140          4          0          0          0        132   fnaninf.o
        10          0          0          0          0        116   fpinit.o
        10          0          0          0          0        116   fretinf.o
         0          0          0          0          0          0   usenofp.o
       728        106        152          0          0        228   atan.o
       368         46         48          0          0        200   cos_i.o
       132         36          0          0          0        496   dunder.o
        44          0          0          0          0        248   fabs.o
        48          0          0          0          0        124   fpclassify.o
       964         92         56          0          0        316   log.o
       248          0          0          0          0        152   poly.o
         0          0          8          0          0          0   qnan.o
      1080        142        200          0          0        188   rred.o
       200         20          0          0          0        164   sin.o
       304         24         40          0          0        208   sin_i.o
       128         20          0          0          0        144   tan.o
       848         84         96          0          0        196   tan_i.o

    ----------------------------------------------------------------------
      8982        790        600          0        100       6596   Library Totals
        26          4          0          0          4          0   (incl. Padding)

    ----------------------------------------------------------------------

      Code (inc. data)   RO Data    RW Data    ZI Data      Debug   Library Name

       924         20          0          0         96       1080   c_w.l
      2940        196          0          0          0       2852   fz_wm.l
      5092        570        600          0          0       2664   m_wm.l

    ----------------------------------------------------------------------
      8982        790        600          0        100       6596   Library Totals

    ----------------------------------------------------------------------

==============================================================================


      Code (inc. data)   RO Data    RW Data    ZI Data      Debug   

     42782       3050       1114       1104       3744    1000983   Grand Totals
     42782       3050       1114        180       3744    1000983   ELF Image Totals (compressed)
     42782       3050       1114        180          0          0   ROM Totals

==============================================================================

    Total RO  Size (Code + RO Data)                43896 (  42.87kB)
    Total RW  Size (RW Data + ZI Data)              4848 (   4.73kB)
    Total ROM Size (Code + RO Data + RW Data)      44076 (  43.04kB)

==============================================================================

