Component: ARM Compiler 5.06 update 7 (build 960) Tool: armlink [4d3601]

==============================================================================

Section Cross References

    startup_stm32f446xx.o(STACK) refers (Special) to heapauxi.o(.text) for __use_two_region_memory
    startup_stm32f446xx.o(HEAP) refers (Special) to heapauxi.o(.text) for __use_two_region_memory
    startup_stm32f446xx.o(RESET) refers (Special) to heapauxi.o(.text) for __use_two_region_memory
    startup_stm32f446xx.o(RESET) refers to startup_stm32f446xx.o(STACK) for __initial_sp
    startup_stm32f446xx.o(RESET) refers to startup_stm32f446xx.o(.text) for Reset_Handler
    startup_stm32f446xx.o(RESET) refers to stm32f4xx_it.o(i.NMI_Handler) for NMI_Handler
    startup_stm32f446xx.o(RESET) refers to stm32f4xx_it.o(i.HardFault_Handler) for HardFault_Handler
    startup_stm32f446xx.o(RESET) refers to stm32f4xx_it.o(i.MemManage_Handler) for MemManage_Handler
    startup_stm32f446xx.o(RESET) refers to stm32f4xx_it.o(i.BusFault_Handler) for BusFault_Handler
    startup_stm32f446xx.o(RESET) refers to stm32f4xx_it.o(i.UsageFault_Handler) for UsageFault_Handler
    startup_stm32f446xx.o(RESET) refers to stm32f4xx_it.o(i.SVC_Handler) for SVC_Handler
    startup_stm32f446xx.o(RESET) refers to stm32f4xx_it.o(i.DebugMon_Handler) for DebugMon_Handler
    startup_stm32f446xx.o(RESET) refers to stm32f4xx_it.o(i.PendSV_Handler) for PendSV_Handler
    startup_stm32f446xx.o(RESET) refers to stm32f4xx_it.o(i.SysTick_Handler) for SysTick_Handler
    startup_stm32f446xx.o(RESET) refers to stm32f4xx_it.o(i.CAN1_RX0_IRQHandler) for CAN1_RX0_IRQHandler
    startup_stm32f446xx.o(RESET) refers to stm32f4xx_it.o(i.CAN1_RX1_IRQHandler) for CAN1_RX1_IRQHandler
    startup_stm32f446xx.o(RESET) refers to stm32f4xx_it.o(i.TIM8_TRG_COM_TIM14_IRQHandler) for TIM8_TRG_COM_TIM14_IRQHandler
    startup_stm32f446xx.o(RESET) refers to stm32f4xx_it.o(i.UART4_IRQHandler) for UART4_IRQHandler
    startup_stm32f446xx.o(RESET) refers to stm32f4xx_it.o(i.UART5_IRQHandler) for UART5_IRQHandler
    startup_stm32f446xx.o(RESET) refers to stm32f4xx_it.o(i.CAN2_RX0_IRQHandler) for CAN2_RX0_IRQHandler
    startup_stm32f446xx.o(RESET) refers to stm32f4xx_it.o(i.CAN2_RX1_IRQHandler) for CAN2_RX1_IRQHandler
    startup_stm32f446xx.o(.text) refers (Special) to heapauxi.o(.text) for __use_two_region_memory
    startup_stm32f446xx.o(.text) refers to system_stm32f4xx.o(i.SystemInit) for SystemInit
    startup_stm32f446xx.o(.text) refers to __main.o(!!!main) for __main
    startup_stm32f446xx.o(.text) refers to startup_stm32f446xx.o(HEAP) for Heap_Mem
    startup_stm32f446xx.o(.text) refers to startup_stm32f446xx.o(STACK) for Stack_Mem
    eeprom.o(i.EEPROM_PageErase) refers to log.o(i.__hardfp_log) for __hardfp_log
    eeprom.o(i.EEPROM_PageErase) refers to ddiv.o(x$fpl$ddiv) for __aeabi_ddiv
    eeprom.o(i.EEPROM_PageErase) refers to dfix.o(x$fpl$dfix) for __aeabi_d2iz
    eeprom.o(i.EEPROM_PageErase) refers to aeabi_memset.o(.text) for __aeabi_memset
    eeprom.o(i.EEPROM_PageErase) refers to stm32f4xx_hal_i2c.o(i.HAL_I2C_Mem_Write) for HAL_I2C_Mem_Write
    eeprom.o(i.EEPROM_PageErase) refers to stm32f4xx_hal.o(i.HAL_Delay) for HAL_Delay
    eeprom.o(i.EEPROM_PageErase) refers to main.o(.bss) for hi2c3
    eeprom.o(i.EEPROM_Read) refers to log.o(i.__hardfp_log) for __hardfp_log
    eeprom.o(i.EEPROM_Read) refers to ddiv.o(x$fpl$ddiv) for __aeabi_ddiv
    eeprom.o(i.EEPROM_Read) refers to dfix.o(x$fpl$dfix) for __aeabi_d2iz
    eeprom.o(i.EEPROM_Read) refers to eeprom.o(i.bytestowrite) for bytestowrite
    eeprom.o(i.EEPROM_Read) refers to stm32f4xx_hal_i2c.o(i.HAL_I2C_Mem_Read) for HAL_I2C_Mem_Read
    eeprom.o(i.EEPROM_Read) refers to main.o(.bss) for hi2c3
    eeprom.o(i.EEPROM_Read_NUM) refers to eeprom.o(i.EEPROM_Read) for EEPROM_Read
    eeprom.o(i.EEPROM_Read_NUM) refers to eeprom.o(i.Bytes2float) for Bytes2float
    eeprom.o(i.EEPROM_Write) refers to log.o(i.__hardfp_log) for __hardfp_log
    eeprom.o(i.EEPROM_Write) refers to ddiv.o(x$fpl$ddiv) for __aeabi_ddiv
    eeprom.o(i.EEPROM_Write) refers to dfix.o(x$fpl$dfix) for __aeabi_d2iz
    eeprom.o(i.EEPROM_Write) refers to eeprom.o(i.bytestowrite) for bytestowrite
    eeprom.o(i.EEPROM_Write) refers to stm32f4xx_hal_i2c.o(i.HAL_I2C_Mem_Write) for HAL_I2C_Mem_Write
    eeprom.o(i.EEPROM_Write) refers to stm32f4xx_hal.o(i.HAL_Delay) for HAL_Delay
    eeprom.o(i.EEPROM_Write) refers to main.o(.bss) for hi2c3
    eeprom.o(i.EEPROM_Write_NUM) refers to eeprom.o(i.float2Bytes) for float2Bytes
    eeprom.o(i.EEPROM_Write_NUM) refers to eeprom.o(i.EEPROM_Write) for EEPROM_Write
    eeprom.o(i.EEPROM_Write_NUM) refers to eeprom.o(.data) for bytes_temp
    main.o(i.Absolute_Position_Reception) refers to main.o(.bss) for Absolute_Position
    main.o(i.Absolute_Position_Reception) refers to main.o(.data) for RxData2
    main.o(i.Battery_Status_Indication) refers to stm32f4xx_hal_gpio.o(i.HAL_GPIO_ReadPin) for HAL_GPIO_ReadPin
[...]
    TAMP_STAMP_IRQHandler                    0x080002bf   Thumb Code     0  startup_stm32f446xx.o(.text)
    TIM1_BRK_TIM9_IRQHandler                 0x080002bf   Thumb Code     0  startup_stm32f446xx.o(.text)
    TIM1_CC_IRQHandler                       0x080002bf   Thumb Code     0  startup_stm32f446xx.o(.text)
    TIM1_TRG_COM_TIM11_IRQHandler            0x080002bf   Thumb Code     0  startup_stm32f446xx.o(.text)
    TIM1_UP_TIM10_IRQHandler                 0x080002bf   Thumb Code     0  startup_stm32f446xx.o(.text)
    TIM2_IRQHandler                          0x080002bf   Thumb Code     0  startup_stm32f446xx.o(.text)
    TIM3_IRQHandler                          0x080002bf   Thumb Code     0  startup_stm32f446xx.o(.text)
    TIM4_IRQHandler                          0x080002bf   Thumb Code     0  startup_stm32f446xx.o(.text)
    TIM5_IRQHandler                          0x080002bf   Thumb Code     0  startup_stm32f446xx.o(.text)
    TIM6_DAC_IRQHandler                      0x080002bf   Thumb Code     0  startup_stm32f446xx.o(.text)
    TIM7_IRQHandler                          0x080002bf   Thumb Code     0  startup_stm32f446xx.o(.text)
    TIM8_BRK_TIM12_IRQHandler                0x080002bf   Thumb Code     0  startup_stm32f446xx.o(.text)
    TIM8_CC_IRQHandler                       0x080002bf   Thumb Code     0  startup_stm32f446xx.o(.text)
    TIM8_UP_TIM13_IRQHandler                 0x080002bf   Thumb Code     0  startup_stm32f446xx.o(.text)
    USART1_IRQHandler                        0x080002bf   Thumb Code     0  startup_stm32f446xx.o(.text)
    USART2_IRQHandler                        0x080002bf   Thumb Code     0  startup_stm32f446xx.o(.text)
    USART3_IRQHandler                        0x080002bf   Thumb Code     0  startup_stm32f446xx.o(.text)
    USART6_IRQHandler                        0x080002bf   Thumb Code     0  startup_stm32f446xx.o(.text)
    WWDG_IRQHandler                          0x080002bf   Thumb Code     0  startup_stm32f446xx.o(.text)
    __user_initial_stackheap                 0x080002c1   Thumb Code     0  startup_stm32f446xx.o(.text)
    __aeabi_uldivmod                         0x080002e5   Thumb Code     0  lludivv7m.o(.text)
    _ll_udiv                                 0x080002e5   Thumb Code   238  lludivv7m.o(.text)
    __aeabi_memcpy                           0x080003d3   Thumb Code     0  rt_memcpy_v6.o(.text)
    __rt_memcpy                              0x080003d3   Thumb Code   138  rt_memcpy_v6.o(.text)
    _memcpy_lastbytes                        0x08000439   Thumb Code     0  rt_memcpy_v6.o(.text)
    __aeabi_memclr4                          0x0800045d   Thumb Code     0  rt_memclr_w.o(.text)
    __aeabi_memclr8                          0x0800045d   Thumb Code     0  rt_memclr_w.o(.text)
    __rt_memclr_w                            0x0800045d   Thumb Code    78  rt_memclr_w.o(.text)
    _memset_w                                0x08000461   Thumb Code     0  rt_memclr_w.o(.text)
    __use_two_region_memory                  0x080004ab   Thumb Code     2  heapauxi.o(.text)
    __rt_heap_escrow$2region                 0x080004ad   Thumb Code     2  heapauxi.o(.text)
    __rt_heap_expand$2region                 0x080004af   Thumb Code     2  heapauxi.o(.text)
    __read_errno                             0x080004b1   Thumb Code    10  _rserrno.o(.text)
    __set_errno                              0x080004bb   Thumb Code    12  _rserrno.o(.text)
    __aeabi_memcpy4                          0x080004c7   Thumb Code     0  rt_memcpy_w.o(.text)
    __aeabi_memcpy8                          0x080004c7   Thumb Code     0  rt_memcpy_w.o(.text)
    __rt_memcpy_w                            0x080004c7   Thumb Code   100  rt_memcpy_w.o(.text)
    _memcpy_lastbytes_aligned                0x0800050f   Thumb Code     0  rt_memcpy_w.o(.text)
    __aeabi_errno_addr                       0x0800052d   Thumb Code     8  rt_errno_addr_intlibspace.o(.text)
    __errno$intlibspace                      0x0800052d   Thumb Code     0  rt_errno_addr_intlibspace.o(.text)
    __rt_errno_addr$intlibspace              0x0800052d   Thumb Code     0  rt_errno_addr_intlibspace.o(.text)
    __user_libspace                          0x08000535   Thumb Code     8  libspace.o(.text)
    __user_perproc_libspace                  0x08000535   Thumb Code     0  libspace.o(.text)
    __user_perthread_libspace                0x08000535   Thumb Code     0  libspace.o(.text)
    __user_setup_stackheap                   0x0800053d   Thumb Code    74  sys_stackheap_outer.o(.text)
    exit                                     0x08000587   Thumb Code    18  exit.o(.text)
    _sys_exit                                0x08000599   Thumb Code     8  sys_exit.o(.text)
    __I$use$semihosting                      0x080005a5   Thumb Code     0  use_no_semi.o(.text)
    __use_no_semihosting_swi                 0x080005a5   Thumb Code     2  use_no_semi.o(.text)
    __semihosting_library_function           0x080005a7   Thumb Code     0  indicate_semi.o(.text)
    Absolute_Position_Reception              0x080005a9   Thumb Code    40  main.o(i.Absolute_Position_Reception)
    BusFault_Handler                         0x080005dd   Thumb Code     4  stm32f4xx_it.o(i.BusFault_Handler)
    CAN1_RX0_IRQHandler                      0x080005e1   Thumb Code    10  stm32f4xx_it.o(i.CAN1_RX0_IRQHandler)
    CAN1_RX1_IRQHandler                      0x080005f1   Thumb Code    10  stm32f4xx_it.o(i.CAN1_RX1_IRQHandler)
    CAN2_RX0_IRQHandler                      0x08000601   Thumb Code    10  stm32f4xx_it.o(i.CAN2_RX0_IRQHandler)
    CAN2_RX1_IRQHandler                      0x08000611   Thumb Code    10  stm32f4xx_it.o(i.CAN2_RX1_IRQHandler)
    CAN_Reception                            0x08000621   Thumb Code    68  main.o(i.CAN_Reception)
    CAN_SPI_READ                             0x0800066d   Thumb Code    14  main.o(i.CAN_SPI_READ)
    CAN_Transmit                             0x0800067d   Thumb Code   372  main.o(i.CAN_Transmit)
    Contour_PID                              0x08000805   Thumb Code   350  main.o(i.Contour_PID)
    DebugMon_Handler                         0x0800099d   Thumb Code     2  stm32f4xx_it.o(i.DebugMon_Handler)
    Demo                                     0x080009a1   Thumb Code   884  main.o(i.Demo)
    Differintial_Angle                       0x08000d65   Thumb Code   216  main.o(i.Differintial_Angle)
    Dynamic_Width_Adjustment                 0x08000e6d   Thumb Code   362  main.o(i.Dynamic_Width_Adjustment)
    Emergency_Stop                           0x08001009   Thumb Code   324  main.o(i.Emergency_Stop)
    Error_Handler                            0x08001181   Thumb Code     6  main.o(i.Error_Handler)
    Frame_Controls                           0x08001189   Thumb Code   464  main.o(i.Frame_Controls)
    HAL_CAN_ActivateNotification             0x080013b5   Thumb Code    42  stm32f4xx_hal_can.o(i.HAL_CAN_ActivateNotification)
    HAL_CAN_AddTxMessage                     0x080013df   Thumb Code   330  stm32f4xx_hal_can.o(i.HAL_CAN_AddTxMessage)
    HAL_CAN_ConfigFilter                     0x08001529   Thumb Code   286  stm32f4xx_hal_can.o(i.HAL_CAN_ConfigFilter)
    HAL_CAN_ErrorCallback                    0x0800164d   Thumb Code     2  stm32f4xx_hal_can.o(i.HAL_CAN_ErrorCallback)
    HAL_CAN_GetRxMessage                     0x0800164f   Thumb Code   404  stm32f4xx_hal_can.o(i.HAL_CAN_GetRxMessage)
    HAL_CAN_IRQHandler                       0x080017e3   Thumb Code   590  stm32f4xx_hal_can.o(i.HAL_CAN_IRQHandler)
    HAL_CAN_Init                             0x08001a31   Thumb Code   372  stm32f4xx_hal_can.o(i.HAL_CAN_Init)
    HAL_CAN_MspInit                          0x08001ba5   Thumb Code   364  stm32f4xx_hal_msp.o(i.HAL_CAN_MspInit)
    HAL_CAN_RxFifo0FullCallback              0x08001d29   Thumb Code     2  stm32f4xx_hal_can.o(i.HAL_CAN_RxFifo0FullCallback)
    HAL_CAN_RxFifo0MsgPendingCallback        0x08001d2d   Thumb Code   830  main.o(i.HAL_CAN_RxFifo0MsgPendingCallback)
    HAL_CAN_RxFifo1FullCallback              0x080020d1   Thumb Code     2  stm32f4xx_hal_can.o(i.HAL_CAN_RxFifo1FullCallback)
    HAL_CAN_RxFifo1MsgPendingCallback        0x080020d5   Thumb Code   278  main.o(i.HAL_CAN_RxFifo1MsgPendingCallback)
    HAL_CAN_SleepCallback                    0x08002219   Thumb Code     2  stm32f4xx_hal_can.o(i.HAL_CAN_SleepCallback)
    HAL_CAN_Start                            0x0800221b   Thumb Code    94  stm32f4xx_hal_can.o(i.HAL_CAN_Start)
    HAL_CAN_TxMailbox0AbortCallback          0x08002279   Thumb Code     2  stm32f4xx_hal_can.o(i.HAL_CAN_TxMailbox0AbortCallback)
    HAL_CAN_TxMailbox0CompleteCallback       0x0800227b   Thumb Code     2  stm32f4xx_hal_can.o(i.HAL_CAN_TxMailbox0CompleteCallback)
    HAL_CAN_TxMailbox1AbortCallback          0x0800227d   Thumb Code     2  stm32f4xx_hal_can.o(i.HAL_CAN_TxMailbox1AbortCallback)
    HAL_CAN_TxMailbox1CompleteCallback       0x0800227f   Thumb Code     2  stm32f4xx_hal_can.o(i.HAL_CAN_TxMailbox1CompleteCallback)
    HAL_CAN_TxMailbox2AbortCallback          0x08002281   Thumb Code     2  stm32f4xx_hal_can.o(i.HAL_CAN_TxMailbox2AbortCallback)
    HAL_CAN_TxMailbox2CompleteCallback       0x08002283   Thumb Code     2  stm32f4xx_hal_can.o(i.HAL_CAN_TxMailbox2CompleteCallback)
    HAL_CAN_WakeUpFromRxMsgCallback          0x08002285   Thumb Code     2  stm32f4xx_hal_can.o(i.HAL_CAN_WakeUpFromRxMsgCallback)
    HAL_DMA_Abort                            0x08002287   Thumb Code   172  stm32f4xx_hal_dma.o(i.HAL_DMA_Abort)
    HAL_DMA_Abort_IT                         0x08002333   Thumb Code    40  stm32f4xx_hal_dma.o(i.HAL_DMA_Abort_IT)
    HAL_Delay                                0x0800235d   Thumb Code    36  stm32f4xx_hal.o(i.HAL_Delay)
    HAL_GPIO_Init                            0x08002385   Thumb Code   444  stm32f4xx_hal_gpio.o(i.HAL_GPIO_Init)
    HAL_GPIO_ReadPin                         0x08002569   Thumb Code    16  stm32f4xx_hal_gpio.o(i.HAL_GPIO_ReadPin)
    HAL_GPIO_WritePin                        0x08002579   Thumb Code    12  stm32f4xx_hal_gpio.o(i.HAL_GPIO_WritePin)
    HAL_GetTick                              0x08002585   Thumb Code     6  stm32f4xx_hal.o(i.HAL_GetTick)
    HAL_I2C_Init                             0x08002591   Thumb Code   446  stm32f4xx_hal_i2c.o(i.HAL_I2C_Init)
    HAL_I2C_MspInit                          0x08002761   Thumb Code   182  stm32f4xx_hal_msp.o(i.HAL_I2C_MspInit)
    HAL_IncTick                              0x08002829   Thumb Code    16  stm32f4xx_hal.o(i.HAL_IncTick)
    HAL_Init                                 0x08002841   Thumb Code    54  stm32f4xx_hal.o(i.HAL_Init)
    HAL_InitTick                             0x0800287d   Thumb Code    64  stm32f4xx_hal.o(i.HAL_InitTick)
    HAL_MspInit                              0x080028c9   Thumb Code    68  stm32f4xx_hal_msp.o(i.HAL_MspInit)
    HAL_NVIC_EnableIRQ                       0x08002911   Thumb Code    40  stm32f4xx_hal_cortex.o(i.HAL_NVIC_EnableIRQ)
    HAL_NVIC_SetPriority                     0x08002939   Thumb Code   124  stm32f4xx_hal_cortex.o(i.HAL_NVIC_SetPriority)
    HAL_NVIC_SetPriorityGrouping             0x080029b5   Thumb Code    32  stm32f4xx_hal_cortex.o(i.HAL_NVIC_SetPriorityGrouping)
    HAL_PWREx_EnableOverDrive                0x080029dd   Thumb Code   128  stm32f4xx_hal_pwr_ex.o(i.HAL_PWREx_EnableOverDrive)
    HAL_RCC_ClockConfig                      0x08002a69   Thumb Code   368  stm32f4xx_hal_rcc.o(i.HAL_RCC_ClockConfig)
    HAL_RCC_GetHCLKFreq                      0x08002bed   Thumb Code     6  stm32f4xx_hal_rcc.o(i.HAL_RCC_GetHCLKFreq)
    HAL_RCC_GetPCLK1Freq                     0x08002bf9   Thumb Code    22  stm32f4xx_hal_rcc.o(i.HAL_RCC_GetPCLK1Freq)
    HAL_RCC_GetPCLK2Freq                     0x08002c19   Thumb Code    22  stm32f4xx_hal_rcc.o(i.HAL_RCC_GetPCLK2Freq)
    HAL_RCC_GetSysClockFreq                  0x08002c39   Thumb Code   266  stm32f4xx_hal_rcc_ex.o(i.HAL_RCC_GetSysClockFreq)
    HAL_RCC_OscConfig                        0x08002d51   Thumb Code  1246  stm32f4xx_hal_rcc_ex.o(i.HAL_RCC_OscConfig)
    HAL_SYSTICK_Config                       0x08003239   Thumb Code    52  stm32f4xx_hal_cortex.o(i.HAL_SYSTICK_Config)
    HAL_TIMEx_BreakCallback                  0x0800326d   Thumb Code     2  stm32f4xx_hal_tim_ex.o(i.HAL_TIMEx_BreakCallback)
    HAL_TIMEx_CommutCallback                 0x0800326f   Thumb Code     2  stm32f4xx_hal_tim_ex.o(i.HAL_TIMEx_CommutCallback)
    HAL_TIM_Base_Init                        0x08003271   Thumb Code   102  stm32f4xx_hal_tim.o(i.HAL_TIM_Base_Init)
    HAL_TIM_Base_MspInit                     0x080032d9   Thumb Code    62  stm32f4xx_hal_msp.o(i.HAL_TIM_Base_MspInit)
    HAL_TIM_IC_CaptureCallback               0x08003321   Thumb Code     2  stm32f4xx_hal_tim.o(i.HAL_TIM_IC_CaptureCallback)
    HAL_TIM_IRQHandler                       0x08003323   Thumb Code   364  stm32f4xx_hal_tim.o(i.HAL_TIM_IRQHandler)
    HAL_TIM_OC_DelayElapsedCallback          0x0800348f   Thumb Code     2  stm32f4xx_hal_tim.o(i.HAL_TIM_OC_DelayElapsedCallback)
    HAL_TIM_PWM_PulseFinishedCallback        0x08003491   Thumb Code     2  stm32f4xx_hal_tim.o(i.HAL_TIM_PWM_PulseFinishedCallback)
    HAL_TIM_PeriodElapsedCallback            0x08003493   Thumb Code     2  stm32f4xx_hal_tim.o(i.HAL_TIM_PeriodElapsedCallback)
    HAL_TIM_TriggerCallback                  0x08003495   Thumb Code     2  stm32f4xx_hal_tim.o(i.HAL_TIM_TriggerCallback)
    HAL_UARTEx_RxEventCallback               0x08003497   Thumb Code     2  stm32f4xx_hal_uart.o(i.HAL_UARTEx_RxEventCallback)
    HAL_UART_ErrorCallback                   0x08003499   Thumb Code     2  stm32f4xx_hal_uart.o(i.HAL_UART_ErrorCallback)
    HAL_UART_IRQHandler                      0x0800349d   Thumb Code   740  stm32f4xx_hal_uart.o(i.HAL_UART_IRQHandler)
    HAL_UART_Init                            0x08003785   Thumb Code   118  stm32f4xx_hal_uart.o(i.HAL_UART_Init)
    HAL_UART_MspInit                         0x080037fd   Thumb Code   318  stm32f4xx_hal_msp.o(i.HAL_UART_MspInit)
    HAL_UART_Receive_IT                      0x08003955   Thumb Code    44  stm32f4xx_hal_uart.o(i.HAL_UART_Receive_IT)
    HAL_UART_RxCpltCallback                  0x08003981   Thumb Code    26  main.o(i.HAL_UART_RxCpltCallback)
    HAL_UART_Transmit_IT                     0x080039a9   Thumb Code    56  stm32f4xx_hal_uart.o(i.HAL_UART_Transmit_IT)
    HAL_UART_TxCpltCallback                  0x080039e1   Thumb Code     2  stm32f4xx_hal_uart.o(i.HAL_UART_TxCpltCallback)
    HardFault_Handler                        0x080039e3   Thumb Code     4  stm32f4xx_it.o(i.HardFault_Handler)
    Joystick_Reception                       0x080039e9   Thumb Code   136  main.o(i.Joystick_Reception)
    KMPHtoRPS                                0x08003a99   Thumb Code    62  main.o(i.KMPHtoRPS)
    MemManage_Handler                        0x08003de1   Thumb Code     4  stm32f4xx_it.o(i.MemManage_Handler)
    NMI_Handler                              0x08003de5   Thumb Code     4  stm32f4xx_it.o(i.NMI_Handler)
    New_Drive_Controls                       0x08003de9   Thumb Code  1408  main.o(i.New_Drive_Controls)
    New_Sensor_Pos                           0x08004375   Thumb Code   176  main.o(i.New_Sensor_Pos)
    Operations_Monitor                       0x08004445   Thumb Code   296  main.o(i.Operations_Monitor)
    PendSV_Handler                           0x0800459d   Thumb Code     2  stm32f4xx_it.o(i.PendSV_Handler)
    Reboot                                   0x080045a1   Thumb Code    36  main.o(i.Reboot)
    Right_Verticality_PID                    0x080045d5   Thumb Code   350  main.o(i.Right_Verticality_PID)
    SVC_Handler                              0x0800476d   Thumb Code     2  stm32f4xx_it.o(i.SVC_Handler)
    Set_Motor_Torque                         0x0800476f   Thumb Code    58  main.o(i.Set_Motor_Torque)
    Set_Motor_Velocity                       0x080047a9   Thumb Code    58  main.o(i.Set_Motor_Velocity)
    Shearing_Motors                          0x080047e5   Thumb Code   136  main.o(i.Shearing_Motors)
    Steering_Controls                        0x08004879   Thumb Code  4954  main.o(i.Steering_Controls)
    SysTick_Handler                          0x08005c11   Thumb Code     8  stm32f4xx_it.o(i.SysTick_Handler)
    SystemClock_Config                       0x08005c19   Thumb Code   180  main.o(i.SystemClock_Config)
    SystemInit                               0x08005cd5   Thumb Code    14  system_stm32f4xx.o(i.SystemInit)
    TIM8_TRG_COM_TIM14_IRQHandler            0x08005ce9   Thumb Code    84  stm32f4xx_it.o(i.TIM8_TRG_COM_TIM14_IRQHandler)
    TIM_Base_SetConfig                       0x08005d55   Thumb Code   186  stm32f4xx_hal_tim.o(i.TIM_Base_SetConfig)
    Transmit_Motor_Torque                    0x08005e3d   Thumb Code   214  main.o(i.Transmit_Motor_Torque)
    UART4_IRQHandler                         0x08005f35   Thumb Code    10  stm32f4xx_it.o(i.UART4_IRQHandler)
    UART5_IRQHandler                         0x08005f45   Thumb Code    10  stm32f4xx_it.o(i.UART5_IRQHandler)
    UART_Start_Receive_IT                    0x0800631d   Thumb Code    64  stm32f4xx_hal_uart.o(i.UART_Start_Receive_IT)
    Update_Array                             0x080063bd   Thumb Code    54  main.o(i.Update_Array)
    UsageFault_Handler                       0x080063f9   Thumb Code     4  stm32f4xx_it.o(i.UsageFault_Handler)
    Wheel_Speeds_Calc                        0x080063fd   Thumb Code   578  main.o(i.Wheel_Speeds_Calc)
    __ARM_fpclassify                         0x08006695   Thumb Code    48  fpclassify.o(i.__ARM_fpclassify)
    __hardfp_atan                            0x08006701   Thumb Code   622  atan.o(i.__hardfp_atan)
    __hardfp_fabs                            0x080069d9   Thumb Code    20  fabs.o(i.__hardfp_fabs)
    __hardfp_sin                             0x080069f1   Thumb Code   180  sin.o(i.__hardfp_sin)
    __hardfp_tan                             0x08006ab9   Thumb Code   108  tan.o(i.__hardfp_tan)
    __ieee754_rem_pio2                       0x08006b39   Thumb Code   938  rred.o(i.__ieee754_rem_pio2)
    __kernel_cos                             0x08006f71   Thumb Code   322  cos_i.o(i.__kernel_cos)
    __kernel_poly                            0x080070e1   Thumb Code   248  poly.o(i.__kernel_poly)
    __kernel_sin                             0x080071d9   Thumb Code   280  sin_i.o(i.__kernel_sin)
    __kernel_tan                             0x08007309   Thumb Code   764  tan_i.o(i.__kernel_tan)
    __mathlib_dbl_infnan                     0x08007659   Thumb Code    20  dunder.o(i.__mathlib_dbl_infnan)
    __mathlib_dbl_invalid                    0x08007671   Thumb Code    24  dunder.o(i.__mathlib_dbl_invalid)
    __mathlib_dbl_underflow                  0x08007691   Thumb Code    24  dunder.o(i.__mathlib_dbl_underflow)
    fabs                                     0x080076b1   Thumb Code    24  fabs.o(i.fabs)
    main                                     0x080076c9   Thumb Code   272  main.o(i.main)
    __aeabi_dneg                             0x08007811   Thumb Code     0  basic.o(x$fpl$basic)
    _dneg                                    0x08007811   Thumb Code     6  basic.o(x$fpl$basic)
    __aeabi_fneg                             0x08007817   Thumb Code     0  basic.o(x$fpl$basic)
    _fneg                                    0x08007817   Thumb Code     6  basic.o(x$fpl$basic)
    _dabs                                    0x0800781d   Thumb Code     6  basic.o(x$fpl$basic)
    _fabs                                    0x08007823   Thumb Code     6  basic.o(x$fpl$basic)
    __aeabi_d2f                              0x08007829   Thumb Code     0  d2f.o(x$fpl$d2f)
    _d2f                                     0x08007829   Thumb Code    98  d2f.o(x$fpl$d2f)
    __aeabi_dadd                             0x0800788d   Thumb Code     0  daddsub_clz.o(x$fpl$dadd)
    _dadd                                    0x0800788d   Thumb Code   332  daddsub_clz.o(x$fpl$dadd)
    __fpl_dcmp_Inf                           0x080079dd   Thumb Code    24  dcmpi.o(x$fpl$dcmpinf)
    __aeabi_ddiv                             0x080079f5   Thumb Code     0  ddiv.o(x$fpl$ddiv)
    _ddiv                                    0x080079f5   Thumb Code   552  ddiv.o(x$fpl$ddiv)
    __aeabi_cdcmpeq                          0x08007ca5   Thumb Code     0  deqf.o(x$fpl$deqf)
    _dcmpeq                                  0x08007ca5   Thumb Code   120  deqf.o(x$fpl$deqf)
    __aeabi_d2iz                             0x08007d1d   Thumb Code     0  dfix.o(x$fpl$dfix)
    _dfix                                    0x08007d1d   Thumb Code    94  dfix.o(x$fpl$dfix)
    __aeabi_i2d                              0x08007d7b   Thumb Code     0  dflt_clz.o(x$fpl$dflt)
    _dflt                                    0x08007d7b   Thumb Code    46  dflt_clz.o(x$fpl$dflt)
    __aeabi_ui2d                             0x08007da9   Thumb Code     0  dflt_clz.o(x$fpl$dfltu)
    _dfltu                                   0x08007da9   Thumb Code    38  dflt_clz.o(x$fpl$dfltu)
    __aeabi_cdcmple                          0x08007dd1   Thumb Code     0  dleqf.o(x$fpl$dleqf)
    _dcmple                                  0x08007dd1   Thumb Code   120  dleqf.o(x$fpl$dleqf)
    __fpl_dcmple_InfNaN                      0x08007e33   Thumb Code     0  dleqf.o(x$fpl$dleqf)
    __aeabi_dmul                             0x08007e49   Thumb Code     0  dmul.o(x$fpl$dmul)
    _dmul                                    0x08007e49   Thumb Code   332  dmul.o(x$fpl$dmul)
    __fpl_dnaninf                            0x08007f9d   Thumb Code   156  dnaninf.o(x$fpl$dnaninf)
    __fpl_dretinf                            0x08008039   Thumb Code    12  dretinf.o(x$fpl$dretinf)
    __aeabi_cdrcmple                         0x08008045   Thumb Code     0  drleqf.o(x$fpl$drleqf)
    _drcmple                                 0x08008045   Thumb Code   108  drleqf.o(x$fpl$drleqf)
    __aeabi_drsub                            0x080080b1   Thumb Code     0  daddsub_clz.o(x$fpl$drsb)
    _drsb                                    0x080080b1   Thumb Code    22  daddsub_clz.o(x$fpl$drsb)
    __aeabi_dsub                             0x080080c9   Thumb Code     0  daddsub_clz.o(x$fpl$dsub)
    _dsub                                    0x080080c9   Thumb Code   464  daddsub_clz.o(x$fpl$dsub)
    __aeabi_f2d                              0x0800829d   Thumb Code     0  f2d.o(x$fpl$f2d)
    _f2d                                     0x0800829d   Thumb Code    86  f2d.o(x$fpl$f2d)
    __fpl_fnaninf                            0x080082f3   Thumb Code   140  fnaninf.o(x$fpl$fnaninf)
    _fp_init                                 0x0800837f   Thumb Code    10  fpinit.o(x$fpl$fpinit)
    __fplib_config_fpu_vfp                   0x08008387   Thumb Code     0  fpinit.o(x$fpl$fpinit)
    __fplib_config_pureend_doubles           0x08008387   Thumb Code     0  fpinit.o(x$fpl$fpinit)
    __fpl_fretinf                            0x08008389   Thumb Code    10  fretinf.o(x$fpl$fretinf)
    AHBPrescTable                            0x08008392   Data          16  system_stm32f4xx.o(.constdata)
    __I$use$fp                               0x08008392   Number         0  usenofp.o(x$fpl$usenofp)
    APBPrescTable                            0x080083a2   Data           8  system_stm32f4xx.o(.constdata)
    Region$$Table$$Base                      0x080085c8   Number         0  anon$$obj.o(Region$$Table)
    Region$$Table$$Limit                     0x080085e8   Number         0  anon$$obj.o(Region$$Table)
    BT_Rx                                    0x20000000   Data           8  main.o(.data)
    BT_Count                                 0x20000008   Data           1  main.o(.data)
    RxBuff                                   0x20000009   Data           8  main.o(.data)
    BT_State                                 0x20000011   Data           1  main.o(.data)
    Prev_BT_State                            0x20000012   Data           1  main.o(.data)
    TxData                                   0x20000013   Data           8  main.o(.data)
    RxData                                   0x2000001b   Data           8  main.o(.data)
    TxData2                                  0x20000023   Data           8  main.o(.data)
    RxData2                                  0x2000002b   Data           8  main.o(.data)
    RxData2_Temp                             0x20000033   Data           8  main.o(.data)
    RxData_Temp                              0x2000003b   Data           8  main.o(.data)
    TxMailbox                                0x20000044   Data           4  main.o(.data)
    CAN_Count                                0x20000048   Data           4  main.o(.data)
    Received_Node_Id                         0x2000004c   Data           1  main.o(.data)
    Received_Command_Id                      0x2000004d   Data           1  main.o(.data)
    Rover_Voltage                            0x20000050   Data           4  main.o(.data)
    Rover_Voltage_Temp                       0x20000054   Data           4  main.o(.data)
    Volt_Tx                                  0x20000058   Data           1  main.o(.data)
    Volt_Tx_Temp                             0x20000059   Data           1  main.o(.data)
    LFD                                      0x2000005a   Data           1  main.o(.data)
    LRD                                      0x2000005b   Data           1  main.o(.data)
    RFD                                      0x2000005c   Data           1  main.o(.data)
    RRD                                      0x2000005d   Data           1  main.o(.data)
    LVert                                    0x2000005e   Data           1  main.o(.data)
    RVert                                    0x2000005f   Data           1  main.o(.data)
    Contour                                  0x20000060   Data           1  main.o(.data)
    LFS                                      0x20000061   Data           1  main.o(.data)
    LRS                                      0x20000062   Data           1  main.o(.data)
    RFS                                      0x20000063   Data           1  main.o(.data)
    RRS                                      0x20000064   Data           1  main.o(.data)
    L_Arm                                    0x20000065   Data           1  main.o(.data)
    R_Arm                                    0x20000066   Data           1  main.o(.data)
    P_Arm                                    0x20000067   Data           1  main.o(.data)
    Upper_Width                              0x20000068   Data           1  main.o(.data)
    Lower_Width                              0x20000069   Data           1  main.o(.data)
    Cutter                                   0x2000006a   Data           1  main.o(.data)
    Side_Belt                                0x2000006b   Data           1  main.o(.data)
    Selective                                0x2000006c   Data           1  main.o(.data)
    Paddle                                   0x2000006d   Data           1  main.o(.data)
    L_Roll                                   0x20000070   Data           4  main.o(.data)
    L_Pitch                                  0x20000074   Data           4  main.o(.data)
    R_Roll                                   0x20000078   Data           4  main.o(.data)
    R_Pitch                                  0x2000007c   Data           4  main.o(.data)
    Left_Roll_Pos                            0x20000080   Data           4  main.o(.data)
    Right_Roll_Pos                           0x20000084   Data           4  main.o(.data)
    Right_Pitch_Pos                          0x20000088   Data           4  main.o(.data)
    Left_Pitch_Pos                           0x2000008c   Data           4  main.o(.data)
    Left_Column_Error                        0x20000090   Data           4  main.o(.data)
    Left_Col_Pos                             0x20000094   Data           4  main.o(.data)
    Left_IMU_State                           0x20000098   Data           1  main.o(.data)
    Initiate_Process                         0x20000099   Data           1  main.o(.data)
    Track_Width                              0x2000009a   Data           2  main.o(.data)
    Min_Track_Width                          0x2000009c   Data           2  main.o(.data)
    Zero_Turn_Angle                          0x2000009e   Data           2  main.o(.data)
    Wheel_Base                               0x200000a0   Data           2  main.o(.data)
    LF_Steering                              0x200000a4   Data           4  main.o(.data)
    LR_Steering                              0x200000a8   Data           4  main.o(.data)
    RF_Steering                              0x200000ac   Data           4  main.o(.data)
    RR_Steering                              0x200000b0   Data           4  main.o(.data)
    LF_HomePos                               0x200000b4   Data           4  main.o(.data)
    LR_HomePos                               0x200000b8   Data           4  main.o(.data)
    RF_HomePos                               0x200000bc   Data           4  main.o(.data)
    RR_HomePos                               0x200000c0   Data           4  main.o(.data)
    LF_Speed                                 0x200000c4   Data           4  main.o(.data)
    LR_Speed                                 0x200000c8   Data           4  main.o(.data)
    RF_Speed                                 0x200000cc   Data           4  main.o(.data)
    RR_Speed                                 0x200000d0   Data           4  main.o(.data)
    LF_Speed_Temp                            0x200000d4   Data           4  main.o(.data)
    LR_Speed_Temp                            0x200000d8   Data           4  main.o(.data)
    RF_Speed_Temp                            0x200000dc   Data           4  main.o(.data)
    RR_Speed_Temp                            0x200000e0   Data           4  main.o(.data)
    LF_Error                                 0x200000e4   Data           4  main.o(.data)
    LR_Error                                 0x200000e8   Data           4  main.o(.data)
    RF_Error                                 0x200000ec   Data           4  main.o(.data)
    RR_Error                                 0x200000f0   Data           4  main.o(.data)
    Steering_Reset_Flag                      0x200000f4   Data           1  main.o(.data)
    LF_SET                                   0x200000f5   Data           1  main.o(.data)
    LR_SET                                   0x200000f6   Data           1  main.o(.data)
    RF_SET                                   0x200000f7   Data           1  main.o(.data)
    RR_SET                                   0x200000f8   Data           1  main.o(.data)
    BUZZ_SW                                  0x200000f9   Data           1  main.o(.data)
    Inner_Angle                              0x200000fc   Data           4  main.o(.data)
    Outer_Angle                              0x20000100   Data           4  main.o(.data)
    Prev_Inner_Angle                         0x20000104   Data           4  main.o(.data)
    AW_Angle                                 0x20000108   Data           4  main.o(.data)
    Outer_Angle_2                            0x2000010c   Data           4  main.o(.data)
    LS_Angle                                 0x20000110   Data           4  main.o(.data)
    RS_Angle                                 0x20000114   Data           4  main.o(.data)
    Angle_Ready                              0x20000118   Data           1  main.o(.data)
    FL_Raw                                   0x2000011c   Data           4  main.o(.data)
    FR_Raw                                   0x20000120   Data           4  main.o(.data)
    RL_Raw                                   0x20000124   Data           4  main.o(.data)
    RR_Raw                                   0x20000128   Data           4  main.o(.data)
    FL_Angle                                 0x2000012c   Data           4  main.o(.data)
    FR_Angle                                 0x20000130   Data           4  main.o(.data)
    RL_Angle                                 0x20000134   Data           4  main.o(.data)
    RR_Angle                                 0x20000138   Data           4  main.o(.data)
    FL_Angle_Temp                            0x2000013c   Data           4  main.o(.data)
    FL_Home_Pos                              0x20000140   Data           2  main.o(.data)
    FR_Home_Pos                              0x20000142   Data           2  main.o(.data)
    RL_Home_Pos                              0x20000144   Data           2  main.o(.data)
    RR_Home_Pos                              0x20000146   Data           2  main.o(.data)
    Left_Arm_Motor_Count                     0x20000148   Data           2  main.o(.data)
    Right_Arm_Motor_Count                    0x2000014a   Data           2  main.o(.data)
    Right_Arm_Motor_Value                    0x2000014c   Data           2  main.o(.data)
    Left_Arm_Motor_Value                     0x2000014e   Data           2  main.o(.data)
    Pitch_Arm_Motor_Count                    0x20000150   Data           2  main.o(.data)
    Pitch_Arm_Motor_Value                    0x20000152   Data           2  main.o(.data)
    L_Arm_Speed                              0x20000154   Data           4  main.o(.data)
    R_Arm_Speed                              0x20000158   Data           4  main.o(.data)
    L_Arm_Speed_Temp                         0x2000015c   Data           4  main.o(.data)
    R_Arm_Speed_Temp                         0x20000160   Data           4  main.o(.data)
    Pitch_Arm_Speed_Temp                     0x20000164   Data           4  main.o(.data)
    Tri_Arm_Speed                            0x20000168   Data           4  main.o(.data)
    Pitch_Arm_Speed                          0x20000170   Data           8  main.o(.data)
    Front_Left_Bush                          0x20000178   Data           1  main.o(.data)
    Front_Right_Bush                         0x20000179   Data           1  main.o(.data)
    Front_Bushes_Sensed                      0x2000017a   Data           1  main.o(.data)
    First_Sense                              0x2000017b   Data           1  main.o(.data)
    Rear_Bush                                0x2000017c   Data           1  main.o(.data)
    Flaps_Target                             0x20000180   Data           4  main.o(.data)
    Flap_Error                               0x20000184   Data           4  main.o(.data)
    Flap_Error_Right                         0x20000188   Data           4  main.o(.data)
    Flaps_Target_Right                       0x2000018c   Data           4  main.o(.data)
    Flap_Kp                                  0x20000190   Data           4  main.o(.data)
    Pitch_Kp                                 0x20000194   Data           4  main.o(.data)
    Mode                                     0x20000198   Data           1  main.o(.data)
    Mode_Temp                                0x20000199   Data           1  main.o(.data)
    Speed                                    0x2000019a   Data           1  main.o(.data)
    Joystick                                 0x2000019b   Data           1  main.o(.data)
    Steering_Mode                            0x2000019c   Data           1  main.o(.data)
    Shearing                                 0x2000019d   Data           1  main.o(.data)
    Skiffing                                 0x2000019e   Data           1  main.o(.data)
    Side_Trimmer                             0x2000019f   Data           1  main.o(.data)
    Pot_Angle                                0x200001a0   Data           1  main.o(.data)
    Joystick_Temp                            0x200001a1   Data           1  main.o(.data)
    Shearing_Temp                            0x200001a2   Data           1  main.o(.data)
    Steering_Mode_Temp                       0x200001a3   Data           1  main.o(.data)
    BT_Steer_Temp                            0x200001a4   Data           1  main.o(.data)
    DRIVES_ERROR_FLAG                        0x200001a5   Data           1  main.o(.data)
    L_R_Err                                  0x200001a8   Data           4  main.o(.data)
    R_R_Err                                  0x200001ac   Data           4  main.o(.data)
    C_Err                                    0x200001b0   Data           4  main.o(.data)
    Contour_Avg                              0x200001b4   Data           4  main.o(.data)
    Drive_Torque                             0x200001b8   Data           4  main.o(.data)
    Wheel_Torque                             0x200001bc   Data           4  main.o(.data)
    Vel_Limit                                0x200001c0   Data           4  main.o(.data)
    Vel_Limit_Temp                           0x200001c4   Data           4  main.o(.data)
    Torque                                   0x200001c8   Data           4  main.o(.data)
    Torque_Temp                              0x200001cc   Data           4  main.o(.data)
    Prev_Torque                              0x200001d0   Data           4  main.o(.data)
    Prev_Vel_Limit                           0x200001d4   Data           4  main.o(.data)
    Left_Wheels_Torque                       0x200001d8   Data           4  main.o(.data)
    Left_Wheels_Torque_Temp                  0x200001dc   Data           4  main.o(.data)
    L_Vert_Speed                             0x200001e0   Data           4  main.o(.data)
    R_Vert_Speed                             0x200001e4   Data           4  main.o(.data)
    L_Vert_Speed_Temp                        0x200001e8   Data           4  main.o(.data)
    R_Vert_Speed_Temp                        0x200001ec   Data           4  main.o(.data)
    Contour_Speed                            0x200001f0   Data           4  main.o(.data)
    Contour_Speed_Temp                       0x200001f4   Data           4  main.o(.data)
    Left_Error_Flag                          0x200001f8   Data           1  main.o(.data)
    Right_Error_Flag                         0x200001f9   Data           1  main.o(.data)
    Contour_Error_Flag                       0x200001fa   Data           1  main.o(.data)
    FRAME_NO_ERROR_FLAG                      0x200001fb   Data           1  main.o(.data)
    Contour_Limit                            0x200001fc   Data           1  main.o(.data)
    Vertical_Limit                           0x200001fd   Data           1  main.o(.data)
    R_Error_Change                           0x20000200   Data           4  main.o(.data)
    R_Error_Slope                            0x20000204   Data           4  main.o(.data)
    R_Error_Area                             0x20000208   Data           4  main.o(.data)
    R_Prev_Error                             0x2000020c   Data           4  main.o(.data)
    R_Kp                                     0x20000210   Data           4  main.o(.data)
    R_Ki                                     0x20000214   Data           4  main.o(.data)
    R_Kd                                     0x20000218   Data           4  main.o(.data)
    R_P                                      0x2000021c   Data           4  main.o(.data)
    R_I                                      0x20000220   Data           4  main.o(.data)
    R_D                                      0x20000224   Data           4  main.o(.data)
    Error                                    0x20000228   Data           4  main.o(.data)
    L_Prev_Error                             0x2000022c   Data           4  main.o(.data)
    L_Error_Change                           0x20000230   Data           4  main.o(.data)
    L_Error_Slope                            0x20000234   Data           4  main.o(.data)
    L_Error_Area                             0x20000238   Data           4  main.o(.data)
    Left_Out                                 0x2000023c   Data           4  main.o(.data)
    Right_Out                                0x20000240   Data           4  main.o(.data)
    Contour_Out                              0x20000244   Data           4  main.o(.data)
    C_Error_Change                           0x20000248   Data           4  main.o(.data)
    C_Error_Slope                            0x2000024c   Data           4  main.o(.data)
    C_Error_Area                             0x20000250   Data           4  main.o(.data)
    C_Prev_Error                             0x20000254   Data           4  main.o(.data)
    C_Kp                                     0x20000258   Data           4  main.o(.data)
    C_Ki                                     0x2000025c   Data           4  main.o(.data)
    C_Kd                                     0x20000260   Data           4  main.o(.data)
    C_P                                      0x20000264   Data           4  main.o(.data)
    C_I                                      0x20000268   Data           4  main.o(.data)
    C_D                                      0x2000026c   Data           4  main.o(.data)
    dt                                       0x20000270   Data           8  main.o(.data)
    Left_Vertical_Error                      0x20000278   Data           4  main.o(.data)
    Current_Vel_Limit                        0x2000027c   Data           4  main.o(.data)
    Modified_Vel_Limit                       0x20000280   Data           4  main.o(.data)
    Modified_Vel_Limit_Temp                  0x20000284   Data           4  main.o(.data)
    Prev_Mod                                 0x20000288   Data           4  main.o(.data)
    Width_Motor_Speed                        0x2000028c   Data           4  main.o(.data)
    Width_Motor_Temp                         0x20000290   Data           4  main.o(.data)
    Lower_Width_Motor_Speed                  0x20000294   Data           4  main.o(.data)
    Upper_Width_Motor_Speed                  0x20000298   Data           4  main.o(.data)
    Lower_Width_Motor_Speed_Temp             0x2000029c   Data           4  main.o(.data)
    Upper_Width_Motor_Speed_Temp             0x200002a0   Data           4  main.o(.data)
    Lower_Width_Motor_Count                  0x200002a4   Data           4  main.o(.data)
    Upper_Width_Motor_Count                  0x200002a8   Data           4  main.o(.data)
    Lower_Width_Motor_Value                  0x200002ac   Data           4  main.o(.data)
    Upper_Width_Motor_Value                  0x200002b0   Data           4  main.o(.data)
    Right_Vertical_Motor_Count               0x200002b4   Data           4  main.o(.data)
    Contour_Motor_Count                      0x200002b8   Data           4  main.o(.data)
    Right_Vertical_Motor_Value               0x200002bc   Data           4  main.o(.data)
    Contour_Motor_Value                      0x200002c0   Data           4  main.o(.data)
    Right_Vertical_On_Limit                  0x200002c4   Data           1  main.o(.data)
    Contour_On_Limit                         0x200002c5   Data           1  main.o(.data)
    Start_Value                              0x200002c6   Data           2  main.o(.data)
    End_Value                                0x200002c8   Data           2  main.o(.data)
    Store_Data                               0x200002ca   Data           1  main.o(.data)
    Buzz_Switch                              0x200002cb   Data           1  main.o(.data)
    Frame_Buzz_Switch                        0x200002cc   Data           1  main.o(.data)
    Manual_Axis_1                            0x200002cd   Data           1  main.o(.data)
    Manual_Axis_2                            0x200002ce   Data           1  main.o(.data)
    Manual_Axis_3                            0x200002cf   Data           1  main.o(.data)
    Manual_Axis_4                            0x200002d0   Data           1  main.o(.data)
    Manual_Axis                              0x200002d1   Data           1  main.o(.data)
    All_Whel_SameTorque                      0x200002d2   Data           1  main.o(.data)
    Manual_Torque_1                          0x200002d4   Data           4  main.o(.data)
    Manual_Torque_2                          0x200002d8   Data           4  main.o(.data)
    Manual_Torque_3                          0x200002dc   Data           4  main.o(.data)
    Manual_Torque_4                          0x200002e0   Data           4  main.o(.data)
    Manual_Torque                            0x200002e4   Data           4  main.o(.data)
    Manual_Vel_Limit                         0x200002e8   Data           4  main.o(.data)
    Manual_Vel_Limit_1                       0x200002ec   Data           4  main.o(.data)
    Manual_Vel_Limit_2                       0x200002f0   Data           4  main.o(.data)
    Manual_Vel_Limit_3                       0x200002f4   Data           4  main.o(.data)
    Manual_Vel_Limit_4                       0x200002f8   Data           4  main.o(.data)
    Manual_Torque_Temp                       0x200002fc   Data           4  main.o(.data)
    Manual_Vel_Limit_Temp                    0x20000300   Data           4  main.o(.data)
    Manual_Vel_Limit_Temp_1                  0x20000304   Data           4  main.o(.data)
    Manual_Vel_Limit_Temp_2                  0x20000308   Data           4  main.o(.data)
    Manual_Vel_Limit_Temp_3                  0x2000030c   Data           4  main.o(.data)
    Manual_Vel_Limit_Temp_4                  0x20000310   Data           4  main.o(.data)
    Manual_Torque_Temp_1                     0x20000314   Data           4  main.o(.data)
    Manual_Torque_Temp_2                     0x20000318   Data           4  main.o(.data)
    Manual_Torque_Temp_3                     0x2000031c   Data           4  main.o(.data)
    Manual_Torque_Temp_4                     0x20000320   Data           4  main.o(.data)
    Left_Vel_Limit                           0x20000324   Data           1  main.o(.data)
    Right_Vel_Limit                          0x20000325   Data           1  main.o(.data)
    Prev_Left_Vel_Limit                      0x20000326   Data           1  main.o(.data)
    Prev_Right_Vel_Limit                     0x20000327   Data           1  main.o(.data)
    Left_Transmit_Vel                        0x20000328   Data           1  main.o(.data)
    Right_Transmit_Vel                       0x20000329   Data           1  main.o(.data)
    Frame_Vel_Limit                          0x2000032c   Data           4  main.o(.data)
    Left_Steering_Vel_Limit                  0x20000330   Data           4  main.o(.data)
    Right_Steering_Vel_Limit                 0x20000334   Data           4  main.o(.data)
    Steering_Angle                           0x20000338   Data           4  main.o(.data)
    Rover_Centre_Dist                        0x20000340   Data           8  main.o(.data)
    TimeTaken                                0x20000348   Data           8  main.o(.data)
    Inner_Speed                              0x20000350   Data           8  main.o(.data)
    Outer_Speed                              0x20000358   Data           8  main.o(.data)
    WheelBase                                0x20000360   Data           4  main.o(.data)
    TrackWidth                               0x20000364   Data           4  main.o(.data)
    kmph                                     0x20000368   Data           8  main.o(.data)
    Left_Steering_Speed                      0x20000370   Data           4  main.o(.data)
    Right_Steering_Speed                     0x20000374   Data           4  main.o(.data)
    Left_Frame_Speed                         0x20000378   Data           4  main.o(.data)
    left_tick_count                          0x20000380   Data           8  main.o(.data)
    right_tick_count                         0x20000388   Data           8  main.o(.data)
    FLAG                                     0x20000390   Data           1  main.o(.data)
    Prev_Joystick                            0x20000391   Data           1  main.o(.data)
    count                                    0x20000394   Data           4  main.o(.data)
    Rover_Velocity                           0x20000398   Data           4  main.o(.data)
    JOYSTICK_STATE_FLAG                      0x2000039c   Data           1  main.o(.data)
    AXIS_STATE_FLAG                          0x2000039d   Data           1  main.o(.data)
    HEARTBEAT_FLAG                           0x2000039e   Data           1  main.o(.data)
    FET_TEMP_FLAG                            0x2000039f   Data           1  main.o(.data)
    OPERATION_MONITOR_FLAG                   0x200003a0   Data           1  main.o(.data)
    MOTORS_STOP_FLAG                         0x200003a1   Data           1  main.o(.data)
    Tick_Count1                              0x200003a8   Data           8  main.o(.data)
    Tick_Count2                              0x200003b0   Data           8  main.o(.data)
    Node                                     0x200003b8   Data           4  main.o(.data)
    fet                                      0x200003bc   Data           4  main.o(.data)
    LF_Error_Change                          0x200003c0   Data           4  main.o(.data)
    LF_Error_Slope                           0x200003c4   Data           4  main.o(.data)
    LF_Error_Area                            0x200003c8   Data           4  main.o(.data)
    LF_Prev_Error                            0x200003cc   Data           4  main.o(.data)
    LF_Kp                                    0x200003d0   Data           4  main.o(.data)
    LF_Ki                                    0x200003d4   Data           4  main.o(.data)
    LF_Kd                                    0x200003d8   Data           4  main.o(.data)
    LF_P                                     0x200003dc   Data           4  main.o(.data)
    LF_I                                     0x200003e0   Data           4  main.o(.data)
    LF_D                                     0x200003e4   Data           4  main.o(.data)
    Left_Frame_Out                           0x200003e8   Data           4  main.o(.data)
    Tx_Uart                                  0x200003ec   Data           2  main.o(.data)
    Flap_Angle                               0x200003f0   Data           4  main.o(.data)
    Flap_Angle_Right                         0x200003f4   Data           4  main.o(.data)
    Flap_Count                               0x200003f8   Data           4  main.o(.data)
    Flap_Max_Angle                           0x200003fc   Data           4  main.o(.data)
    Arm_Angle                                0x20000400   Data           4  main.o(.data)
    Left_Arm_Pos                             0x20000404   Data           4  main.o(.data)
    Right_Arm_Pos                            0x20000408   Data           4  main.o(.data)
    Pitch_Arm_Pos                            0x2000040c   Data           4  main.o(.data)
    Tri_Arm_Pos                              0x20000410   Data           4  main.o(.data)
    Left_Arm_Pos_Temp                        0x20000414   Data           4  main.o(.data)
    Right_Arm_Pos_Temp                       0x20000418   Data           4  main.o(.data)
    Pitch_Arm_Pos_Temp                       0x2000041c   Data           4  main.o(.data)
    Flap_Mod_Value                           0x20000420   Data           4  main.o(.data)
    Flap_Mod_Value_Right                     0x20000424   Data           4  main.o(.data)
    Front_Bush                               0x20000428   Data           1  main.o(.data)
    Array_Element                            0x20000429   Data           1  main.o(.data)
    Arm_Max_Speed                            0x2000042a   Data           1  main.o(.data)
    Left_Arm_Current_Pos                     0x2000042c   Data           4  main.o(.data)
    Right_Arm_Current_Pos                    0x20000430   Data           4  main.o(.data)
    Pitch_Arm_Current_Pos                    0x20000434   Data           4  main.o(.data)
    Shear_Height_Diff                        0x20000438   Data           4  main.o(.data)
    L_Arm_Travel                             0x2000043c   Data           4  main.o(.data)
    R_Arm_Travel                             0x20000440   Data           4  main.o(.data)
    Shear_Roll_Angle                         0x20000444   Data           4  main.o(.data)
    Pitch_Compensation_mm                    0x20000448   Data           4  main.o(.data)
    Pitch_Target                             0x2000044c   Data           4  main.o(.data)
    Pitch_Error                              0x20000450   Data           4  main.o(.data)
    P_Error_Change                           0x20000454   Data           4  main.o(.data)
    P_Error_Slope                            0x20000458   Data           4  main.o(.data)
    P_Error_Area                             0x2000045c   Data           4  main.o(.data)
    P_Prev_Error                             0x20000460   Data           4  main.o(.data)
    Pitch_Out                                0x20000464   Data           4  main.o(.data)
    L_P                                      0x20000468   Data           4  main.o(.data)
    L_I                                      0x2000046c   Data           4  main.o(.data)
    L_D                                      0x20000470   Data           4  main.o(.data)
    L_Kp                                     0x20000474   Data           4  main.o(.data)
    L_Ki                                     0x20000478   Data           4  main.o(.data)
    L_Kd                                     0x2000047c   Data           4  main.o(.data)
    RA_P                                     0x20000480   Data           4  main.o(.data)
    RA_I                                     0x20000484   Data           4  main.o(.data)
    RA_D                                     0x20000488   Data           4  main.o(.data)
    RA_Kp                                    0x2000048c   Data           4  main.o(.data)
    RA_Ki                                    0x20000490   Data           4  main.o(.data)
    RA_Kd                                    0x20000494   Data           4  main.o(.data)
    P_P                                      0x20000498   Data           4  main.o(.data)
    P_I                                      0x2000049c   Data           4  main.o(.data)
    P_D                                      0x200004a0   Data           4  main.o(.data)
    P_Kp                                     0x200004a4   Data           4  main.o(.data)
    P_Ki                                     0x200004a8   Data           4  main.o(.data)
    P_Kd                                     0x200004ac   Data           4  main.o(.data)
    RightArm_Out                             0x200004b0   Data           4  main.o(.data)
    RA_Error_Change                          0x200004b4   Data           4  main.o(.data)
    RA_Error_Slope                           0x200004b8   Data           4  main.o(.data)
    RA_Error_Area                            0x200004bc   Data           4  main.o(.data)
    RA_Prev_Error                            0x200004c0   Data           4  main.o(.data)
    Test_Read                                0x200004c4   Data           1  main.o(.data)
    Test_Write                               0x200004c5   Data           1  main.o(.data)
    test                                     0x200004c8   Data           4  main.o(.data)
    timer                                    0x200004cc   Data           2  stm32f4xx_it.o(.data)
    one_timer                                0x200004ce   Data           2  stm32f4xx_it.o(.data)
    uwTick                                   0x200004d4   Data           4  stm32f4xx_hal.o(.data)
    uwTickPrio                               0x200004d8   Data           4  stm32f4xx_hal.o(.data)
    uwTickFreq                               0x200004dc   Data           1  stm32f4xx_hal.o(.data)
    SystemCoreClock                          0x200004e0   Data           4  system_stm32f4xx.o(.data)
    hcan1                                    0x200004e4   Data          40  main.o(.bss)
    hcan2                                    0x2000050c   Data          40  main.o(.bss)
    hi2c3                                    0x20000534   Data          84  main.o(.bss)
    htim14                                   0x20000588   Data          72  main.o(.bss)
    huart4                                   0x200005d0   Data          72  main.o(.bss)
    huart5                                   0x20000618   Data          72  main.o(.bss)
    TxHeader                                 0x20000660   Data          24  main.o(.bss)
    RxHeader                                 0x20000678   Data          28  main.o(.bss)
    TxHeader2                                0x20000694   Data          24  main.o(.bss)
    RxHeader2                                0x200006ac   Data          28  main.o(.bss)
    Node_Id                                  0x200006c8   Data          30  main.o(.bss)
    PREV_Node_Id                             0x200006e6   Data          30  main.o(.bss)
    Sensor_Id                                0x20000704   Data          10  main.o(.bss)
    Axis_State                               0x2000070e   Data          30  main.o(.bss)
    Motor_Velocity                           0x2000072c   Data          80  main.o(.bss)
    Motor_Current                            0x2000077c   Data          80  main.o(.bss)
    Motor_Error                              0x200007cc   Data          20  main.o(.bss)
    Encoder_Error                            0x200007e0   Data          20  main.o(.bss)
    Steer_Angle                              0x200007f4   Data          10  main.o(.bss)
    Absolute_Position                        0x20000800   Data          80  main.o(.bss)
    Absolute_Position_Int                    0x20000850   Data          40  main.o(.bss)
    Read_Value                               0x20000878   Data          72  main.o(.bss)
    Write_Value                              0x200008c0   Data          72  main.o(.bss)
    Prev_Write_Value                         0x20000908   Data          72  main.o(.bss)
    Read_Value_1                             0x20000950   Data          72  main.o(.bss)
    Node_Id_Temp                             0x20000998   Data          60  main.o(.bss)
    Flap_Data                                0x200009d4   Data          20  main.o(.bss)
    Flap_Data_Right                          0x200009e8   Data          20  main.o(.bss)
    __libspace_start                         0x200009fc   Data          96  libspace.o(.bss)
    __temporary_stack_top$libspace           0x20000a5c   Data           0  libspace.o(.bss)



==============================================================================

Memory Map of the image

  Image Entry point : 0x080001c5

  Load Region LR_IROM1 (Base: 0x08000000, Size: 0x00008acc, Max: 0x00080000, ABSOLUTE, COMPRESSED[0x000086b4])

    Execution Region ER_IROM1 (Exec base: 0x08000000, Load base: 0x08000000, Size: 0x000085e8, Max: 0x00080000, ABSOLUTE)

    Exec Addr    Load Addr    Size         Type   Attr      Idx    E Section Name        Object

    0x08000000   0x08000000   0x000001c4   Data   RO            3    RESET               startup_stm32f446xx.o
    0x080001c4   0x080001c4   0x00000008   Code   RO         4217  * !!!main             c_w.l(__main.o)
    0x080001cc   0x080001cc   0x00000034   Code   RO         4541    !!!scatter          c_w.l(__scatter.o)
    0x08000200   0x08000200   0x0000005a   Code   RO         4539    !!dczerorl2         c_w.l(__dczerorl2.o)
    0x0800025a   0x0800025a   0x00000002   PAD
    0x0800025c   0x0800025c   0x0000001c   Code   RO         4543    !!handler_zi        c_w.l(__scatter_zi.o)
    0x08000278   0x08000278   0x00000002   Code   RO         4410    .ARM.Collect$$libinit$$00000000  c_w.l(libinit.o)
    0x0800027a   0x0800027a   0x00000004   Code   RO         4419    .ARM.Collect$$libinit$$00000001  c_w.l(libinit2.o)
    0x0800027e   0x0800027e   0x00000000   Code   RO         4422    .ARM.Collect$$libinit$$00000004  c_w.l(libinit2.o)
    0x0800027e   0x0800027e   0x00000000   Code   RO         4425    .ARM.Collect$$libinit$$0000000A  c_w.l(libinit2.o)
    0x0800027e   0x0800027e   0x00000000   Code   RO         4427    .ARM.Collect$$libinit$$0000000C  c_w.l(libinit2.o)
    0x0800027e   0x0800027e   0x00000000   Code   RO         4429    .ARM.Collect$$libinit$$0000000E  c_w.l(libinit2.o)
    0x0800027e   0x0800027e   0x00000000   Code   RO         4432    .ARM.Collect$$libinit$$00000011  c_w.l(libinit2.o)
    0x0800027e   0x0800027e   0x00000000   Code   RO         4434    .ARM.Collect$$libinit$$00000013  c_w.l(libinit2.o)
    0x0800027e   0x0800027e   0x00000000   Code   RO         4436    .ARM.Collect$$libinit$$00000015  c_w.l(libinit2.o)
    0x0800027e   0x0800027e   0x00000000   Code   RO         4438    .ARM.Collect$$libinit$$00000017  c_w.l(libinit2.o)
    0x0800027e   0x0800027e   0x00000000   Code   RO         4440    .ARM.Collect$$libinit$$00000019  c_w.l(libinit2.o)
    0x0800027e   0x0800027e   0x00000000   Code   RO         4442    .ARM.Collect$$libinit$$0000001B  c_w.l(libinit2.o)
    0x0800027e   0x0800027e   0x00000000   Code   RO         4444    .ARM.Collect$$libinit$$0000001D  c_w.l(libinit2.o)
    0x0800027e   0x0800027e   0x00000000   Code   RO         4446    .ARM.Collect$$libinit$$0000001F  c_w.l(libinit2.o)
    0x0800027e   0x0800027e   0x00000000   Code   RO         4448    .ARM.Collect$$libinit$$00000021  c_w.l(libinit2.o)
    0x0800027e   0x0800027e   0x00000000   Code   RO         4450    .ARM.Collect$$libinit$$00000023  c_w.l(libinit2.o)
    0x0800027e   0x0800027e   0x00000000   Code   RO         4452    .ARM.Collect$$libinit$$00000025  c_w.l(libinit2.o)
    0x0800027e   0x0800027e   0x00000000   Code   RO         4456    .ARM.Collect$$libinit$$0000002C  c_w.l(libinit2.o)
    0x0800027e   0x0800027e   0x00000000   Code   RO         4458    .ARM.Collect$$libinit$$0000002E  c_w.l(libinit2.o)
    0x0800027e   0x0800027e   0x00000000   Code   RO         4460    .ARM.Collect$$libinit$$00000030  c_w.l(libinit2.o)
    0x0800027e   0x0800027e   0x00000000   Code   RO         4462    .ARM.Collect$$libinit$$00000032  c_w.l(libinit2.o)
    0x0800027e   0x0800027e   0x00000002   Code   RO         4463    .ARM.Collect$$libinit$$00000033  c_w.l(libinit2.o)
    0x08000280   0x08000280   0x00000002   Code   RO         4494    .ARM.Collect$$libshutdown$$00000000  c_w.l(libshutdown.o)
    0x08000282   0x08000282   0x00000000   Code   RO         4520    .ARM.Collect$$libshutdown$$00000002  c_w.l(libshutdown2.o)
    0x08000282   0x08000282   0x00000000   Code   RO         4522    .ARM.Collect$$libshutdown$$00000004  c_w.l(libshutdown2.o)
    0x08000282   0x08000282   0x00000000   Code   RO         4524    .ARM.Collect$$libshutdown$$00000006  c_w.l(libshutdown2.o)
    0x08000282   0x08000282   0x00000000   Code   RO         4527    .ARM.Collect$$libshutdown$$00000009  c_w.l(libshutdown2.o)
    0x08000282   0x08000282   0x00000000   Code   RO         4530    .ARM.Collect$$libshutdown$$0000000C  c_w.l(libshutdown2.o)
    0x08000282   0x08000282   0x00000000   Code   RO         4532    .ARM.Collect$$libshutdown$$0000000E  c_w.l(libshutdown2.o)
    0x08000282   0x08000282   0x00000000   Code   RO         4535    .ARM.Collect$$libshutdown$$00000011  c_w.l(libshutdown2.o)
    0x08000282   0x08000282   0x00000002   Code   RO         4536    .ARM.Collect$$libshutdown$$00000012  c_w.l(libshutdown2.o)
    0x08000284   0x08000284   0x00000000   Code   RO         4309    .ARM.Collect$$rtentry$$00000000  c_w.l(__rtentry.o)
    0x08000284   0x08000284   0x00000000   Code   RO         4373    .ARM.Collect$$rtentry$$00000002  c_w.l(__rtentry2.o)
    0x08000284   0x08000284   0x00000006   Code   RO         4385    .ARM.Collect$$rtentry$$00000004  c_w.l(__rtentry4.o)
    0x0800028a   0x0800028a   0x00000000   Code   RO         4375    .ARM.Collect$$rtentry$$00000009  c_w.l(__rtentry2.o)
    0x0800028a   0x0800028a   0x00000004   Code   RO         4376    .ARM.Collect$$rtentry$$0000000A  c_w.l(__rtentry2.o)
    0x0800028e   0x0800028e   0x00000000   Code   RO         4378    .ARM.Collect$$rtentry$$0000000C  c_w.l(__rtentry2.o)
    0x0800028e   0x0800028e   0x00000008   Code   RO         4379    .ARM.Collect$$rtentry$$0000000D  c_w.l(__rtentry2.o)
    0x08000296   0x08000296   0x00000002   Code   RO         4411    .ARM.Collect$$rtexit$$00000000  c_w.l(rtexit.o)
    0x08000298   0x08000298   0x00000000   Code   RO         4467    .ARM.Collect$$rtexit$$00000002  c_w.l(rtexit2.o)
    0x08000298   0x08000298   0x00000004   Code   RO         4468    .ARM.Collect$$rtexit$$00000003  c_w.l(rtexit2.o)
    0x0800029c   0x0800029c   0x00000006   Code   RO         4469    .ARM.Collect$$rtexit$$00000004  c_w.l(rtexit2.o)
    0x080002a2   0x080002a2   0x00000002   PAD
    0x080002a4   0x080002a4   0x00000040   Code   RO            4    .text               startup_stm32f446xx.o
    0x080002e4   0x080002e4   0x000000ee   Code   RO         4207    .text               c_w.l(lludivv7m.o)
    0x080003d2   0x080003d2   0x0000008a   Code   RO         4209    .text               c_w.l(rt_memcpy_v6.o)
    0x0800045c   0x0800045c   0x0000004e   Code   RO         4213    .text               c_w.l(rt_memclr_w.o)
    0x080004aa   0x080004aa   0x00000006   Code   RO         4215    .text               c_w.l(heapauxi.o)
    0x080004b0   0x080004b0   0x00000016   Code   RO         4314    .text               c_w.l(_rserrno.o)
    0x080004c6   0x080004c6   0x00000064   Code   RO         4316    .text               c_w.l(rt_memcpy_w.o)
    0x0800052a   0x0800052a   0x00000002   PAD
    0x0800052c   0x0800052c   0x00000008   Code   RO         4392    .text               c_w.l(rt_errno_addr_intlibspace.o)
    0x08000534   0x08000534   0x00000008   Code   RO         4394    .text               c_w.l(libspace.o)
    0x0800053c   0x0800053c   0x0000004a   Code   RO         4397    .text               c_w.l(sys_stackheap_outer.o)
    0x08000586   0x08000586   0x00000012   Code   RO         4399    .text               c_w.l(exit.o)
    0x08000598   0x08000598   0x0000000c   Code   RO         4464    .text               c_w.l(sys_exit.o)
    0x080005a4   0x080005a4   0x00000002   Code   RO         4483    .text               c_w.l(use_no_semi.o)
    0x080005a6   0x080005a6   0x00000000   Code   RO         4485    .text               c_w.l(indicate_semi.o)
    0x080005a6   0x080005a6   0x00000002   PAD
    0x080005a8   0x080005a8   0x00000034   Code   RO          196    i.Absolute_Position_Reception  main.o
    0x080005dc   0x080005dc   0x00000004   Code   RO          578    i.BusFault_Handler  stm32f4xx_it.o
    0x080005e0   0x080005e0   0x00000010   Code   RO          579    i.CAN1_RX0_IRQHandler  stm32f4xx_it.o
    0x080005f0   0x080005f0   0x00000010   Code   RO          580    i.CAN1_RX1_IRQHandler  stm32f4xx_it.o
    0x08000600   0x08000600   0x00000010   Code   RO          581    i.CAN2_RX0_IRQHandler  stm32f4xx_it.o
    0x08000610   0x08000610   0x00000010   Code   RO          582    i.CAN2_RX1_IRQHandler  stm32f4xx_it.o
    0x08000620   0x08000620   0x0000004c   Code   RO          198    i.CAN_Reception     main.o
    0x0800066c   0x0800066c   0x0000000e   Code   RO          199    i.CAN_SPI_READ      main.o
    0x0800067a   0x0800067a   0x00000002   PAD
    0x0800067c   0x0800067c   0x00000188   Code   RO          200    i.CAN_Transmit      main.o
    0x08000804   0x08000804   0x00000198   Code   RO          202    i.Contour_PID       main.o
    0x0800099c   0x0800099c   0x00000002   Code   RO          583    i.DebugMon_Handler  stm32f4xx_it.o
    0x0800099e   0x0800099e   0x00000002   PAD
    0x080009a0   0x080009a0   0x000003c4   Code   RO          203    i.Demo              main.o
    0x08000d64   0x08000d64   0x00000108   Code   RO          204    i.Differintial_Angle  main.o
    0x08000e6c   0x08000e6c   0x0000019c   Code   RO          207    i.Dynamic_Width_Adjustment  main.o
    0x08001008   0x08001008   0x00000178   Code   RO          209    i.Emergency_Stop    main.o
    0x08001180   0x08001180   0x00000006   Code   RO          210    i.Error_Handler     main.o
    0x08001186   0x08001186   0x00000002   PAD
    0x08001188   0x08001188   0x0000022c   Code   RO          211    i.Frame_Controls    main.o
    0x080013b4   0x080013b4   0x0000002a   Code   RO          774    i.HAL_CAN_ActivateNotification  stm32f4xx_hal_can.o
    0x080013de   0x080013de   0x0000014a   Code   RO          775    i.HAL_CAN_AddTxMessage  stm32f4xx_hal_can.o
    0x08001528   0x08001528   0x00000124   Code   RO          776    i.HAL_CAN_ConfigFilter  stm32f4xx_hal_can.o
    0x0800164c   0x0800164c   0x00000002   Code   RO          779    i.HAL_CAN_ErrorCallback  stm32f4xx_hal_can.o
    0x0800164e   0x0800164e   0x00000194   Code   RO          782    i.HAL_CAN_GetRxMessage  stm32f4xx_hal_can.o
    0x080017e2   0x080017e2   0x0000024e   Code   RO          786    i.HAL_CAN_IRQHandler  stm32f4xx_hal_can.o
    0x08001a30   0x08001a30   0x00000174   Code   RO          787    i.HAL_CAN_Init      stm32f4xx_hal_can.o
    0x08001ba4   0x08001ba4   0x00000184   Code   RO          700    i.HAL_CAN_MspInit   stm32f4xx_hal_msp.o
    0x08001d28   0x08001d28   0x00000002   Code   RO          794    i.HAL_CAN_RxFifo0FullCallback  stm32f4xx_hal_can.o
    0x08001d2a   0x08001d2a   0x00000002   PAD
    0x08001d2c   0x08001d2c   0x000003a4   Code   RO          213    i.HAL_CAN_RxFifo0MsgPendingCallback  main.o
    0x080020d0   0x080020d0   0x00000002   Code   RO          796    i.HAL_CAN_RxFifo1FullCallback  stm32f4xx_hal_can.o
    0x080020d2   0x080020d2   0x00000002   PAD
    0x080020d4   0x080020d4   0x00000144   Code   RO          214    i.HAL_CAN_RxFifo1MsgPendingCallback  main.o
    0x08002218   0x08002218   0x00000002   Code   RO          798    i.HAL_CAN_SleepCallback  stm32f4xx_hal_can.o
    0x0800221a   0x0800221a   0x0000005e   Code   RO          799    i.HAL_CAN_Start     stm32f4xx_hal_can.o
    0x08002278   0x08002278   0x00000002   Code   RO          801    i.HAL_CAN_TxMailbox0AbortCallback  stm32f4xx_hal_can.o
    0x0800227a   0x0800227a   0x00000002   Code   RO          802    i.HAL_CAN_TxMailbox0CompleteCallback  stm32f4xx_hal_can.o
    0x0800227c   0x0800227c   0x00000002   Code   RO          803    i.HAL_CAN_TxMailbox1AbortCallback  stm32f4xx_hal_can.o
    0x0800227e   0x0800227e   0x00000002   Code   RO          804    i.HAL_CAN_TxMailbox1CompleteCallback  stm32f4xx_hal_can.o
    0x08002280   0x08002280   0x00000002   Code   RO          805    i.HAL_CAN_TxMailbox2AbortCallback  stm32f4xx_hal_can.o
    0x08002282   0x08002282   0x00000002   Code   RO          806    i.HAL_CAN_TxMailbox2CompleteCallback  stm32f4xx_hal_can.o
    0x08002284   0x08002284   0x00000002   Code   RO          808    i.HAL_CAN_WakeUpFromRxMsgCallback  stm32f4xx_hal_can.o
    0x08002286   0x08002286   0x000000ac   Code   RO         1608    i.HAL_DMA_Abort     stm32f4xx_hal_dma.o
    0x08002332   0x08002332   0x00000028   Code   RO         1609    i.HAL_DMA_Abort_IT  stm32f4xx_hal_dma.o
    0x0800235a   0x0800235a   0x00000002   PAD
    0x0800235c   0x0800235c   0x00000028   Code   RO         2056    i.HAL_Delay         stm32f4xx_hal.o
    0x08002384   0x08002384   0x000001e4   Code   RO         1501    i.HAL_GPIO_Init     stm32f4xx_hal_gpio.o
    0x08002568   0x08002568   0x00000010   Code   RO         1503    i.HAL_GPIO_ReadPin  stm32f4xx_hal_gpio.o
    0x08002578   0x08002578   0x0000000c   Code   RO         1505    i.HAL_GPIO_WritePin  stm32f4xx_hal_gpio.o
    0x08002584   0x08002584   0x0000000c   Code   RO         2062    i.HAL_GetTick       stm32f4xx_hal.o
    0x08002590   0x08002590   0x000001d0   Code   RO         2318    i.HAL_I2C_Init      stm32f4xx_hal_i2c.o
    0x08002760   0x08002760   0x000000c8   Code   RO          702    i.HAL_I2C_MspInit   stm32f4xx_hal_msp.o
    0x08002828   0x08002828   0x00000018   Code   RO         2068    i.HAL_IncTick       stm32f4xx_hal.o
    0x08002840   0x08002840   0x0000003c   Code   RO         2069    i.HAL_Init          stm32f4xx_hal.o
    0x0800287c   0x0800287c   0x0000004c   Code   RO         2070    i.HAL_InitTick      stm32f4xx_hal.o
    0x080028c8   0x080028c8   0x00000048   Code   RO          703    i.HAL_MspInit       stm32f4xx_hal_msp.o
    0x08002910   0x08002910   0x00000028   Code   RO         1909    i.HAL_NVIC_EnableIRQ  stm32f4xx_hal_cortex.o
    0x08002938   0x08002938   0x0000007c   Code   RO         1915    i.HAL_NVIC_SetPriority  stm32f4xx_hal_cortex.o
    0x080029b4   0x080029b4   0x00000028   Code   RO         1916    i.HAL_NVIC_SetPriorityGrouping  stm32f4xx_hal_cortex.o
    0x080029dc   0x080029dc   0x0000008c   Code   RO         1837    i.HAL_PWREx_EnableOverDrive  stm32f4xx_hal_pwr_ex.o
    0x08002a68   0x08002a68   0x00000184   Code   RO         1008    i.HAL_RCC_ClockConfig  stm32f4xx_hal_rcc.o
    0x08002bec   0x08002bec   0x0000000c   Code   RO         1013    i.HAL_RCC_GetHCLKFreq  stm32f4xx_hal_rcc.o
    0x08002bf8   0x08002bf8   0x00000020   Code   RO         1015    i.HAL_RCC_GetPCLK1Freq  stm32f4xx_hal_rcc.o
    0x08002c18   0x08002c18   0x00000020   Code   RO         1016    i.HAL_RCC_GetPCLK2Freq  stm32f4xx_hal_rcc.o
    0x08002c38   0x08002c38   0x00000118   Code   RO         1119    i.HAL_RCC_GetSysClockFreq  stm32f4xx_hal_rcc_ex.o
    0x08002d50   0x08002d50   0x000004e8   Code   RO         1120    i.HAL_RCC_OscConfig  stm32f4xx_hal_rcc_ex.o
    0x08003238   0x08003238   0x00000034   Code   RO         1920    i.HAL_SYSTICK_Config  stm32f4xx_hal_cortex.o
    0x0800326c   0x0800326c   0x00000002   Code   RO         3531    i.HAL_TIMEx_BreakCallback  stm32f4xx_hal_tim_ex.o
    0x0800326e   0x0800326e   0x00000002   Code   RO         3532    i.HAL_TIMEx_CommutCallback  stm32f4xx_hal_tim_ex.o
    0x08003270   0x08003270   0x00000066   Code   RO         2816    i.HAL_TIM_Base_Init  stm32f4xx_hal_tim.o
    0x080032d6   0x080032d6   0x00000002   PAD
    0x080032d8   0x080032d8   0x00000048   Code   RO          705    i.HAL_TIM_Base_MspInit  stm32f4xx_hal_msp.o
    0x08003320   0x08003320   0x00000002   Code   RO         2850    i.HAL_TIM_IC_CaptureCallback  stm32f4xx_hal_tim.o
    0x08003322   0x08003322   0x0000016c   Code   RO         2864    i.HAL_TIM_IRQHandler  stm32f4xx_hal_tim.o
    0x0800348e   0x0800348e   0x00000002   Code   RO         2867    i.HAL_TIM_OC_DelayElapsedCallback  stm32f4xx_hal_tim.o
    0x08003490   0x08003490   0x00000002   Code   RO         2894    i.HAL_TIM_PWM_PulseFinishedCallback  stm32f4xx_hal_tim.o
    0x08003492   0x08003492   0x00000002   Code   RO         2902    i.HAL_TIM_PeriodElapsedCallback  stm32f4xx_hal_tim.o
    0x08003494   0x08003494   0x00000002   Code   RO         2907    i.HAL_TIM_TriggerCallback  stm32f4xx_hal_tim.o
    0x08003496   0x08003496   0x00000002   Code   RO         3810    i.HAL_UARTEx_RxEventCallback  stm32f4xx_hal_uart.o
    0x08003498   0x08003498   0x00000002   Code   RO         3824    i.HAL_UART_ErrorCallback  stm32f4xx_hal_uart.o
    0x0800349a   0x0800349a   0x00000002   PAD
    0x0800349c   0x0800349c   0x000002e8   Code   RO         3827    i.HAL_UART_IRQHandler  stm32f4xx_hal_uart.o
    0x08003784   0x08003784   0x00000076   Code   RO         3828    i.HAL_UART_Init     stm32f4xx_hal_uart.o
    0x080037fa   0x080037fa   0x00000002   PAD
    0x080037fc   0x080037fc   0x00000158   Code   RO          707    i.HAL_UART_MspInit  stm32f4xx_hal_msp.o
    0x08003954   0x08003954   0x0000002c   Code   RO         3833    i.HAL_UART_Receive_IT  stm32f4xx_hal_uart.o
    0x08003980   0x08003980   0x00000028   Code   RO          215    i.HAL_UART_RxCpltCallback  main.o
    0x080039a8   0x080039a8   0x00000038   Code   RO         3838    i.HAL_UART_Transmit_IT  stm32f4xx_hal_uart.o
    0x080039e0   0x080039e0   0x00000002   Code   RO         3839    i.HAL_UART_TxCpltCallback  stm32f4xx_hal_uart.o
    0x080039e2   0x080039e2   0x00000004   Code   RO          584    i.HardFault_Handler  stm32f4xx_it.o
    0x080039e6   0x080039e6   0x00000002   PAD
    0x080039e8   0x080039e8   0x000000b0   Code   RO          217    i.Joystick_Reception  main.o
    0x08003a98   0x08003a98   0x00000054   Code   RO          218    i.KMPHtoRPS         main.o
    0x08003aec   0x08003aec   0x0000006c   Code   RO          222    i.MX_CAN1_Init      main.o
    0x08003b58   0x08003b58   0x00000070   Code   RO          223    i.MX_CAN2_Init      main.o
    0x08003bc8   0x08003bc8   0x00000138   Code   RO          224    i.MX_GPIO_Init      main.o
    0x08003d00   0x08003d00   0x0000003c   Code   RO          225    i.MX_I2C3_Init      main.o
    0x08003d3c   0x08003d3c   0x00000034   Code   RO          226    i.MX_TIM14_Init     main.o
    0x08003d70   0x08003d70   0x00000038   Code   RO          227    i.MX_UART4_Init     main.o
    0x08003da8   0x08003da8   0x00000038   Code   RO          228    i.MX_UART5_Init     main.o
    0x08003de0   0x08003de0   0x00000004   Code   RO          585    i.MemManage_Handler  stm32f4xx_it.o
    0x08003de4   0x08003de4   0x00000004   Code   RO          586    i.NMI_Handler       stm32f4xx_it.o
    0x08003de8   0x08003de8   0x0000058c   Code   RO          232    i.New_Drive_Controls  main.o
    0x08004374   0x08004374   0x000000d0   Code   RO          233    i.New_Sensor_Pos    main.o
    0x08004444   0x08004444   0x00000158   Code   RO          234    i.Operations_Monitor  main.o
    0x0800459c   0x0800459c   0x00000002   Code   RO          587    i.PendSV_Handler    stm32f4xx_it.o
    0x0800459e   0x0800459e   0x00000002   PAD
    0x080045a0   0x080045a0   0x00000034   Code   RO          238    i.Reboot            main.o
    0x080045d4   0x080045d4   0x00000198   Code   RO          240    i.Right_Verticality_PID  main.o
    0x0800476c   0x0800476c   0x00000002   Code   RO          588    i.SVC_Handler       stm32f4xx_it.o
    0x0800476e   0x0800476e   0x0000003a   Code   RO          242    i.Set_Motor_Torque  main.o
    0x080047a8   0x080047a8   0x0000003a   Code   RO          243    i.Set_Motor_Velocity  main.o
    0x080047e2   0x080047e2   0x00000002   PAD
    0x080047e4   0x080047e4   0x00000094   Code   RO          244    i.Shearing_Motors   main.o
    0x08004878   0x08004878   0x00001398   Code   RO          246    i.Steering_Controls  main.o
    0x08005c10   0x08005c10   0x00000008   Code   RO          589    i.SysTick_Handler   stm32f4xx_it.o
    0x08005c18   0x08005c18   0x000000bc   Code   RO          248    i.SystemClock_Config  main.o
    0x08005cd4   0x08005cd4   0x00000014   Code   RO         4172    i.SystemInit        system_stm32f4xx.o
    0x08005ce8   0x08005ce8   0x0000006c   Code   RO          590    i.TIM8_TRG_COM_TIM14_IRQHandler  stm32f4xx_it.o
    0x08005d54   0x08005d54   0x000000e8   Code   RO         2909    i.TIM_Base_SetConfig  stm32f4xx_hal_tim.o
    0x08005e3c   0x08005e3c   0x000000f8   Code   RO          251    i.Transmit_Motor_Torque  main.o
    0x08005f34   0x08005f34   0x00000010   Code   RO          591    i.UART4_IRQHandler  stm32f4xx_it.o
    0x08005f44   0x08005f44   0x00000010   Code   RO          592    i.UART5_IRQHandler  stm32f4xx_it.o
    0x08005f54   0x08005f54   0x00000014   Code   RO         3841    i.UART_DMAAbortOnError  stm32f4xx_hal_uart.o
    0x08005f68   0x08005f68   0x0000006c   Code   RO         3851    i.UART_EndRxTransfer  stm32f4xx_hal_uart.o
    0x08005fd4   0x08005fd4   0x00000020   Code   RO         3852    i.UART_EndTransmit_IT  stm32f4xx_hal_uart.o
    0x08005ff4   0x08005ff4   0x000000fc   Code   RO         3854    i.UART_Receive_IT   stm32f4xx_hal_uart.o
    0x080060f0   0x080060f0   0x0000022c   Code   RO         3855    i.UART_SetConfig    stm32f4xx_hal_uart.o
    0x0800631c   0x0800631c   0x00000040   Code   RO         3857    i.UART_Start_Receive_IT  stm32f4xx_hal_uart.o
    0x0800635c   0x0800635c   0x00000060   Code   RO         3858    i.UART_Transmit_IT  stm32f4xx_hal_uart.o
    0x080063bc   0x080063bc   0x0000003c   Code   RO          252    i.Update_Array      main.o
    0x080063f8   0x080063f8   0x00000004   Code   RO          593    i.UsageFault_Handler  stm32f4xx_it.o
    0x080063fc   0x080063fc   0x00000298   Code   RO          253    i.Wheel_Speeds_Calc  main.o
    0x08006694   0x08006694   0x00000030   Code   RO         4350    i.__ARM_fpclassify  m_wm.l(fpclassify.o)
    0x080066c4   0x080066c4   0x00000010   Code   RO         1922    i.__NVIC_GetPriorityGrouping  stm32f4xx_hal_cortex.o
    0x080066d4   0x080066d4   0x00000028   Code   RO         1923    i.__NVIC_SetPriority  stm32f4xx_hal_cortex.o
    0x080066fc   0x080066fc   0x00000004   PAD
    0x08006700   0x08006700   0x000002d8   Code   RO         4251    i.__hardfp_atan     m_wm.l(atan.o)
    0x080069d8   0x080069d8   0x00000014   Code   RO         4265    i.__hardfp_fabs     m_wm.l(fabs.o)
    0x080069ec   0x080069ec   0x00000004   PAD
    0x080069f0   0x080069f0   0x000000c8   Code   RO         4285    i.__hardfp_sin      m_wm.l(sin.o)
    0x08006ab8   0x08006ab8   0x00000080   Code   RO         4297    i.__hardfp_tan      m_wm.l(tan.o)
    0x08006b38   0x08006b38   0x00000438   Code   RO         4355    i.__ieee754_rem_pio2  m_wm.l(rred.o)
    0x08006f70   0x08006f70   0x00000170   Code   RO         4333    i.__kernel_cos      m_wm.l(cos_i.o)
    0x080070e0   0x080070e0   0x000000f8   Code   RO         4352    i.__kernel_poly     m_wm.l(poly.o)
    0x080071d8   0x080071d8   0x00000130   Code   RO         4360    i.__kernel_sin      m_wm.l(sin_i.o)
    0x08007308   0x08007308   0x00000350   Code   RO         4366    i.__kernel_tan      m_wm.l(tan_i.o)
    0x08007658   0x08007658   0x00000014   Code   RO         4337    i.__mathlib_dbl_infnan  m_wm.l(dunder.o)
    0x0800766c   0x0800766c   0x00000004   PAD
    0x08007670   0x08007670   0x00000020   Code   RO         4339    i.__mathlib_dbl_invalid  m_wm.l(dunder.o)
    0x08007690   0x08007690   0x00000020   Code   RO         4342    i.__mathlib_dbl_underflow  m_wm.l(dunder.o)
    0x080076b0   0x080076b0   0x00000018   Code   RO         4267    i.fabs              m_wm.l(fabs.o)
    0x080076c8   0x080076c8   0x00000148   Code   RO          254    i.main              main.o
    0x08007810   0x08007810   0x00000018   Code   RO         4320    x$fpl$basic         fz_wm.l(basic.o)
    0x08007828   0x08007828   0x00000062   Code   RO         4219    x$fpl$d2f           fz_wm.l(d2f.o)
    0x0800788a   0x0800788a   0x00000002   PAD
    0x0800788c   0x0800788c   0x00000150   Code   RO         4221    x$fpl$dadd          fz_wm.l(daddsub_clz.o)
    0x080079dc   0x080079dc   0x00000018   Code   RO         4322    x$fpl$dcmpinf       fz_wm.l(dcmpi.o)
    0x080079f4   0x080079f4   0x000002b0   Code   RO         4228    x$fpl$ddiv          fz_wm.l(ddiv.o)
    0x08007ca4   0x08007ca4   0x00000078   Code   RO         4231    x$fpl$deqf          fz_wm.l(deqf.o)
    0x08007d1c   0x08007d1c   0x0000005e   Code   RO         4233    x$fpl$dfix          fz_wm.l(dfix.o)
    0x08007d7a   0x08007d7a   0x0000002e   Code   RO         4238    x$fpl$dflt          fz_wm.l(dflt_clz.o)
    0x08007da8   0x08007da8   0x00000026   Code   RO         4237    x$fpl$dfltu         fz_wm.l(dflt_clz.o)
    0x08007dce   0x08007dce   0x00000002   PAD
    0x08007dd0   0x08007dd0   0x00000078   Code   RO         4243    x$fpl$dleqf         fz_wm.l(dleqf.o)
    0x08007e48   0x08007e48   0x00000154   Code   RO         4245    x$fpl$dmul          fz_wm.l(dmul.o)
    0x08007f9c   0x08007f9c   0x0000009c   Code   RO         4324    x$fpl$dnaninf       fz_wm.l(dnaninf.o)
    0x08008038   0x08008038   0x0000000c   Code   RO         4326    x$fpl$dretinf       fz_wm.l(dretinf.o)
    0x08008044   0x08008044   0x0000006c   Code   RO         4247    x$fpl$drleqf        fz_wm.l(drleqf.o)
    0x080080b0   0x080080b0   0x00000016   Code   RO         4222    x$fpl$drsb          fz_wm.l(daddsub_clz.o)
    0x080080c6   0x080080c6   0x00000002   PAD
    0x080080c8   0x080080c8   0x000001d4   Code   RO         4223    x$fpl$dsub          fz_wm.l(daddsub_clz.o)
    0x0800829c   0x0800829c   0x00000056   Code   RO         4249    x$fpl$f2d           fz_wm.l(f2d.o)
    0x080082f2   0x080082f2   0x0000008c   Code   RO         4328    x$fpl$fnaninf       fz_wm.l(fnaninf.o)
    0x0800837e   0x0800837e   0x0000000a   Code   RO         4479    x$fpl$fpinit        fz_wm.l(fpinit.o)
    0x08008388   0x08008388   0x0000000a   Code   RO         4330    x$fpl$fretinf       fz_wm.l(fretinf.o)
    0x08008392   0x08008392   0x00000000   Code   RO         4332    x$fpl$usenofp       fz_wm.l(usenofp.o)
    0x08008392   0x08008392   0x00000018   Data   RO         4173    .constdata          system_stm32f4xx.o
    0x080083aa   0x080083aa   0x00000006   PAD
    0x080083b0   0x080083b0   0x00000098   Data   RO         4254    .constdata          m_wm.l(atan.o)
    0x08008448   0x08008448   0x00000030   Data   RO         4334    .constdata          m_wm.l(cos_i.o)
    0x08008478   0x08008478   0x000000c8   Data   RO         4357    .constdata          m_wm.l(rred.o)
    0x08008540   0x08008540   0x00000028   Data   RO         4361    .constdata          m_wm.l(sin_i.o)
    0x08008568   0x08008568   0x00000060   Data   RO         4367    .constdata          m_wm.l(tan_i.o)
    0x080085c8   0x080085c8   0x00000020   Data   RO         4537    Region$$Table       anon$$obj.o


    Execution Region RW_IRAM1 (Exec base: 0x20000000, Load base: 0x080085e8, Size: 0x00001060, Max: 0x00020000, ABSOLUTE, COMPRESSED[0x000000cc])

    Exec Addr    Load Addr    Size         Type   Attr      Idx    E Section Name        Object

    0x20000000   COMPRESSED   0x000004cc   Data   RW          256    .data               main.o
    0x200004cc   COMPRESSED   0x00000004   Data   RW          594    .data               stm32f4xx_it.o
    0x200004d0   COMPRESSED   0x00000004   Data   RW          708    .data               stm32f4xx_hal_msp.o
    0x200004d4   COMPRESSED   0x00000009   Data   RW         2076    .data               stm32f4xx_hal.o
    0x200004dd   COMPRESSED   0x00000003   PAD
    0x200004e0   COMPRESSED   0x00000004   Data   RW         4174    .data               system_stm32f4xx.o
    0x200004e4        -       0x00000518   Zero   RW          255    .bss                main.o
    0x200009fc        -       0x00000060   Zero   RW         4395    .bss                c_w.l(libspace.o)
    0x20000a5c   COMPRESSED   0x00000004   PAD
    0x20000a60        -       0x00000200   Zero   RW            2    HEAP                startup_stm32f446xx.o
    0x20000c60        -       0x00000400   Zero   RW            1    STACK               startup_stm32f446xx.o


==============================================================================

Image component sizes


      Code (inc. data)   RO Data    RW Data    ZI Data      Debug   Object Name

         0          0          0          0          0     730160   eeprom.o
     15032       1544          0       1228       1304      45081   main.o
        64         26        452          0       1536        828   startup_stm32f446xx.o
       212         36          0          9          0       9117   stm32f4xx_hal.o
      2146          6          0          0          0      13455   stm32f4xx_hal_can.o
       312         22          0          0          0      34211   stm32f4xx_hal_cortex.o
       212          0          0          0          0       1903   stm32f4xx_hal_dma.o
       512         40          0          0          0       2707   stm32f4xx_hal_gpio.o
       464         18          0          0          0       2111   stm32f4xx_hal_i2c.o
      1076         82          0          4          0       4252   stm32f4xx_hal_msp.o
       140         12          0          0          0       1244   stm32f4xx_hal_pwr_ex.o
       464         46          0          0          0       3202   stm32f4xx_hal_rcc.o
      1536         40          0          0          0       2762   stm32f4xx_hal_rcc_ex.o
       708         46          0          0          0       5739   stm32f4xx_hal_tim.o
         4          0          0          0          0       1545   stm32f4xx_hal_tim_ex.o
      2096         14          0          0          0      11007   stm32f4xx_hal_uart.o
       238         60          0          4          0       7710   stm32f4xx_it.o
        20          6         24          4          0       1079   system_stm32f4xx.o

    ----------------------------------------------------------------------
     25264       2002        514       1252       2840     878113   Object Totals
         0          0         32          0          0          0   (incl. Generated)
        28          4          6          3          0          0   (incl. Padding)

    ----------------------------------------------------------------------

      Code (inc. data)   RO Data    RW Data    ZI Data      Debug   Library Member Name

        90          0          0          0          0          0   __dczerorl2.o
         8          0          0          0          0         68   __main.o
         0          0          0          0          0          0   __rtentry.o
        12          0          0          0          0          0   __rtentry2.o
         6          0          0          0          0          0   __rtentry4.o
        52          8          0          0          0          0   __scatter.o
        28          0          0          0          0          0   __scatter_zi.o
        22          0          0          0          0        100   _rserrno.o
        18          0          0          0          0         80   exit.o
         6          0          0          0          0        152   heapauxi.o
         0          0          0          0          0          0   indicate_semi.o
         2          0          0          0          0          0   libinit.o
         6          0          0          0          0          0   libinit2.o
         2          0          0          0          0          0   libshutdown.o
         2          0          0          0          0          0   libshutdown2.o
         8          4          0          0         96         68   libspace.o
       238          0          0          0          0        100   lludivv7m.o
         8          4          0          0          0         68   rt_errno_addr_intlibspace.o
        78          0          0          0          0         80   rt_memclr_w.o
       138          0          0          0          0         68   rt_memcpy_v6.o
       100          0          0          0          0         80   rt_memcpy_w.o
         2          0          0          0          0          0   rtexit.o
        10          0          0          0          0          0   rtexit2.o
        12          4          0          0          0         68   sys_exit.o
        74          0          0          0          0         80   sys_stackheap_outer.o
         2          0          0          0          0         68   use_no_semi.o
        24          0          0          0          0        164   basic.o
        98          4          0          0          0        140   d2f.o
       826         16          0          0          0        492   daddsub_clz.o
        24          0          0          0          0        116   dcmpi.o
       688        140          0          0          0        256   ddiv.o
       120          4          0          0          0        140   deqf.o
        94          4          0          0          0        140   dfix.o
        84          0          0          0          0        232   dflt_clz.o
       120          4          0          0          0        140   dleqf.o
       340         12          0          0          0        152   dmul.o
       156          4          0          0          0        140   dnaninf.o
        12          0          0          0          0        116   dretinf.o
       108          0          0          0          0        128   drleqf.o
        86          4          0          0          0        132   f2d.o
       140          4          0          0          0        132   fnaninf.o
        10          0          0          0          0        116   fpinit.o
        10          0          0          0          0        116   fretinf.o
         0          0          0          0          0          0   usenofp.o
       728        106        152          0          0        228   atan.o
       368         46         48          0          0        200   cos_i.o
        84         16          0          0          0        372   dunder.o
        44          0          0          0          0        248   fabs.o
        48          0          0          0          0        124   fpclassify.o
       248          0          0          0          0        152   poly.o
      1080        142        200          0          0        188   rred.o
       200         20          0          0          0        164   sin.o
       304         24         40          0          0        208   sin_i.o
       128         20          0          0          0        144   tan.o
       848         84         96          0          0        196   tan_i.o

    ----------------------------------------------------------------------
      7966        674        536          0        100       6156   Library Totals
        22          0          0          0          4          0   (incl. Padding)

    ----------------------------------------------------------------------

      Code (inc. data)   RO Data    RW Data    ZI Data      Debug   Library Name

       924         20          0          0         96       1080   c_w.l
      2940        196          0          0          0       2852   fz_wm.l
      4080        458        536          0          0       2224   m_wm.l

    ----------------------------------------------------------------------
      7966        674        536          0        100       6156   Library Totals

    ----------------------------------------------------------------------

==============================================================================


      Code (inc. data)   RO Data    RW Data    ZI Data      Debug   

     33230       2676       1050       1252       2940     869001   Grand Totals
     33230       2676       1050        204       2940     869001   ELF Image Totals (compressed)
     33230       2676       1050        204          0          0   ROM Totals

==============================================================================

    Total RO  Size (Code + RO Data)                34280 (  33.48kB)
    Total RW  Size (RW Data + ZI Data)              4192 (   4.09kB)
    Total ROM Size (Code + RO Data + RW Data)      34484 (  33.68kB)

==============================================================================

