<html>
<body>
<pre>
<h1>µVision Build Log</h1>
<h2>Tool Versions:</h2>
IDE-Version: µVision V5.35.0.0
Copyright (C) 2021 ARM Ltd and ARM Germany GmbH. All rights reserved.
License Information: R S, s, LIC=1WSKC-7MWFR-8Y6VV-PNXXM-TV5YW-TS12X
 
Tool Versions:
Toolchain:       MDK-ARM Professional  Version: 5.35.0.2
Toolchain Path:  C:\Keil_v5\ARM\ARMCC\Bin
C Compiler:      Armcc.exe V5.06 update 7 (build 960)
Assembler:       Armasm.exe V5.06 update 7 (build 960)
Linker/Locator:  ArmLink.exe V5.06 update 7 (build 960)
Library Manager: ArmAr.exe V5.06 update 7 (build 960)
Hex Converter:   FromElf.exe V5.06 update 7 (build 960)
CPU DLL:         SARMCM3.DLL V5.35.0.2
Dialog DLL:      DCM.DLL V1.17.3.0
Target DLL:      STLink\ST-LINKIII-KEIL_SWO.dll V3.0.9.0
Dialog DLL:      TCM.DLL V1.53.0.0
 
<h2>Project:</h2>
E:\C1E_CURRENT_FILE\MDK-ARM\C1D_Main_MCU_RTOS.uvprojx
Project File Date:  10/11/2024

<h2>Output:</h2>
*** Using Compiler 'V5.06 update 7 (build 960)', folder: 'C:\Keil_v5\ARM\ARMCC\Bin'
Build target 'C1D_Main_MCU_RTOS'
compiling main.c...
../Core/Src/main.c(1205): warning:  #223-D: function "EEPROM_Read" declared implicitly
  	EEPROM_Read(50, 0, (uint8_t *)Read_Value, sizeof(Read_Value));
../Core/Src/main.c(2673): warning:  #223-D: function "EEPROM_Write" declared implicitly
  		EEPROM_Write(50, 0, (uint8_t *)Write_Value, sizeof(Write_Value)); //HAL_Delay(10);
../Core/Src/main.c(2896): warning:  #1035-D: single-precision operand implicitly converted to double-precision
  				Pitch_Compensation_mm = fabs(Shear_Height_Diff * 0.435) ;
../Core/Src/main.c(2901): warning:  #1035-D: single-precision operand implicitly converted to double-precision
  				Pitch_Target = ((L_Arm_Travel + Pitch_Compensation_mm) / 3.32) * 0.81 ;
../Core/Src/main.c(3070): warning:  #1035-D: single-precision operand implicitly converted to double-precision
  			Arm_Angle = (FL_Angle /3.2) -1 ;//3.2
../Core/Src/main.c(3073): warning:  #1035-D: single-precision operand implicitly converted to double-precision
  			Pitch_Arm_Pos = Tri_Arm_Pos * 0.6082 ;
../Core/Src/main.c: 6 warnings, 0 errors
linking...
Program Size: Code=33230 RO-data=1050 RW-data=1252 ZI-data=2940  
FromELF: creating hex file...
"C1D_Main_MCU_RTOS\C1D_Main_MCU_RTOS.axf" - 0 Error(s), 6 Warning(s).

<h2>Software Packages used:</h2>

Package Vendor: ARM
                http://www.keil.com/pack/ARM.CMSIS.5.9.0.pack
                ARM.CMSIS.5.9.0
                CMSIS (Common Microcontroller Software Interface Standard)
   * Component: CORE Version: 5.6.0

Package Vendor: Keil
                http://www.keil.com/pack/Keil.STM32F4xx_DFP.2.16.0.pack
                Keil.STM32F4xx_DFP.2.16.0
                STMicroelectronics STM32F4 Series Device Support, Drivers and Examples

<h2>Collection of Component include folders:</h2>
  .\RTE\_C1D_Main_MCU_RTOS
  C:\Users\Firmware LAP\AppData\Local\Arm\Packs\ARM\CMSIS\5.9.0\CMSIS\Core\Include
  C:\Users\Firmware LAP\AppData\Local\Arm\Packs\Keil\STM32F4xx_DFP\2.16.0\Drivers\CMSIS\Device\ST\STM32F4xx\Include

<h2>Collection of Component Files used:</h2>

   * Component: ARM::CMSIS:CORE:5.6.0
      Include file:  CMSIS\Core\Include\tz_context.h
Build Time Elapsed:  00:00:06
</pre>
</body>
</html>
